Archive member included to satisfy reference by file (symbol)

c:/mounriver/mounriver_studio/toolchain/risc-v embedded gcc/bin/../lib/gcc/riscv-none-embed/8.2.0/../../../../riscv-none-embed/lib/rv32imac/ilp32\libm.a(lib_a-s_tan.o)
                              ./user_c/control.o (tan)
c:/mounriver/mounriver_studio/toolchain/risc-v embedded gcc/bin/../lib/gcc/riscv-none-embed/8.2.0/../../../../riscv-none-embed/lib/rv32imac/ilp32\libm.a(lib_a-w_exp.o)
                              ./user_c/pid.o (exp)
c:/mounriver/mounriver_studio/toolchain/risc-v embedded gcc/bin/../lib/gcc/riscv-none-embed/8.2.0/../../../../riscv-none-embed/lib/rv32imac/ilp32\libm.a(lib_a-e_exp.o)
                              c:/mounriver/mounriver_studio/toolchain/risc-v embedded gcc/bin/../lib/gcc/riscv-none-embed/8.2.0/../../../../riscv-none-embed/lib/rv32imac/ilp32\libm.a(lib_a-w_exp.o) (__ieee754_exp)
c:/mounriver/mounriver_studio/toolchain/risc-v embedded gcc/bin/../lib/gcc/riscv-none-embed/8.2.0/../../../../riscv-none-embed/lib/rv32imac/ilp32\libm.a(lib_a-e_rem_pio2.o)
                              c:/mounriver/mounriver_studio/toolchain/risc-v embedded gcc/bin/../lib/gcc/riscv-none-embed/8.2.0/../../../../riscv-none-embed/lib/rv32imac/ilp32\libm.a(lib_a-s_tan.o) (__ieee754_rem_pio2)
c:/mounriver/mounriver_studio/toolchain/risc-v embedded gcc/bin/../lib/gcc/riscv-none-embed/8.2.0/../../../../riscv-none-embed/lib/rv32imac/ilp32\libm.a(lib_a-k_rem_pio2.o)
                              c:/mounriver/mounriver_studio/toolchain/risc-v embedded gcc/bin/../lib/gcc/riscv-none-embed/8.2.0/../../../../riscv-none-embed/lib/rv32imac/ilp32\libm.a(lib_a-e_rem_pio2.o) (__kernel_rem_pio2)
c:/mounriver/mounriver_studio/toolchain/risc-v embedded gcc/bin/../lib/gcc/riscv-none-embed/8.2.0/../../../../riscv-none-embed/lib/rv32imac/ilp32\libm.a(lib_a-k_tan.o)
                              c:/mounriver/mounriver_studio/toolchain/risc-v embedded gcc/bin/../lib/gcc/riscv-none-embed/8.2.0/../../../../riscv-none-embed/lib/rv32imac/ilp32\libm.a(lib_a-s_tan.o) (__kernel_tan)
c:/mounriver/mounriver_studio/toolchain/risc-v embedded gcc/bin/../lib/gcc/riscv-none-embed/8.2.0/../../../../riscv-none-embed/lib/rv32imac/ilp32\libm.a(lib_a-s_fabs.o)
                              c:/mounriver/mounriver_studio/toolchain/risc-v embedded gcc/bin/../lib/gcc/riscv-none-embed/8.2.0/../../../../riscv-none-embed/lib/rv32imac/ilp32\libm.a(lib_a-e_rem_pio2.o) (fabs)
c:/mounriver/mounriver_studio/toolchain/risc-v embedded gcc/bin/../lib/gcc/riscv-none-embed/8.2.0/../../../../riscv-none-embed/lib/rv32imac/ilp32\libm.a(lib_a-s_finite.o)
                              c:/mounriver/mounriver_studio/toolchain/risc-v embedded gcc/bin/../lib/gcc/riscv-none-embed/8.2.0/../../../../riscv-none-embed/lib/rv32imac/ilp32\libm.a(lib_a-w_exp.o) (finite)
c:/mounriver/mounriver_studio/toolchain/risc-v embedded gcc/bin/../lib/gcc/riscv-none-embed/8.2.0/../../../../riscv-none-embed/lib/rv32imac/ilp32\libm.a(lib_a-s_floor.o)
                              c:/mounriver/mounriver_studio/toolchain/risc-v embedded gcc/bin/../lib/gcc/riscv-none-embed/8.2.0/../../../../riscv-none-embed/lib/rv32imac/ilp32\libm.a(lib_a-k_rem_pio2.o) (floor)
c:/mounriver/mounriver_studio/toolchain/risc-v embedded gcc/bin/../lib/gcc/riscv-none-embed/8.2.0/../../../../riscv-none-embed/lib/rv32imac/ilp32\libm.a(lib_a-s_lib_ver.o)
                              c:/mounriver/mounriver_studio/toolchain/risc-v embedded gcc/bin/../lib/gcc/riscv-none-embed/8.2.0/../../../../riscv-none-embed/lib/rv32imac/ilp32\libm.a(lib_a-w_exp.o) (__fdlib_version)
c:/mounriver/mounriver_studio/toolchain/risc-v embedded gcc/bin/../lib/gcc/riscv-none-embed/8.2.0/../../../../riscv-none-embed/lib/rv32imac/ilp32\libm.a(lib_a-s_matherr.o)
                              c:/mounriver/mounriver_studio/toolchain/risc-v embedded gcc/bin/../lib/gcc/riscv-none-embed/8.2.0/../../../../riscv-none-embed/lib/rv32imac/ilp32\libm.a(lib_a-w_exp.o) (matherr)
c:/mounriver/mounriver_studio/toolchain/risc-v embedded gcc/bin/../lib/gcc/riscv-none-embed/8.2.0/../../../../riscv-none-embed/lib/rv32imac/ilp32\libm.a(lib_a-s_scalbn.o)
                              c:/mounriver/mounriver_studio/toolchain/risc-v embedded gcc/bin/../lib/gcc/riscv-none-embed/8.2.0/../../../../riscv-none-embed/lib/rv32imac/ilp32\libm.a(lib_a-k_rem_pio2.o) (scalbn)
c:/mounriver/mounriver_studio/toolchain/risc-v embedded gcc/bin/../lib/gcc/riscv-none-embed/8.2.0/../../../../riscv-none-embed/lib/rv32imac/ilp32\libm.a(lib_a-s_copysign.o)
                              c:/mounriver/mounriver_studio/toolchain/risc-v embedded gcc/bin/../lib/gcc/riscv-none-embed/8.2.0/../../../../riscv-none-embed/lib/rv32imac/ilp32\libm.a(lib_a-s_scalbn.o) (copysign)
c:/mounriver/mounriver_studio/toolchain/risc-v embedded gcc/bin/../lib/gcc/riscv-none-embed/8.2.0/rv32imac/ilp32\libgcc.a(_udivdi3.o)
                              ./zf_driver/zf_driver_delay.o (__udivdi3)
[...]
Memory Configuration

Name             Origin             Length             Attributes
RAM              0x0000000020000000 0x0000000000020000 xrw
FLASH            0x0000000000000000 0x000000000002f000 xr
*default*        0x0000000000000000 0xffffffffffffffff

Linker script and memory map

LOAD ./zf_driver/zf_driver_adc.o
LOAD ./zf_driver/zf_driver_delay.o
LOAD ./zf_driver/zf_driver_dvp.o
LOAD ./zf_driver/zf_driver_encoder.o
LOAD ./zf_driver/zf_driver_flash.o
LOAD ./zf_driver/zf_driver_gpio.o
LOAD ./zf_driver/zf_driver_irq.o
LOAD ./zf_driver/zf_driver_pit.o
LOAD ./zf_driver/zf_driver_pwm.o
LOAD ./zf_driver/zf_driver_soft_iic.o
LOAD ./zf_driver/zf_driver_spi.o
LOAD ./zf_driver/zf_driver_timer.o
LOAD ./zf_driver/zf_driver_uart.o
LOAD ./zf_driver/zf_driver_usb_cdc.o
LOAD ./zf_device/zf_device_absolute_encoder.o
LOAD ./zf_device/zf_device_bluetooth_ch9141.o
LOAD ./zf_device/zf_device_bluetooth_ch9141_ch2.o
LOAD ./zf_device/zf_device_camera.o
LOAD ./zf_device/zf_device_icm20602.o
LOAD ./zf_device/zf_device_ips114.o
LOAD ./zf_device/zf_device_ips200_parallel8.o
LOAD ./zf_device/zf_device_mpu6050.o
LOAD ./zf_device/zf_device_mt9v03x_dvp.o
LOAD ./zf_device/zf_device_oled.o
LOAD ./zf_device/zf_device_scc8660_dvp.o
LOAD ./zf_device/zf_device_tft180.o
LOAD ./zf_device/zf_device_type.o
LOAD ./zf_device/zf_device_wireless_uart.o
LOAD ./zf_common/zf_common_clock.o
LOAD ./zf_common/zf_common_debug.o
LOAD ./zf_common/zf_common_fifo.o
LOAD ./zf_common/zf_common_font.o
LOAD ./zf_common/zf_common_function.o
LOAD ./zf_common/zf_common_interrupt.o
LOAD ./user_c/cam.o
LOAD ./user_c/control.o
LOAD ./user_c/display.o
LOAD ./user_c/elc.o
LOAD ./user_c/element.o
LOAD ./user_c/image_deal.o
LOAD ./user_c/isr.o
LOAD ./user_c/main.o
LOAD ./user_c/pid.o
LOAD ./sdk/Startup/startup_ch32v30x.o
LOAD ./sdk/Startup/system_ch32v30x.o
LOAD ./sdk/Peripheral/ch32v30x_adc.o
LOAD ./sdk/Peripheral/ch32v30x_bkp.o
LOAD ./sdk/Peripheral/ch32v30x_can.o
LOAD ./sdk/Peripheral/ch32v30x_crc.o
LOAD ./sdk/Peripheral/ch32v30x_dac.o
LOAD ./sdk/Peripheral/ch32v30x_dbgmcu.o
LOAD ./sdk/Peripheral/ch32v30x_dma.o
LOAD ./sdk/Peripheral/ch32v30x_dvp.o
LOAD ./sdk/Peripheral/ch32v30x_eth.o
LOAD ./sdk/Peripheral/ch32v30x_exti.o
LOAD ./sdk/Peripheral/ch32v30x_flash.o
LOAD ./sdk/Peripheral/ch32v30x_fsmc.o
LOAD ./sdk/Peripheral/ch32v30x_gpio.o
LOAD ./sdk/Peripheral/ch32v30x_i2c.o
LOAD ./sdk/Peripheral/ch32v30x_iwdg.o
LOAD ./sdk/Peripheral/ch32v30x_misc.o
LOAD ./sdk/Peripheral/ch32v30x_opa.o
LOAD ./sdk/Peripheral/ch32v30x_pwr.o
LOAD ./sdk/Peripheral/ch32v30x_rcc.o
LOAD ./sdk/Peripheral/ch32v30x_rng.o
LOAD ./sdk/Peripheral/ch32v30x_rtc.o
LOAD ./sdk/Peripheral/ch32v30x_sdio.o
LOAD ./sdk/Peripheral/ch32v30x_spi.o
LOAD ./sdk/Peripheral/ch32v30x_tim.o
LOAD ./sdk/Peripheral/ch32v30x_usart.o
LOAD ./sdk/Peripheral/ch32v30x_usbotg_device.o
LOAD ./sdk/Peripheral/ch32v30x_wwdg.o
LOAD ./sdk/Core/core_riscv.o
LOAD ./code/ANO_DT.o
LOAD ./code/All_Init.o
LOAD ./code/Device.o
LOAD ./code/Filter.o
LOAD ./code/My_Flash.o
LOAD c:/mounriver/mounriver_studio/toolchain/risc-v embedded gcc/bin/../lib/gcc/riscv-none-embed/8.2.0/../../../../riscv-none-embed/lib/rv32imac/ilp32\libm.a
LOAD c:/mounriver/mounriver_studio/toolchain/risc-v embedded gcc/bin/../lib/gcc/riscv-none-embed/8.2.0/rv32imac/ilp32\libgcc.a
LOAD c:/mounriver/mounriver_studio/toolchain/risc-v embedded gcc/bin/../lib/gcc/riscv-none-embed/8.2.0/../../../../riscv-none-embed/lib/rv32imac/ilp32\libg_nano.a
LOAD c:/mounriver/mounriver_studio/toolchain/risc-v embedded gcc/bin/../lib/gcc/riscv-none-embed/8.2.0/../../../../riscv-none-embed/lib/rv32imac/ilp32\libc_nano.a
LOAD c:/mounriver/mounriver_studio/toolchain/risc-v embedded gcc/bin/../lib/gcc/riscv-none-embed/8.2.0/rv32imac/ilp32\libgcc.a
START GROUP
LOAD c:/mounriver/mounriver_studio/toolchain/risc-v embedded gcc/bin/../lib/gcc/riscv-none-embed/8.2.0/rv32imac/ilp32\libgcc.a
LOAD c:/mounriver/mounriver_studio/toolchain/risc-v embedded gcc/bin/../lib/gcc/riscv-none-embed/8.2.0/../../../../riscv-none-embed/lib/rv32imac/ilp32\libc_nano.a
LOAD c:/mounriver/mounriver_studio/toolchain/risc-v embedded gcc/bin/../lib/gcc/riscv-none-embed/8.2.0/../../../../riscv-none-embed/lib/rv32imac/ilp32\libnosys.a
END GROUP
START GROUP
LOAD c:/mounriver/mounriver_studio/toolchain/risc-v embedded gcc/bin/../lib/gcc/riscv-none-embed/8.2.0/rv32imac/ilp32\libgcc.a
LOAD c:/mounriver/mounriver_studio/toolchain/risc-v embedded gcc/bin/../lib/gcc/riscv-none-embed/8.2.0/../../../../riscv-none-embed/lib/rv32imac/ilp32\libc_nano.a
LOAD c:/mounriver/mounriver_studio/toolchain/risc-v embedded gcc/bin/../lib/gcc/riscv-none-embed/8.2.0/../../../../riscv-none-embed/lib/rv32imac/ilp32\libnosys.a
END GROUP
                0x0000000000000800                __stack_size = 0x800
                [!provide]                        PROVIDE (_stack_size = __stack_size)

.init           0x0000000000000000       0x38
                0x0000000000000000                _sinit = .
                0x0000000000000000                . = ALIGN (0x4)
 *(SORT_NONE(.init))
 .init          0x0000000000000000       0x38 ./sdk/Startup/startup_ch32v30x.o
                0x0000000000000000                _start
                0x0000000000000038                . = ALIGN (0x4)
                0x0000000000000038                _einit = .

.vector         0x0000000000000038      0x1c8
 *(.vector)
 .vector        0x0000000000000038      0x1a0 ./sdk/Startup/startup_ch32v30x.o
                0x0000000000000200                . = ALIGN (0x40)
 *fill*         0x00000000000001d8       0x28 

.text           0x0000000000000200    0x17964
                0x0000000000000200                . = ALIGN (0x4)
 *(.text)
 .text          0x0000000000000200       0x14 ./zf_driver/zf_driver_irq.o
                0x0000000000000200                dis_interrupt
                0x0000000000000206                en_interrupt
 .text          0x0000000000000214       0xa8 c:/mounriver/mounriver_studio/toolchain/risc-v embedded gcc/bin/../lib/gcc/riscv-none-embed/8.2.0/../../../../riscv-none-embed/lib/rv32imac/ilp32\libg_nano.a(lib_a-memset.o)
                0x0000000000000214                memset
 *(.text.*)
 .text.adc_gpio_init
                0x00000000000002bc       0xc6 ./zf_driver/zf_driver_adc.o
                0x00000000000002bc                adc_gpio_init
 .text.adc_convert
                0x0000000000000382       0x54 ./zf_driver/zf_driver_adc.o
                0x0000000000000382                adc_convert
 .text.adc_init
                0x00000000000003d6       0x92 ./zf_driver/zf_driver_adc.o
                0x00000000000003d6                adc_init
 .text.system_delay
                0x0000000000000468       0x2a ./zf_driver/zf_driver_delay.o
                0x0000000000000468                system_delay
 .text.dvp_gpio_init
                0x0000000000000492       0xcc ./zf_driver/zf_driver_dvp.o
                0x0000000000000492                dvp_gpio_init
 .text.dvp_camera_init
                0x000000000000055e       0xb6 ./zf_driver/zf_driver_dvp.o
                0x000000000000055e                dvp_camera_init
 .text.encoder_get_count
                0x0000000000000614       0x54 ./zf_driver/zf_driver_encoder.o
                0x0000000000000614                encoder_get_count
 .text.encoder_clean_count
                0x0000000000000668       0x12 ./zf_driver/zf_driver_encoder.o
                0x0000000000000668                encoder_clean_count
 .text.encoder_init_dir
                0x000000000000067a      0x16a ./zf_driver/zf_driver_encoder.o
                0x000000000000067a                encoder_init_dir
 .text.gpio_set_level
                0x00000000000007e4       0x24 ./zf_driver/zf_driver_gpio.o
                0x00000000000007e4                gpio_set_level
 .text.gpio_get_level
                0x0000000000000808       0x22 ./zf_driver/zf_driver_gpio.o
                0x0000000000000808                gpio_get_level
 .text.gpio_toggle_level
                0x000000000000082a       0x24 ./zf_driver/zf_driver_gpio.o
                0x000000000000082a                gpio_toggle_level
 .text.gpio_init
                0x000000000000084e      0x10c ./zf_driver/zf_driver_gpio.o
                0x000000000000084e                gpio_init
 .text.pit_init
                0x000000000000095a       0xfe ./zf_driver/zf_driver_pit.o
                0x000000000000095a                pit_init
 .text.pwm_gpio_init
                0x0000000000000a58      0x472 ./zf_driver/zf_driver_pwm.o
                0x0000000000000a58                pwm_gpio_init
 .text.pwm_set_duty
                0x0000000000000eca       0x78 ./zf_driver/zf_driver_pwm.o
                0x0000000000000eca                pwm_set_duty
 .text.pwm_init
                0x0000000000000f42      0x26a ./zf_driver/zf_driver_pwm.o
                0x0000000000000f42                pwm_init
 .text.spi_gpio_init
                0x00000000000011ac      0x1aa ./zf_driver/zf_driver_spi.o
                0x00000000000011ac                spi_gpio_init
 .text.spi_init
                0x0000000000001356      0x20e ./zf_driver/zf_driver_spi.o
                0x0000000000001356                spi_init
 .text.spi_write_8bit
                0x0000000000001564       0x1c ./zf_driver/zf_driver_spi.o
                0x0000000000001564                spi_write_8bit
 .text.spi_write_16bit
                0x0000000000001580       0x32 ./zf_driver/zf_driver_spi.o
                0x0000000000001580                spi_write_16bit
 .text.timer_funciton_check
                0x00000000000015b2       0x1e ./zf_driver/zf_driver_timer.o
                0x00000000000015b2                timer_funciton_check
 .text.timer_clock_enable
                0x00000000000015d0       0x8a ./zf_driver/zf_driver_timer.o
                0x00000000000015d0                timer_clock_enable
 .text.uart_gpio_init
                0x000000000000165a      0x320 ./zf_driver/zf_driver_uart.o
                0x000000000000165a                uart_gpio_init
 .text.uart_write_buffer
                0x000000000000197a       0x30 ./zf_driver/zf_driver_uart.o
                0x000000000000197a                uart_write_buffer
 .text.uart_rx_interrupt
                0x00000000000019aa       0x52 ./zf_driver/zf_driver_uart.o
                0x00000000000019aa                uart_rx_interrupt
 .text.uart_query_byte
                0x00000000000019fc       0x26 ./zf_driver/zf_driver_uart.o
                0x00000000000019fc                uart_query_byte
 .text.uart_init
                0x0000000000001a22      0x204 ./zf_driver/zf_driver_uart.o
                0x0000000000001a22                uart_init
 .text.bluetooth_ch9141_uart_callback_ch1
                0x0000000000001c26       0x90 ./zf_device/zf_device_bluetooth_ch9141.o
                0x0000000000001c26                bluetooth_ch9141_uart_callback_ch1
 .text.bluetooth_ch9141_uart_callback_ch2
                0x0000000000001cb6       0x90 ./zf_device/zf_device_bluetooth_ch9141_ch2.o
                0x0000000000001cb6                bluetooth_ch9141_uart_callback_ch2
 .text.camera_uart_handler
                0x0000000000001d46       0x20 ./zf_device/zf_device_camera.o
                0x0000000000001d46                camera_uart_handler
 .text.camera_dvp_handler
                0x0000000000001d66       0x1a ./zf_device/zf_device_camera.o
                0x0000000000001d66                camera_dvp_handler
 .text.ips114_set_region
                0x0000000000001d80      0x25e ./zf_device/zf_device_ips114.o
 .text.ips114_init
                0x0000000000001fde      0x4fc ./zf_device/zf_device_ips114.o
                0x0000000000001fde                ips114_init
 .text.ips114_clear
                0x00000000000024da       0x44 ./zf_device/zf_device_ips114.o
                0x00000000000024da                ips114_clear
 .text.ips114_draw_point
                0x000000000000251e       0x5e ./zf_device/zf_device_ips114.o
                0x000000000000251e                ips114_draw_point
 .text.ips114_show_char
                0x000000000000257c       0xde ./zf_device/zf_device_ips114.o
                0x000000000000257c                ips114_show_char
 .text.ips114_show_string
                0x000000000000265a       0x70 ./zf_device/zf_device_ips114.o
                0x000000000000265a                ips114_show_string
 .text.ips114_show_int8
                0x00000000000026ca       0xce ./zf_device/zf_device_ips114.o
                0x00000000000026ca                ips114_show_int8
 .text.ips114_show_uint8
                0x0000000000002798       0x9e ./zf_device/zf_device_ips114.o
                0x0000000000002798                ips114_show_uint8
 .text.ips114_show_int16
                0x0000000000002836       0xe8 ./zf_device/zf_device_ips114.o
                0x0000000000002836                ips114_show_int16
 .text.ips114_show_uint16
                0x000000000000291e       0xba ./zf_device/zf_device_ips114.o
                0x000000000000291e                ips114_show_uint16
 .text.ips114_show_int32
                0x00000000000029d8      0x11a ./zf_device/zf_device_ips114.o
                0x00000000000029d8                ips114_show_int32
 .text.ips114_show_float
                0x0000000000002af2      0x1c4 ./zf_device/zf_device_ips114.o
                0x0000000000002af2                ips114_show_float
 .text.ips114_show_gray_image
                0x0000000000002cb6      0x108 ./zf_device/zf_device_ips114.o
                0x0000000000002cb6                ips114_show_gray_image
 .text.ips114_DrawXLine
                0x0000000000002dbe      0x2e4 ./zf_device/zf_device_ips114.o
                0x0000000000002dbe                ips114_DrawXLine
 .text.ips114_show_gray_image_vec
                0x00000000000030a2      0x110 ./zf_device/zf_device_ips114.o
                0x00000000000030a2                ips114_show_gray_image_vec
 .text.mt9v03x_get_config_dvp.constprop.0
                0x00000000000031b2       0xf0 ./zf_device/zf_device_mt9v03x_dvp.o
 .text.mt9v03x_uart_callback_dvp
                0x00000000000032a2       0x64 ./zf_device/zf_device_mt9v03x_dvp.o
                0x00000000000032a2                mt9v03x_uart_callback_dvp
 .text.mt9v03x_handler_dvp
                0x0000000000003306       0x1e ./zf_device/zf_device_mt9v03x_dvp.o
                0x0000000000003306                mt9v03x_handler_dvp
 .text.mt9v03x_init_dvp
                0x0000000000003324      0x212 ./zf_device/zf_device_mt9v03x_dvp.o
                0x0000000000003324                mt9v03x_init_dvp
 .text.scc8660_uart_callback_dvp
                0x0000000000003536       0x64 ./zf_device/zf_device_scc8660_dvp.o
                0x0000000000003536                scc8660_uart_callback_dvp
 .text.scc8660_vsync_dvp
                0x000000000000359a       0x1e ./zf_device/zf_device_scc8660_dvp.o
                0x000000000000359a                scc8660_vsync_dvp
 .text.set_camera_type
                0x00000000000035b8        0x6 ./zf_device/zf_device_type.o
                0x00000000000035b8                set_camera_type
 .text.wireless_uart_callback
                0x00000000000035be       0x26 ./zf_device/zf_device_wireless_uart.o
                0x00000000000035be                wireless_uart_callback
 .text.clock_init
                0x00000000000035e4      0x1de ./zf_common/zf_common_clock.o
                0x00000000000035e4                clock_init
 .text.debug_init
                0x00000000000037c2       0x2e ./zf_common/zf_common_debug.o
                0x00000000000037c2                debug_init
 .text.debug_assert_handler
                0x00000000000037f0       0x2a ./zf_common/zf_common_debug.o
                0x00000000000037f0                debug_assert_handler
 .text._write   0x000000000000381a       0x4e ./zf_common/zf_common_debug.o
                0x000000000000381a                _write
 .text.fifo_write_buffer
                0x0000000000003868       0xba ./zf_common/zf_common_fifo.o
                0x0000000000003868                fifo_write_buffer
 .text.fifo_read_buffer
                0x0000000000003922       0xbc ./zf_common/zf_common_fifo.o
                0x0000000000003922                fifo_read_buffer
 .text.my_delay
                0x00000000000039de       0x20 ./zf_common/zf_common_function.o
                0x00000000000039de                my_delay
 .text.zf_sprintf
                0x00000000000039fe      0x638 ./zf_common/zf_common_function.o
                0x00000000000039fe                zf_sprintf
 .text.interrupt_enable
                0x0000000000004036       0x1a ./zf_common/zf_common_interrupt.o
                0x0000000000004036                interrupt_enable
 .text.interrupt_disable
                0x0000000000004050       0x1a ./zf_common/zf_common_interrupt.o
                0x0000000000004050                interrupt_disable
 .text.interrupt_set_priority
                0x000000000000406a        0xc ./zf_common/zf_common_interrupt.o
                0x000000000000406a                interrupt_set_priority
 .text.interrupt_init
                0x0000000000004076        0x6 ./zf_common/zf_common_interrupt.o
                0x0000000000004076                interrupt_init
 .text.interrupt_enable_all
                0x000000000000407c        0x8 ./zf_common/zf_common_interrupt.o
                0x000000000000407c                interrupt_enable_all
 .text.interrupt_disable_all
                0x0000000000004084       0x10 ./zf_common/zf_common_interrupt.o
                0x0000000000004084                interrupt_disable_all
 .text.ImageProcessingStatusInit
                0x0000000000004094       0xc0 ./user_c/cam.o
                0x0000000000004094                ImageProcessingStatusInit
 .text.GetBorder
                0x0000000000004154       0xb4 ./user_c/cam.o
                0x0000000000004154                GetBorder
 .text.clear_cross_flag
                0x0000000000004208       0x22 ./user_c/cam.o
                0x0000000000004208                clear_cross_flag
 .text.CarSystem_Init
                0x000000000000422a       0x4a ./user_c/control.o
                0x000000000000422a                CarSystem_Init
 .text.AllImageDeal
                0x0000000000004274       0x24 ./user_c/control.o
                0x0000000000004274                AllImageDeal
 .text.DiffSpeedControl
                0x0000000000004298      0x138 ./user_c/control.o
                0x0000000000004298                DiffSpeedControl
 .text.SpeedControl
                0x00000000000043d0      0x17c ./user_c/control.o
                0x00000000000043d0                SpeedControl
 .text.Timer6_IT
                0x000000000000454c       0xda ./user_c/control.o
                0x000000000000454c                Timer6_IT
 .text.Timer7_IT
                0x0000000000004626        0x2 ./user_c/control.o
                0x0000000000004626                Timer7_IT
 .text.CarInfoShow
                0x0000000000004628      0x1d8 ./user_c/control.o
                0x0000000000004628                CarInfoShow
 .text.ImageShowX.constprop.5
                0x0000000000004800      0x12e ./user_c/display.o
 .text.MenuChoose.constprop.6
                0x000000000000492e      0x14a ./user_c/display.o
 .text.ParamsAdjustShort
                0x0000000000004a78      0x104 ./user_c/display.o
                0x0000000000004a78                ParamsAdjustShort
 .text.StateAdjust
                0x0000000000004b7c      0x16e ./user_c/display.o
                0x0000000000004b7c                StateAdjust
 .text.DirAdjust
                0x0000000000004cea      0x182 ./user_c/display.o
                0x0000000000004cea                DirAdjust
 .text.EnumAdjust
                0x0000000000004e6c      0x14e ./user_c/display.o
                0x0000000000004e6c                EnumAdjust
 .text.MenuChoose
                0x0000000000004fba      0x134 ./user_c/display.o
                0x0000000000004fba                MenuChoose
 .text.ImgShowGird
                0x00000000000050ee      0x1f6 ./user_c/display.o
                0x00000000000050ee                ImgShowGird
 .text.ShowRepairLine
                0x00000000000052e4      0x294 ./user_c/display.o
                0x00000000000052e4                ShowRepairLine
 .text.AdjustThreshold
                0x0000000000005578      0x136 ./user_c/display.o
                0x0000000000005578                AdjustThreshold
 .text.CamProcessing
                0x00000000000056ae      0x192 ./user_c/display.o
                0x00000000000056ae                CamProcessing
 .text.BarnShow
                0x0000000000005840      0x5a0 ./user_c/display.o
                0x0000000000005840                BarnShow
 .text.ForkParamsAdjust
                0x0000000000005de0      0x2b2 ./user_c/display.o
                0x0000000000005de0                ForkParamsAdjust
 .text.ForkShow
                0x0000000000006092      0x31e ./user_c/display.o
                0x0000000000006092                ForkShow
 .text.CircleParamsAdjust
                0x00000000000063b0      0x672 ./user_c/display.o
                0x00000000000063b0                CircleParamsAdjust
 .text.CircleShow
                0x0000000000006a22      0x3d0 ./user_c/display.o
                0x0000000000006a22                CircleShow
 .text.CamShow  0x0000000000006df2      0x186 ./user_c/display.o
                0x0000000000006df2                CamShow
 .text.HMIDisplay.part.0
                0x0000000000006f78      0x116 ./user_c/display.o
 .text.HMIFlagCheck
                0x000000000000708e       0x5a ./user_c/display.o
                0x000000000000708e                HMIFlagCheck
 .text.ElcRead  0x00000000000070e8      0x348 ./user_c/elc.o
                0x00000000000070e8                ElcRead
 .text.ElcNormalized
                0x0000000000007430      0x288 ./user_c/elc.o
                0x0000000000007430                ElcNormalized
 .text.ElcCenterCalculate
                0x00000000000076b8      0x104 ./user_c/elc.o
                0x00000000000076b8                ElcCenterCalculate
 .text.ElcShow  0x00000000000077bc      0x1c0 ./user_c/elc.o
                0x00000000000077bc                ElcShow
 .text.init_flag
                0x000000000000797c       0x44 ./user_c/element.o
                0x000000000000797c                init_flag
 .text.judge_fork
                0x00000000000079c0      0x78c ./user_c/element.o
                0x00000000000079c0                judge_fork
 .text.judge_circle_right
                0x000000000000814c      0xe8a ./user_c/element.o
                0x000000000000814c                judge_circle_right
 .text.judge_circle_left
                0x0000000000008fd6      0xeaa ./user_c/element.o
                0x0000000000008fd6                judge_circle_left
 .text.judge_unit
                0x0000000000009e80       0x52 ./user_c/element.o
                0x0000000000009e80                judge_unit
 .text.ImagePerspective_Init
                0x0000000000009ed2      0x1e6 ./user_c/image_deal.o
                0x0000000000009ed2                ImagePerspective_Init
 .text.OSTUThreshold
                0x000000000000a0b8      0x1f6 ./user_c/image_deal.o
                0x000000000000a0b8                OSTUThreshold
 .text.GetSimBinImage
                0x000000000000a2ae       0x66 ./user_c/image_deal.o
                0x000000000000a2ae                GetSimBinImage
 .text.cal_middle_line
                0x000000000000a314      0x18a ./user_c/image_deal.o
                0x000000000000a314                cal_middle_line
 .text.solve_line
                0x000000000000a49e      0x8e4 ./user_c/image_deal.o
                0x000000000000a49e                solve_line
 .text.add_edge
                0x000000000000ad82       0xfc ./user_c/image_deal.o
                0x000000000000ad82                add_edge
 .text.edge_cnt
                0x000000000000ae7e      0x1d0 ./user_c/image_deal.o
                0x000000000000ae7e                edge_cnt
 .text.search_line
                0x000000000000b04e      0xc22 ./user_c/image_deal.o
                0x000000000000b04e                search_line
 .text.USART1_IRQHandler
                0x000000000000bc70       0x32 ./user_c/isr.o
                0x000000000000bc70                USART1_IRQHandler
 .text.USART2_IRQHandler
                0x000000000000bca2       0x42 ./user_c/isr.o
                0x000000000000bca2                USART2_IRQHandler
 .text.USART3_IRQHandler
                0x000000000000bce4       0x32 ./user_c/isr.o
                0x000000000000bce4                USART3_IRQHandler
 .text.UART4_IRQHandler
                0x000000000000bd16       0x32 ./user_c/isr.o
                0x000000000000bd16                UART4_IRQHandler
 .text.UART5_IRQHandler
                0x000000000000bd48       0x26 ./user_c/isr.o
                0x000000000000bd48                UART5_IRQHandler
 .text.UART6_IRQHandler
                0x000000000000bd6e       0x32 ./user_c/isr.o
                0x000000000000bd6e                UART6_IRQHandler
 .text.UART7_IRQHandler
                0x000000000000bda0       0x36 ./user_c/isr.o
                0x000000000000bda0                UART7_IRQHandler
 .text.UART8_IRQHandler
                0x000000000000bdd6       0x22 ./user_c/isr.o
                0x000000000000bdd6                UART8_IRQHandler
 .text.DVP_IRQHandler
                0x000000000000bdf8       0x30 ./user_c/isr.o
                0x000000000000bdf8                DVP_IRQHandler
 .text.EXTI0_IRQHandler
                0x000000000000be28       0x18 ./user_c/isr.o
                0x000000000000be28                EXTI0_IRQHandler
 .text.EXTI1_IRQHandler
                0x000000000000be40       0x1a ./user_c/isr.o
                0x000000000000be40                EXTI1_IRQHandler
 .text.EXTI2_IRQHandler
                0x000000000000be5a       0x1a ./user_c/isr.o
                0x000000000000be5a                EXTI2_IRQHandler
 .text.EXTI3_IRQHandler
                0x000000000000be74       0x1a ./user_c/isr.o
                0x000000000000be74                EXTI3_IRQHandler
 .text.EXTI4_IRQHandler
                0x000000000000be8e       0x1a ./user_c/isr.o
                0x000000000000be8e                EXTI4_IRQHandler
 .text.EXTI9_5_IRQHandler
                0x000000000000bea8       0x7e ./user_c/isr.o
                0x000000000000bea8                EXTI9_5_IRQHandler
 .text.EXTI15_10_IRQHandler
                0x000000000000bf26       0xca ./user_c/isr.o
                0x000000000000bf26                EXTI15_10_IRQHandler
 .text.TIM1_UP_IRQHandler
                0x000000000000bff0       0x2e ./user_c/isr.o
                0x000000000000bff0                TIM1_UP_IRQHandler
 .text.TIM2_IRQHandler
                0x000000000000c01e       0x1e ./user_c/isr.o
                0x000000000000c01e                TIM2_IRQHandler
 .text.TIM3_IRQHandler
                0x000000000000c03c       0x2e ./user_c/isr.o
                0x000000000000c03c                TIM3_IRQHandler
 .text.TIM4_IRQHandler
                0x000000000000c06a       0x2e ./user_c/isr.o
                0x000000000000c06a                TIM4_IRQHandler
 .text.TIM5_IRQHandler
                0x000000000000c098       0x2e ./user_c/isr.o
                0x000000000000c098                TIM5_IRQHandler
 .text.TIM6_IRQHandler
                0x000000000000c0c6       0x22 ./user_c/isr.o
                0x000000000000c0c6                TIM6_IRQHandler
 .text.TIM7_IRQHandler
                0x000000000000c0e8       0x32 ./user_c/isr.o
                0x000000000000c0e8                TIM7_IRQHandler
 .text.TIM8_UP_IRQHandler
                0x000000000000c11a       0x2e ./user_c/isr.o
                0x000000000000c11a                TIM8_UP_IRQHandler
 .text.TIM9_UP_IRQHandler
                0x000000000000c148       0x2e ./user_c/isr.o
                0x000000000000c148                TIM9_UP_IRQHandler
 .text.TIM10_UP_IRQHandler
                0x000000000000c176       0x1e ./user_c/isr.o
                0x000000000000c176                TIM10_UP_IRQHandler
 .text.NMI_Handler
                0x000000000000c194        0x4 ./user_c/isr.o
                0x000000000000c194                NMI_Handler
 .text.HardFault_Handler
                0x000000000000c198        0x2 ./user_c/isr.o
                0x000000000000c198                HardFault_Handler
 .text.main     0x000000000000c19a       0x84 ./user_c/main.o
                0x000000000000c19a                main
 .text.PIDParams_Init
                0x000000000000c21e      0x11c ./user_c/pid.o
                0x000000000000c21e                PIDParams_Init
 .text.SimpleIncremental_PID
                0x000000000000c33a      0x11c ./user_c/pid.o
                0x000000000000c33a                SimpleIncremental_PID
 .text.ServoPosition_PID
                0x000000000000c456      0x14c ./user_c/pid.o
                0x000000000000c456                ServoPosition_PID
 .text.vector_handler
                0x000000000000c5a2       0xbe ./sdk/Startup/startup_ch32v30x.o
                0x000000000000c5a6                Ecall_M_Mode_Handler
                0x000000000000c5a8                Ecall_U_Mode_Handler
                0x000000000000c5aa                Break_Point_Handler
                0x000000000000c5ac                SysTick_Handler
                0x000000000000c5ae                SW_handler
                0x000000000000c5b0                WWDG_IRQHandler
                0x000000000000c5b2                PVD_IRQHandler
                0x000000000000c5b4                TAMPER_IRQHandler
                0x000000000000c5b6                RTC_IRQHandler
                0x000000000000c5b8                FLASH_IRQHandler
                0x000000000000c5ba                RCC_IRQHandler
                0x000000000000c5c6                DMA1_Channel1_IRQHandler
                0x000000000000c5c8                DMA1_Channel2_IRQHandler
                0x000000000000c5ca                DMA1_Channel3_IRQHandler
                0x000000000000c5cc                DMA1_Channel4_IRQHandler
                0x000000000000c5ce                DMA1_Channel5_IRQHandler
                0x000000000000c5d0                DMA1_Channel6_IRQHandler
                0x000000000000c5d2                DMA1_Channel7_IRQHandler
                0x000000000000c5d4                ADC1_2_IRQHandler
                0x000000000000c5d6                USB_HP_CAN1_TX_IRQHandler
                0x000000000000c5d8                USB_LP_CAN1_RX0_IRQHandler
                0x000000000000c5da                CAN1_RX1_IRQHandler
                0x000000000000c5dc                CAN1_SCE_IRQHandler
                0x000000000000c5e0                TIM1_BRK_IRQHandler
                0x000000000000c5e4                TIM1_TRG_COM_IRQHandler
                0x000000000000c5e6                TIM1_CC_IRQHandler
                0x000000000000c5ee                I2C1_EV_IRQHandler
                0x000000000000c5f0                I2C1_ER_IRQHandler
                0x000000000000c5f2                I2C2_EV_IRQHandler
                0x000000000000c5f4                I2C2_ER_IRQHandler
                0x000000000000c5f6                SPI1_IRQHandler
                0x000000000000c5f8                SPI2_IRQHandler
                0x000000000000c602                RTCAlarm_IRQHandler
                0x000000000000c604                USBWakeUp_IRQHandler
                0x000000000000c606                TIM8_BRK_IRQHandler
                0x000000000000c60a                TIM8_TRG_COM_IRQHandler
                0x000000000000c60c                TIM8_CC_IRQHandler
                0x000000000000c60e                RNG_IRQHandler
                0x000000000000c610                FSMC_IRQHandler
                0x000000000000c612                SDIO_IRQHandler
                0x000000000000c616                SPI3_IRQHandler
                0x000000000000c620                DMA2_Channel1_IRQHandler
                0x000000000000c622                DMA2_Channel2_IRQHandler
                0x000000000000c624                DMA2_Channel3_IRQHandler
                0x000000000000c626                DMA2_Channel4_IRQHandler
                0x000000000000c628                DMA2_Channel5_IRQHandler
                0x000000000000c62a                ETH_IRQHandler
                0x000000000000c62c                ETH_WKUP_IRQHandler
                0x000000000000c62e                CAN2_TX_IRQHandler
                0x000000000000c630                CAN2_RX0_IRQHandler
                0x000000000000c632                CAN2_RX1_IRQHandler
                0x000000000000c634                CAN2_SCE_IRQHandler
                0x000000000000c638                USBHSWakeup_IRQHandler
                0x000000000000c63a                USBHS_IRQHandler
                0x000000000000c644                TIM9_BRK_IRQHandler
                0x000000000000c648                TIM9_TRG_COM_IRQHandler
                0x000000000000c64a                TIM9_CC_IRQHandler
                0x000000000000c64c                TIM10_BRK_IRQHandler
                0x000000000000c650                TIM10_TRG_COM_IRQHandler
                0x000000000000c652                TIM10_CC_IRQHandler
                0x000000000000c654                DMA2_Channel6_IRQHandler
                0x000000000000c656                DMA2_Channel7_IRQHandler
                0x000000000000c658                DMA2_Channel8_IRQHandler
                0x000000000000c65a                DMA2_Channel9_IRQHandler
                0x000000000000c65c                DMA2_Channel10_IRQHandler
                0x000000000000c65e                DMA2_Channel11_IRQHandler
 .text.handle_reset
                0x000000000000c660       0x92 ./sdk/Startup/startup_ch32v30x.o
                0x000000000000c660                handle_reset
 .text.SystemInit
                0x000000000000c6f2      0x130 ./sdk/Startup/system_ch32v30x.o
                0x000000000000c6f2                SystemInit
 .text.ADC_DeInit
                0x000000000000c822       0x52 ./sdk/Peripheral/ch32v30x_adc.o
                0x000000000000c822                ADC_DeInit
 .text.ADC_Init
                0x000000000000c874       0x5c ./sdk/Peripheral/ch32v30x_adc.o
                0x000000000000c874                ADC_Init
 .text.ADC_Cmd  0x000000000000c8d0       0x12 ./sdk/Peripheral/ch32v30x_adc.o
                0x000000000000c8d0                ADC_Cmd
 .text.ADC_ResetCalibration
                0x000000000000c8e2        0xa ./sdk/Peripheral/ch32v30x_adc.o
                0x000000000000c8e2                ADC_ResetCalibration
 .text.ADC_GetResetCalibrationStatus
                0x000000000000c8ec        0x8 ./sdk/Peripheral/ch32v30x_adc.o
                0x000000000000c8ec                ADC_GetResetCalibrationStatus
 .text.ADC_StartCalibration
                0x000000000000c8f4        0xa ./sdk/Peripheral/ch32v30x_adc.o
                0x000000000000c8f4                ADC_StartCalibration
 .text.ADC_GetCalibrationStatus
                0x000000000000c8fe        0x8 ./sdk/Peripheral/ch32v30x_adc.o
                0x000000000000c8fe                ADC_GetCalibrationStatus
 .text.ADC_SoftwareStartConvCmd
                0x000000000000c906       0x1a ./sdk/Peripheral/ch32v30x_adc.o
                0x000000000000c906                ADC_SoftwareStartConvCmd
 .text.ADC_RegularChannelConfig
                0x000000000000c920       0xbe ./sdk/Peripheral/ch32v30x_adc.o
                0x000000000000c920                ADC_RegularChannelConfig
 .text.ADC_GetFlagStatus
                0x000000000000c9de        0xa ./sdk/Peripheral/ch32v30x_adc.o
                0x000000000000c9de                ADC_GetFlagStatus
 .text.ADC_BufferCmd
                0x000000000000c9e8       0x1a ./sdk/Peripheral/ch32v30x_adc.o
                0x000000000000c9e8                ADC_BufferCmd
 .text.EXTI_GetITStatus
                0x000000000000ca02       0x1e ./sdk/Peripheral/ch32v30x_exti.o
                0x000000000000ca02                EXTI_GetITStatus
 .text.EXTI_ClearITPendingBit
                0x000000000000ca20        0xa ./sdk/Peripheral/ch32v30x_exti.o
                0x000000000000ca20                EXTI_ClearITPendingBit
 .text.GPIO_Init
                0x000000000000ca2a      0x482 ./sdk/Peripheral/ch32v30x_gpio.o
                0x000000000000ca2a                GPIO_Init
 .text.GPIO_WriteBit
                0x000000000000ceac        0xa ./sdk/Peripheral/ch32v30x_gpio.o
                0x000000000000ceac                GPIO_WriteBit
 .text.GPIO_PinRemapConfig
                0x000000000000ceb6       0xa0 ./sdk/Peripheral/ch32v30x_gpio.o
                0x000000000000ceb6                GPIO_PinRemapConfig
 .text.NVIC_PriorityGroupConfig
                0x000000000000cf56        0x6 ./sdk/Peripheral/ch32v30x_misc.o
                0x000000000000cf56                NVIC_PriorityGroupConfig
 .text.RCC_ADCCLKConfig
                0x000000000000cf5c       0x12 ./sdk/Peripheral/ch32v30x_rcc.o
                0x000000000000cf5c                RCC_ADCCLKConfig
 .text.RCC_GetClocksFreq
                0x000000000000cf6e      0x118 ./sdk/Peripheral/ch32v30x_rcc.o
                0x000000000000cf6e                RCC_GetClocksFreq
 .text.RCC_AHBPeriphClockCmd
                0x000000000000d086       0x1e ./sdk/Peripheral/ch32v30x_rcc.o
                0x000000000000d086                RCC_AHBPeriphClockCmd
 .text.RCC_APB2PeriphClockCmd
                0x000000000000d0a4       0x1e ./sdk/Peripheral/ch32v30x_rcc.o
                0x000000000000d0a4                RCC_APB2PeriphClockCmd
 .text.RCC_APB1PeriphClockCmd
                0x000000000000d0c2       0x1e ./sdk/Peripheral/ch32v30x_rcc.o
                0x000000000000d0c2                RCC_APB1PeriphClockCmd
 .text.RCC_APB2PeriphResetCmd
                0x000000000000d0e0       0x1e ./sdk/Peripheral/ch32v30x_rcc.o
                0x000000000000d0e0                RCC_APB2PeriphResetCmd
 .text.RCC_APB1PeriphResetCmd
                0x000000000000d0fe       0x1e ./sdk/Peripheral/ch32v30x_rcc.o
                0x000000000000d0fe                RCC_APB1PeriphResetCmd
 .text.SPI_I2S_DeInit
                0x000000000000d11c       0x62 ./sdk/Peripheral/ch32v30x_spi.o
                0x000000000000d11c                SPI_I2S_DeInit
 .text.SPI_Init
                0x000000000000d17e       0x5e ./sdk/Peripheral/ch32v30x_spi.o
                0x000000000000d17e                SPI_Init
 .text.SPI_Cmd  0x000000000000d1dc       0x22 ./sdk/Peripheral/ch32v30x_spi.o
                0x000000000000d1dc                SPI_Cmd
 .text.TIM_TimeBaseInit
                0x000000000000d1fe       0xd6 ./sdk/Peripheral/ch32v30x_tim.o
                0x000000000000d1fe                TIM_TimeBaseInit
 .text.TIM_OC1Init
                0x000000000000d2d4       0xa8 ./sdk/Peripheral/ch32v30x_tim.o
                0x000000000000d2d4                TIM_OC1Init
 .text.TIM_OC2Init
                0x000000000000d37c       0xd2 ./sdk/Peripheral/ch32v30x_tim.o
                0x000000000000d37c                TIM_OC2Init
 .text.TIM_OC3Init
                0x000000000000d44e       0xd0 ./sdk/Peripheral/ch32v30x_tim.o
                0x000000000000d44e                TIM_OC3Init
 .text.TIM_OC4Init
                0x000000000000d51e       0x9e ./sdk/Peripheral/ch32v30x_tim.o
                0x000000000000d51e                TIM_OC4Init
 .text.TIM_TimeBaseStructInit
                0x000000000000d5bc       0x18 ./sdk/Peripheral/ch32v30x_tim.o
                0x000000000000d5bc                TIM_TimeBaseStructInit
 .text.TIM_Cmd  0x000000000000d5d4       0x20 ./sdk/Peripheral/ch32v30x_tim.o
                0x000000000000d5d4                TIM_Cmd
 .text.TIM_CtrlPWMOutputs
                0x000000000000d5f4       0x1a ./sdk/Peripheral/ch32v30x_tim.o
                0x000000000000d5f4                TIM_CtrlPWMOutputs
 .text.TIM_ITConfig
                0x000000000000d60e       0x1a ./sdk/Peripheral/ch32v30x_tim.o
                0x000000000000d60e                TIM_ITConfig
 .text.TIM_ITRxExternalClockConfig
                0x000000000000d628       0x20 ./sdk/Peripheral/ch32v30x_tim.o
                0x000000000000d628                TIM_ITRxExternalClockConfig
 .text.TIM_OC1PreloadConfig
                0x000000000000d648       0x12 ./sdk/Peripheral/ch32v30x_tim.o
                0x000000000000d648                TIM_OC1PreloadConfig
 .text.TIM_OC2PreloadConfig
                0x000000000000d65a       0x1a ./sdk/Peripheral/ch32v30x_tim.o
                0x000000000000d65a                TIM_OC2PreloadConfig
 .text.TIM_OC3PreloadConfig
                0x000000000000d674       0x12 ./sdk/Peripheral/ch32v30x_tim.o
                0x000000000000d674                TIM_OC3PreloadConfig
 .text.TIM_OC4PreloadConfig
                0x000000000000d686       0x1a ./sdk/Peripheral/ch32v30x_tim.o
                0x000000000000d686                TIM_OC4PreloadConfig
 .text.TIM_OC1FastConfig
                0x000000000000d6a0       0x12 ./sdk/Peripheral/ch32v30x_tim.o
                0x000000000000d6a0                TIM_OC1FastConfig
 .text.TIM_OC2FastConfig
                0x000000000000d6b2       0x1a ./sdk/Peripheral/ch32v30x_tim.o
                0x000000000000d6b2                TIM_OC2FastConfig
 .text.TIM_OC3FastConfig
                0x000000000000d6cc       0x12 ./sdk/Peripheral/ch32v30x_tim.o
                0x000000000000d6cc                TIM_OC3FastConfig
 .text.TIM_OC4FastConfig
                0x000000000000d6de       0x1a ./sdk/Peripheral/ch32v30x_tim.o
                0x000000000000d6de                TIM_OC4FastConfig
 .text.TIM_GetITStatus
                0x000000000000d6f8       0x1c ./sdk/Peripheral/ch32v30x_tim.o
                0x000000000000d6f8                TIM_GetITStatus
 .text.TIM_ClearITPendingBit
                0x000000000000d714        0xe ./sdk/Peripheral/ch32v30x_tim.o
                0x000000000000d714                TIM_ClearITPendingBit
 .text.USART_Init
                0x000000000000d722      0x10c ./sdk/Peripheral/ch32v30x_usart.o
                0x000000000000d722                USART_Init
 .text.USART_Cmd
                0x000000000000d82e       0x20 ./sdk/Peripheral/ch32v30x_usart.o
                0x000000000000d82e                USART_Cmd
 .text.USART_ITConfig
                0x000000000000d84e       0x3c ./sdk/Peripheral/ch32v30x_usart.o
                0x000000000000d84e                USART_ITConfig
 .text.USART_SendData
                0x000000000000d88a        0xa ./sdk/Peripheral/ch32v30x_usart.o
                0x000000000000d88a                USART_SendData
 .text.USART_GetFlagStatus
                0x000000000000d894        0xc ./sdk/Peripheral/ch32v30x_usart.o
                0x000000000000d894                USART_GetFlagStatus
 .text.USART_GetITStatus
                0x000000000000d8a0       0x48 ./sdk/Peripheral/ch32v30x_usart.o
                0x000000000000d8a0                USART_GetITStatus
 .text.USART_ClearITPendingBit
                0x000000000000d8e8       0x16 ./sdk/Peripheral/ch32v30x_usart.o
                0x000000000000d8e8                USART_ClearITPendingBit
 .text.OTG_FS_IRQHandler
                0x000000000000d8fe      0x7dc ./sdk/Peripheral/ch32v30x_usbotg_device.o
                0x000000000000d8fe                OTG_FS_IRQHandler
 .text.__get_MSTATUS
                0x000000000000e0da        0x6 ./sdk/Core/core_riscv.o
                0x000000000000e0da                __get_MSTATUS
 .text.All_Init
                0x000000000000e0e0      0x130 ./code/All_Init.o
                0x000000000000e0e0                All_Init
 .text.Devices_Init
                0x000000000000e210      0x122 ./code/Device.o
                0x000000000000e210                Devices_Init
 .text.KeyScan  0x000000000000e332      0x38a ./code/Device.o
                0x000000000000e332                KeyScan
 .text.EncoderRead
                0x000000000000e6bc      0x27a ./code/Device.o
                0x000000000000e6bc                EncoderRead
 .text.EncoderShow
                0x000000000000e936      0x19a ./code/Device.o
                0x000000000000e936                EncoderShow
 .text.MotorWrite
                0x000000000000ead0      0x188 ./code/Device.o
                0x000000000000ead0                MotorWrite
 .text.MotorShow
                0x000000000000ec58      0x120 ./code/Device.o
                0x000000000000ec58                MotorShow
 .text.ServoWrite
                0x000000000000ed78       0x42 ./code/Device.o
                0x000000000000ed78                ServoWrite
 .text.ServoShow
                0x000000000000edba       0xde ./code/Device.o
                0x000000000000edba                ServoShow
 .text.DevicesParams_Init
                0x000000000000ee98       0x74 ./code/Device.o
                0x000000000000ee98                DevicesParams_Init
 .text.tan      0x000000000000ef0c       0x5c c:/mounriver/mounriver_studio/toolchain/risc-v embedded gcc/bin/../lib/gcc/riscv-none-embed/8.2.0/../../../../riscv-none-embed/lib/rv32imac/ilp32\libm.a(lib_a-s_tan.o)
                0x000000000000ef0c                tan
 .text.__ieee754_rem_pio2
                0x000000000000ef68      0x464 c:/mounriver/mounriver_studio/toolchain/risc-v embedded gcc/bin/../lib/gcc/riscv-none-embed/8.2.0/../../../../riscv-none-embed/lib/rv32imac/ilp32\libm.a(lib_a-e_rem_pio2.o)
                0x000000000000ef68                __ieee754_rem_pio2
 .text.__kernel_rem_pio2
                0x000000000000f3cc      0x952 c:/mounriver/mounriver_studio/toolchain/risc-v embedded gcc/bin/../lib/gcc/riscv-none-embed/8.2.0/../../../../riscv-none-embed/lib/rv32imac/ilp32\libm.a(lib_a-k_rem_pio2.o)
                0x000000000000f3cc                __kernel_rem_pio2
 .text.__kernel_tan
                0x000000000000fd1e      0x384 c:/mounriver/mounriver_studio/toolchain/risc-v embedded gcc/bin/../lib/gcc/riscv-none-embed/8.2.0/../../../../riscv-none-embed/lib/rv32imac/ilp32\libm.a(lib_a-k_tan.o)
                0x000000000000fd1e                __kernel_tan
 .text.fabs     0x00000000000100a2        0x6 c:/mounriver/mounriver_studio/toolchain/risc-v embedded gcc/bin/../lib/gcc/riscv-none-embed/8.2.0/../../../../riscv-none-embed/lib/rv32imac/ilp32\libm.a(lib_a-s_fabs.o)
                0x00000000000100a2                fabs
 .text.floor    0x00000000000100a8      0x150 c:/mounriver/mounriver_studio/toolchain/risc-v embedded gcc/bin/../lib/gcc/riscv-none-embed/8.2.0/../../../../riscv-none-embed/lib/rv32imac/ilp32\libm.a(lib_a-s_floor.o)
                0x00000000000100a8                floor
 .text.scalbn   0x00000000000101f8      0x13e c:/mounriver/mounriver_studio/toolchain/risc-v embedded gcc/bin/../lib/gcc/riscv-none-embed/8.2.0/../../../../riscv-none-embed/lib/rv32imac/ilp32\libm.a(lib_a-s_scalbn.o)
                0x00000000000101f8                scalbn
 .text.copysign
                0x0000000000010336       0x16 c:/mounriver/mounriver_studio/toolchain/risc-v embedded gcc/bin/../lib/gcc/riscv-none-embed/8.2.0/../../../../riscv-none-embed/lib/rv32imac/ilp32\libm.a(lib_a-s_copysign.o)
                0x0000000000010336                copysign
 .text.__adddf3
                0x000000000001034c      0x730 c:/mounriver/mounriver_studio/toolchain/risc-v embedded gcc/bin/../lib/gcc/riscv-none-embed/8.2.0/rv32imac/ilp32\libgcc.a(adddf3.o)
                0x000000000001034c                __adddf3
 .text.__divdf3
                0x0000000000010a7c      0x5b4 c:/mounriver/mounriver_studio/toolchain/risc-v embedded gcc/bin/../lib/gcc/riscv-none-embed/8.2.0/rv32imac/ilp32\libgcc.a(divdf3.o)
                0x0000000000010a7c                __divdf3
 .text.__eqdf2  0x0000000000011030       0x6a c:/mounriver/mounriver_studio/toolchain/risc-v embedded gcc/bin/../lib/gcc/riscv-none-embed/8.2.0/rv32imac/ilp32\libgcc.a(eqdf2.o)
                0x0000000000011030                __nedf2
                0x0000000000011030                __eqdf2
 .text.__gedf2  0x000000000001109a       0xae c:/mounriver/mounriver_studio/toolchain/risc-v embedded gcc/bin/../lib/gcc/riscv-none-embed/8.2.0/rv32imac/ilp32\libgcc.a(gedf2.o)
                0x000000000001109a                __gedf2
                0x000000000001109a                __gtdf2
 .text.__ledf2  0x0000000000011148       0xb6 c:/mounriver/mounriver_studio/toolchain/risc-v embedded gcc/bin/../lib/gcc/riscv-none-embed/8.2.0/rv32imac/ilp32\libgcc.a(ledf2.o)
                0x0000000000011148                __ledf2
                0x0000000000011148                __ltdf2
 .text.__muldf3
                0x00000000000111fe      0x4b8 c:/mounriver/mounriver_studio/toolchain/risc-v embedded gcc/bin/../lib/gcc/riscv-none-embed/8.2.0/rv32imac/ilp32\libgcc.a(muldf3.o)
                0x00000000000111fe                __muldf3
 .text.__subdf3
                0x00000000000116b6      0x73e c:/mounriver/mounriver_studio/toolchain/risc-v embedded gcc/bin/../lib/gcc/riscv-none-embed/8.2.0/rv32imac/ilp32\libgcc.a(subdf3.o)
                0x00000000000116b6                __subdf3
 .text.__fixdfsi
                0x0000000000011df4       0x68 c:/mounriver/mounriver_studio/toolchain/risc-v embedded gcc/bin/../lib/gcc/riscv-none-embed/8.2.0/rv32imac/ilp32\libgcc.a(fixdfsi.o)
                0x0000000000011df4                __fixdfsi
 .text.__floatsidf
                0x0000000000011e5c       0x72 c:/mounriver/mounriver_studio/toolchain/risc-v embedded gcc/bin/../lib/gcc/riscv-none-embed/8.2.0/rv32imac/ilp32\libgcc.a(floatsidf.o)
                0x0000000000011e5c                __floatsidf
 .text.__addsf3
                0x0000000000011ece      0x36a c:/mounriver/mounriver_studio/toolchain/risc-v embedded gcc/bin/../lib/gcc/riscv-none-embed/8.2.0/rv32imac/ilp32\libgcc.a(addsf3.o)
                0x0000000000011ece                __addsf3
 .text.__divsf3
                0x0000000000012238      0x2b2 c:/mounriver/mounriver_studio/toolchain/risc-v embedded gcc/bin/../lib/gcc/riscv-none-embed/8.2.0/rv32imac/ilp32\libgcc.a(divsf3.o)
                0x0000000000012238                __divsf3
 .text.__gesf2  0x00000000000124ea       0x86 c:/mounriver/mounriver_studio/toolchain/risc-v embedded gcc/bin/../lib/gcc/riscv-none-embed/8.2.0/rv32imac/ilp32\libgcc.a(gesf2.o)
                0x00000000000124ea                __gesf2
                0x00000000000124ea                __gtsf2
 .text.__lesf2  0x0000000000012570       0x8c c:/mounriver/mounriver_studio/toolchain/risc-v embedded gcc/bin/../lib/gcc/riscv-none-embed/8.2.0/rv32imac/ilp32\libgcc.a(lesf2.o)
                0x0000000000012570                __ltsf2
                0x0000000000012570                __lesf2
 .text.__mulsf3
                0x00000000000125fc      0x294 c:/mounriver/mounriver_studio/toolchain/risc-v embedded gcc/bin/../lib/gcc/riscv-none-embed/8.2.0/rv32imac/ilp32\libgcc.a(mulsf3.o)
                0x00000000000125fc                __mulsf3
 .text.__subsf3
                0x0000000000012890      0x388 c:/mounriver/mounriver_studio/toolchain/risc-v embedded gcc/bin/../lib/gcc/riscv-none-embed/8.2.0/rv32imac/ilp32\libgcc.a(subsf3.o)
                0x0000000000012890                __subsf3
 .text.__fixsfsi
                0x0000000000012c18       0x62 c:/mounriver/mounriver_studio/toolchain/risc-v embedded gcc/bin/../lib/gcc/riscv-none-embed/8.2.0/rv32imac/ilp32\libgcc.a(fixsfsi.o)
                0x0000000000012c18                __fixsfsi
 .text.__fixunssfsi
                0x0000000000012c7a       0x56 c:/mounriver/mounriver_studio/toolchain/risc-v embedded gcc/bin/../lib/gcc/riscv-none-embed/8.2.0/rv32imac/ilp32\libgcc.a(fixunssfsi.o)
                0x0000000000012c7a                __fixunssfsi
 .text.__floatsisf
                0x0000000000012cd0       0xc6 c:/mounriver/mounriver_studio/toolchain/risc-v embedded gcc/bin/../lib/gcc/riscv-none-embed/8.2.0/rv32imac/ilp32\libgcc.a(floatsisf.o)
                0x0000000000012cd0                __floatsisf
 .text.__floatunsisf
                0x0000000000012d96       0xce c:/mounriver/mounriver_studio/toolchain/risc-v embedded gcc/bin/../lib/gcc/riscv-none-embed/8.2.0/rv32imac/ilp32\libgcc.a(floatunsisf.o)
                0x0000000000012d96                __floatunsisf
 .text.__extendsfdf2
                0x0000000000012e64       0xac c:/mounriver/mounriver_studio/toolchain/risc-v embedded gcc/bin/../lib/gcc/riscv-none-embed/8.2.0/rv32imac/ilp32\libgcc.a(extendsfdf2.o)
                0x0000000000012e64                __extendsfdf2
 .text.__truncdfsf2
                0x0000000000012f10      0x16a c:/mounriver/mounriver_studio/toolchain/risc-v embedded gcc/bin/../lib/gcc/riscv-none-embed/8.2.0/rv32imac/ilp32\libgcc.a(truncdfsf2.o)
                0x0000000000012f10                __truncdfsf2
 .text.__clzsi2
                0x000000000001307a       0x76 c:/mounriver/mounriver_studio/toolchain/risc-v embedded gcc/bin/../lib/gcc/riscv-none-embed/8.2.0/rv32imac/ilp32\libgcc.a(_clzsi2.o)
                0x000000000001307a                __clzsi2
 .text.memcpy   0x00000000000130f0       0xb6 c:/mounriver/mounriver_studio/toolchain/risc-v embedded gcc/bin/../lib/gcc/riscv-none-embed/8.2.0/../../../../riscv-none-embed/lib/rv32imac/ilp32\libg_nano.a(lib_a-memcpy.o)
                0x00000000000130f0                memcpy
 .text.__cvt    0x00000000000131a6       0xee c:/mounriver/mounriver_studio/toolchain/risc-v embedded gcc/bin/../lib/gcc/riscv-none-embed/8.2.0/../../../../riscv-none-embed/lib/rv32imac/ilp32\libg_nano.a(lib_a-nano-vfprintf_float.o)
                0x00000000000131a6                __cvt
 .text.__exponent
                0x0000000000013294       0x8c c:/mounriver/mounriver_studio/toolchain/risc-v embedded gcc/bin/../lib/gcc/riscv-none-embed/8.2.0/../../../../riscv-none-embed/lib/rv32imac/ilp32\libg_nano.a(lib_a-nano-vfprintf_float.o)
                0x0000000000013294                __exponent
 .text._printf_float
                0x0000000000013320      0x4c4 c:/mounriver/mounriver_studio/toolchain/risc-v embedded gcc/bin/../lib/gcc/riscv-none-embed/8.2.0/../../../../riscv-none-embed/lib/rv32imac/ilp32\libg_nano.a(lib_a-nano-vfprintf_float.o)
                0x0000000000013320                _printf_float
 .text._printf_common
                0x00000000000137e4      0x10c c:/mounriver/mounriver_studio/toolchain/risc-v embedded gcc/bin/../lib/gcc/riscv-none-embed/8.2.0/../../../../riscv-none-embed/lib/rv32imac/ilp32\libg_nano.a(lib_a-nano-vfprintf_i.o)
                0x00000000000137e4                _printf_common
 .text._printf_i
                0x00000000000138f0      0x2ac c:/mounriver/mounriver_studio/toolchain/risc-v embedded gcc/bin/../lib/gcc/riscv-none-embed/8.2.0/../../../../riscv-none-embed/lib/rv32imac/ilp32\libg_nano.a(lib_a-nano-vfprintf_i.o)
                0x00000000000138f0                _printf_i
 .text.printf   0x0000000000013b9c       0x42 c:/mounriver/mounriver_studio/toolchain/risc-v embedded gcc/bin/../lib/gcc/riscv-none-embed/8.2.0/../../../../riscv-none-embed/lib/rv32imac/ilp32\libg_nano.a(lib_a-printf.o)
                0x0000000000013b9c                iprintf
                0x0000000000013b9c                printf
 .text.strlen   0x0000000000013bde       0x12 c:/mounriver/mounriver_studio/toolchain/risc-v embedded gcc/bin/../lib/gcc/riscv-none-embed/8.2.0/../../../../riscv-none-embed/lib/rv32imac/ilp32\libg_nano.a(lib_a-strlen.o)
                0x0000000000013bde                strlen
 .text.strncmp  0x0000000000013bf0       0x2c c:/mounriver/mounriver_studio/toolchain/risc-v embedded gcc/bin/../lib/gcc/riscv-none-embed/8.2.0/../../../../riscv-none-embed/lib/rv32imac/ilp32\libg_nano.a(lib_a-strncmp.o)
                0x0000000000013bf0                strncmp
 .text.__swbuf_r
                0x0000000000013c1c       0xc6 c:/mounriver/mounriver_studio/toolchain/risc-v embedded gcc/bin/../lib/gcc/riscv-none-embed/8.2.0/../../../../riscv-none-embed/lib/rv32imac/ilp32\libg_nano.a(lib_a-wbuf.o)
                0x0000000000013c1c                __swbuf_r
 .text.__swsetup_r
                0x0000000000013ce2      0x112 c:/mounriver/mounriver_studio/toolchain/risc-v embedded gcc/bin/../lib/gcc/riscv-none-embed/8.2.0/../../../../riscv-none-embed/lib/rv32imac/ilp32\libg_nano.a(lib_a-wsetup.o)
                0x0000000000013ce2                __swsetup_r
 .text.quorem   0x0000000000013df4      0x13a c:/mounriver/mounriver_studio/toolchain/risc-v embedded gcc/bin/../lib/gcc/riscv-none-embed/8.2.0/../../../../riscv-none-embed/lib/rv32imac/ilp32\libg_nano.a(lib_a-dtoa.o)
 .text._dtoa_r  0x0000000000013f2e      0xc1e c:/mounriver/mounriver_studio/toolchain/risc-v embedded gcc/bin/../lib/gcc/riscv-none-embed/8.2.0/../../../../riscv-none-embed/lib/rv32imac/ilp32\libg_nano.a(lib_a-dtoa.o)
                0x0000000000013f2e                _dtoa_r
 .text.__sflush_r
                0x0000000000014b4c      0x13e c:/mounriver/mounriver_studio/toolchain/risc-v embedded gcc/bin/../lib/gcc/riscv-none-embed/8.2.0/../../../../riscv-none-embed/lib/rv32imac/ilp32\libg_nano.a(lib_a-fflush.o)
                0x0000000000014b4c                __sflush_r
 .text._fflush_r
                0x0000000000014c8a       0x66 c:/mounriver/mounriver_studio/toolchain/risc-v embedded gcc/bin/../lib/gcc/riscv-none-embed/8.2.0/../../../../riscv-none-embed/lib/rv32imac/ilp32\libg_nano.a(lib_a-fflush.o)
                0x0000000000014c8a                _fflush_r
 .text.std      0x0000000000014cf0       0x6a c:/mounriver/mounriver_studio/toolchain/risc-v embedded gcc/bin/../lib/gcc/riscv-none-embed/8.2.0/../../../../riscv-none-embed/lib/rv32imac/ilp32\libg_nano.a(lib_a-findfp.o)
 .text._cleanup_r
                0x0000000000014d5a        0xa c:/mounriver/mounriver_studio/toolchain/risc-v embedded gcc/bin/../lib/gcc/riscv-none-embed/8.2.0/../../../../riscv-none-embed/lib/rv32imac/ilp32\libg_nano.a(lib_a-findfp.o)
                0x0000000000014d5a                _cleanup_r
 .text.__sfmoreglue
                0x0000000000014d64       0x48 c:/mounriver/mounriver_studio/toolchain/risc-v embedded gcc/bin/../lib/gcc/riscv-none-embed/8.2.0/../../../../riscv-none-embed/lib/rv32imac/ilp32\libg_nano.a(lib_a-findfp.o)
                0x0000000000014d64                __sfmoreglue
 .text.__sinit  0x0000000000014dac       0x6c c:/mounriver/mounriver_studio/toolchain/risc-v embedded gcc/bin/../lib/gcc/riscv-none-embed/8.2.0/../../../../riscv-none-embed/lib/rv32imac/ilp32\libg_nano.a(lib_a-findfp.o)
                0x0000000000014dac                __sinit
 .text.__sfp    0x0000000000014e18       0xa0 c:/mounriver/mounriver_studio/toolchain/risc-v embedded gcc/bin/../lib/gcc/riscv-none-embed/8.2.0/../../../../riscv-none-embed/lib/rv32imac/ilp32\libg_nano.a(lib_a-findfp.o)
                0x0000000000014e18                __sfp
 .text._fwalk_reent
                0x0000000000014eb8       0x6c c:/mounriver/mounriver_studio/toolchain/risc-v embedded gcc/bin/../lib/gcc/riscv-none-embed/8.2.0/../../../../riscv-none-embed/lib/rv32imac/ilp32\libg_nano.a(lib_a-fwalk.o)
                0x0000000000014eb8                _fwalk_reent
 .text._localeconv_r
                0x0000000000014f24       0x18 c:/mounriver/mounriver_studio/toolchain/risc-v embedded gcc/bin/../lib/gcc/riscv-none-embed/8.2.0/../../../../riscv-none-embed/lib/rv32imac/ilp32\libg_nano.a(lib_a-localeconv.o)
                0x0000000000014f24                _localeconv_r
 .text.__swhatbuf_r
                0x0000000000014f3c       0x5a c:/mounriver/mounriver_studio/toolchain/risc-v embedded gcc/bin/../lib/gcc/riscv-none-embed/8.2.0/../../../../riscv-none-embed/lib/rv32imac/ilp32\libg_nano.a(lib_a-makebuf.o)
                0x0000000000014f3c                __swhatbuf_r
 .text.__smakebuf_r
                0x0000000000014f96       0xa2 c:/mounriver/mounriver_studio/toolchain/risc-v embedded gcc/bin/../lib/gcc/riscv-none-embed/8.2.0/../../../../riscv-none-embed/lib/rv32imac/ilp32\libg_nano.a(lib_a-makebuf.o)
                0x0000000000014f96                __smakebuf_r
 .text.malloc   0x0000000000015038        0xc c:/mounriver/mounriver_studio/toolchain/risc-v embedded gcc/bin/../lib/gcc/riscv-none-embed/8.2.0/../../../../riscv-none-embed/lib/rv32imac/ilp32\libg_nano.a(lib_a-malloc.o)
                0x0000000000015038                malloc
 .text.memchr   0x0000000000015044       0x1a c:/mounriver/mounriver_studio/toolchain/risc-v embedded gcc/bin/../lib/gcc/riscv-none-embed/8.2.0/../../../../riscv-none-embed/lib/rv32imac/ilp32\libg_nano.a(lib_a-memchr.o)
                0x0000000000015044                memchr
 .text._Balloc  0x000000000001505e       0x88 c:/mounriver/mounriver_studio/toolchain/risc-v embedded gcc/bin/../lib/gcc/riscv-none-embed/8.2.0/../../../../riscv-none-embed/lib/rv32imac/ilp32\libg_nano.a(lib_a-mprec.o)
                0x000000000001505e                _Balloc
 .text._Bfree   0x00000000000150e6       0x44 c:/mounriver/mounriver_studio/toolchain/risc-v embedded gcc/bin/../lib/gcc/riscv-none-embed/8.2.0/../../../../riscv-none-embed/lib/rv32imac/ilp32\libg_nano.a(lib_a-mprec.o)
                0x00000000000150e6                _Bfree
 .text.__multadd
                0x000000000001512a       0x98 c:/mounriver/mounriver_studio/toolchain/risc-v embedded gcc/bin/../lib/gcc/riscv-none-embed/8.2.0/../../../../riscv-none-embed/lib/rv32imac/ilp32\libg_nano.a(lib_a-mprec.o)
                0x000000000001512a                __multadd
 .text.__hi0bits
                0x00000000000151c2       0x46 c:/mounriver/mounriver_studio/toolchain/risc-v embedded gcc/bin/../lib/gcc/riscv-none-embed/8.2.0/../../../../riscv-none-embed/lib/rv32imac/ilp32\libg_nano.a(lib_a-mprec.o)
                0x00000000000151c2                __hi0bits
 .text.__lo0bits
                0x0000000000015208       0x6a c:/mounriver/mounriver_studio/toolchain/risc-v embedded gcc/bin/../lib/gcc/riscv-none-embed/8.2.0/../../../../riscv-none-embed/lib/rv32imac/ilp32\libg_nano.a(lib_a-mprec.o)
                0x0000000000015208                __lo0bits
 .text.__i2b    0x0000000000015272       0x1c c:/mounriver/mounriver_studio/toolchain/risc-v embedded gcc/bin/../lib/gcc/riscv-none-embed/8.2.0/../../../../riscv-none-embed/lib/rv32imac/ilp32\libg_nano.a(lib_a-mprec.o)
                0x0000000000015272                __i2b
 .text.__multiply
                0x000000000001528e      0x144 c:/mounriver/mounriver_studio/toolchain/risc-v embedded gcc/bin/../lib/gcc/riscv-none-embed/8.2.0/../../../../riscv-none-embed/lib/rv32imac/ilp32\libg_nano.a(lib_a-mprec.o)
                0x000000000001528e                __multiply
 .text.__pow5mult
                0x00000000000153d2       0xbe c:/mounriver/mounriver_studio/toolchain/risc-v embedded gcc/bin/../lib/gcc/riscv-none-embed/8.2.0/../../../../riscv-none-embed/lib/rv32imac/ilp32\libg_nano.a(lib_a-mprec.o)
                0x00000000000153d2                __pow5mult
 .text.__lshift
                0x0000000000015490       0xce c:/mounriver/mounriver_studio/toolchain/risc-v embedded gcc/bin/../lib/gcc/riscv-none-embed/8.2.0/../../../../riscv-none-embed/lib/rv32imac/ilp32\libg_nano.a(lib_a-mprec.o)
                0x0000000000015490                __lshift
 .text.__mcmp   0x000000000001555e       0x32 c:/mounriver/mounriver_studio/toolchain/risc-v embedded gcc/bin/../lib/gcc/riscv-none-embed/8.2.0/../../../../riscv-none-embed/lib/rv32imac/ilp32\libg_nano.a(lib_a-mprec.o)
                0x000000000001555e                __mcmp
 .text.__mdiff  0x0000000000015590       0xf2 c:/mounriver/mounriver_studio/toolchain/risc-v embedded gcc/bin/../lib/gcc/riscv-none-embed/8.2.0/../../../../riscv-none-embed/lib/rv32imac/ilp32\libg_nano.a(lib_a-mprec.o)
                0x0000000000015590                __mdiff
 .text.__d2b    0x0000000000015682       0xd4 c:/mounriver/mounriver_studio/toolchain/risc-v embedded gcc/bin/../lib/gcc/riscv-none-embed/8.2.0/../../../../riscv-none-embed/lib/rv32imac/ilp32\libg_nano.a(lib_a-mprec.o)
                0x0000000000015682                __d2b
 .text._calloc_r
                0x0000000000015756       0x26 c:/mounriver/mounriver_studio/toolchain/risc-v embedded gcc/bin/../lib/gcc/riscv-none-embed/8.2.0/../../../../riscv-none-embed/lib/rv32imac/ilp32\libg_nano.a(lib_a-nano-callocr.o)
                0x0000000000015756                _calloc_r
 .text._free_r  0x000000000001577c       0xa4 c:/mounriver/mounriver_studio/toolchain/risc-v embedded gcc/bin/../lib/gcc/riscv-none-embed/8.2.0/../../../../riscv-none-embed/lib/rv32imac/ilp32\libg_nano.a(lib_a-nano-freer.o)
                0x000000000001577c                _free_r
 .text._malloc_r
                0x0000000000015820       0xce c:/mounriver/mounriver_studio/toolchain/risc-v embedded gcc/bin/../lib/gcc/riscv-none-embed/8.2.0/../../../../riscv-none-embed/lib/rv32imac/ilp32\libg_nano.a(lib_a-nano-mallocr.o)
                0x0000000000015820                _malloc_r
 .text.__sfputc_r
                0x00000000000158ee       0x2a c:/mounriver/mounriver_studio/toolchain/risc-v embedded gcc/bin/../lib/gcc/riscv-none-embed/8.2.0/../../../../riscv-none-embed/lib/rv32imac/ilp32\libg_nano.a(lib_a-nano-vfprintf.o)
 .text.__sfputs_r
                0x0000000000015918       0x44 c:/mounriver/mounriver_studio/toolchain/risc-v embedded gcc/bin/../lib/gcc/riscv-none-embed/8.2.0/../../../../riscv-none-embed/lib/rv32imac/ilp32\libg_nano.a(lib_a-nano-vfprintf.o)
                0x0000000000015918                __sfputs_r
 .text._vfprintf_r
                0x000000000001595c      0x2a0 c:/mounriver/mounriver_studio/toolchain/risc-v embedded gcc/bin/../lib/gcc/riscv-none-embed/8.2.0/../../../../riscv-none-embed/lib/rv32imac/ilp32\libg_nano.a(lib_a-nano-vfprintf.o)
                0x000000000001595c                _vfprintf_r
                0x000000000001595c                _vfiprintf_r
 .text._sbrk_r  0x0000000000015bfc       0x30 c:/mounriver/mounriver_studio/toolchain/risc-v embedded gcc/bin/../lib/gcc/riscv-none-embed/8.2.0/../../../../riscv-none-embed/lib/rv32imac/ilp32\libg_nano.a(lib_a-sbrkr.o)
                0x0000000000015bfc                _sbrk_r
 .text.__sread  0x0000000000015c2c       0x30 c:/mounriver/mounriver_studio/toolchain/risc-v embedded gcc/bin/../lib/gcc/riscv-none-embed/8.2.0/../../../../riscv-none-embed/lib/rv32imac/ilp32\libg_nano.a(lib_a-stdio.o)
                0x0000000000015c2c                __sread
 .text.__swrite
                0x0000000000015c5c       0x4e c:/mounriver/mounriver_studio/toolchain/risc-v embedded gcc/bin/../lib/gcc/riscv-none-embed/8.2.0/../../../../riscv-none-embed/lib/rv32imac/ilp32\libg_nano.a(lib_a-stdio.o)
                0x0000000000015c5c                __swrite
 .text.__sseek  0x0000000000015caa       0x36 c:/mounriver/mounriver_studio/toolchain/risc-v embedded gcc/bin/../lib/gcc/riscv-none-embed/8.2.0/../../../../riscv-none-embed/lib/rv32imac/ilp32\libg_nano.a(lib_a-stdio.o)
                0x0000000000015caa                __sseek
 .text.__sclose
                0x0000000000015ce0        0x6 c:/mounriver/mounriver_studio/toolchain/risc-v embedded gcc/bin/../lib/gcc/riscv-none-embed/8.2.0/../../../../riscv-none-embed/lib/rv32imac/ilp32\libg_nano.a(lib_a-stdio.o)
                0x0000000000015ce0                __sclose
 .text._write_r
                0x0000000000015ce6       0x36 c:/mounriver/mounriver_studio/toolchain/risc-v embedded gcc/bin/../lib/gcc/riscv-none-embed/8.2.0/../../../../riscv-none-embed/lib/rv32imac/ilp32\libg_nano.a(lib_a-writer.o)
                0x0000000000015ce6                _write_r
 .text._close_r
                0x0000000000015d1c       0x30 c:/mounriver/mounriver_studio/toolchain/risc-v embedded gcc/bin/../lib/gcc/riscv-none-embed/8.2.0/../../../../riscv-none-embed/lib/rv32imac/ilp32\libg_nano.a(lib_a-closer.o)
                0x0000000000015d1c                _close_r
 .text._fstat_r
                0x0000000000015d4c       0x32 c:/mounriver/mounriver_studio/toolchain/risc-v embedded gcc/bin/../lib/gcc/riscv-none-embed/8.2.0/../../../../riscv-none-embed/lib/rv32imac/ilp32\libg_nano.a(lib_a-fstatr.o)
                0x0000000000015d4c                _fstat_r
 .text._isatty_r
                0x0000000000015d7e       0x30 c:/mounriver/mounriver_studio/toolchain/risc-v embedded gcc/bin/../lib/gcc/riscv-none-embed/8.2.0/../../../../riscv-none-embed/lib/rv32imac/ilp32\libg_nano.a(lib_a-isattyr.o)
                0x0000000000015d7e                _isatty_r
 .text._lseek_r
                0x0000000000015dae       0x34 c:/mounriver/mounriver_studio/toolchain/risc-v embedded gcc/bin/../lib/gcc/riscv-none-embed/8.2.0/../../../../riscv-none-embed/lib/rv32imac/ilp32\libg_nano.a(lib_a-lseekr.o)
                0x0000000000015dae                _lseek_r
 .text.__ascii_mbtowc
                0x0000000000015de2       0x3a c:/mounriver/mounriver_studio/toolchain/risc-v embedded gcc/bin/../lib/gcc/riscv-none-embed/8.2.0/../../../../riscv-none-embed/lib/rv32imac/ilp32\libg_nano.a(lib_a-mbtowc_r.o)
                0x0000000000015de2                __ascii_mbtowc
 .text.__malloc_lock
                0x0000000000015e1c        0x2 c:/mounriver/mounriver_studio/toolchain/risc-v embedded gcc/bin/../lib/gcc/riscv-none-embed/8.2.0/../../../../riscv-none-embed/lib/rv32imac/ilp32\libg_nano.a(lib_a-mlock.o)
                0x0000000000015e1c                __malloc_lock
 .text.__malloc_unlock
                0x0000000000015e1e        0x2 c:/mounriver/mounriver_studio/toolchain/risc-v embedded gcc/bin/../lib/gcc/riscv-none-embed/8.2.0/../../../../riscv-none-embed/lib/rv32imac/ilp32\libg_nano.a(lib_a-mlock.o)
                0x0000000000015e1e                __malloc_unlock
 .text._read_r  0x0000000000015e20       0x34 c:/mounriver/mounriver_studio/toolchain/risc-v embedded gcc/bin/../lib/gcc/riscv-none-embed/8.2.0/../../../../riscv-none-embed/lib/rv32imac/ilp32\libg_nano.a(lib_a-readr.o)
                0x0000000000015e20                _read_r
 .text.__ascii_wctomb
                0x0000000000015e54       0x20 c:/mounriver/mounriver_studio/toolchain/risc-v embedded gcc/bin/../lib/gcc/riscv-none-embed/8.2.0/../../../../riscv-none-embed/lib/rv32imac/ilp32\libg_nano.a(lib_a-wctomb_r.o)
                0x0000000000015e54                __ascii_wctomb
 .text.__unorddf2
                0x0000000000015e74       0x3c c:/mounriver/mounriver_studio/toolchain/risc-v embedded gcc/bin/../lib/gcc/riscv-none-embed/8.2.0/rv32imac/ilp32\libgcc.a(unorddf2.o)
                0x0000000000015e74                __unorddf2
 .text.__floatunsidf
                0x0000000000015eb0       0x68 c:/mounriver/mounriver_studio/toolchain/risc-v embedded gcc/bin/../lib/gcc/riscv-none-embed/8.2.0/rv32imac/ilp32\libgcc.a(floatunsidf.o)
                0x0000000000015eb0                __floatunsidf
 .text.__trunctfdf2
                0x0000000000015f18      0x21e c:/mounriver/mounriver_studio/toolchain/risc-v embedded gcc/bin/../lib/gcc/riscv-none-embed/8.2.0/rv32imac/ilp32\libgcc.a(trunctfdf2.o)
                0x0000000000015f18                __trunctfdf2
 .text._close   0x0000000000016136       0x10 c:/mounriver/mounriver_studio/toolchain/risc-v embedded gcc/bin/../lib/gcc/riscv-none-embed/8.2.0/../../../../riscv-none-embed/lib/rv32imac/ilp32\libnosys.a(close.o)
                0x0000000000016136                _close
 .text._fstat   0x0000000000016146       0x10 c:/mounriver/mounriver_studio/toolchain/risc-v embedded gcc/bin/../lib/gcc/riscv-none-embed/8.2.0/../../../../riscv-none-embed/lib/rv32imac/ilp32\libnosys.a(fstat.o)
                0x0000000000016146                _fstat
 .text._isatty  0x0000000000016156       0x10 c:/mounriver/mounriver_studio/toolchain/risc-v embedded gcc/bin/../lib/gcc/riscv-none-embed/8.2.0/../../../../riscv-none-embed/lib/rv32imac/ilp32\libnosys.a(isatty.o)
                0x0000000000016156                _isatty
 .text._lseek   0x0000000000016166       0x10 c:/mounriver/mounriver_studio/toolchain/risc-v embedded gcc/bin/../lib/gcc/riscv-none-embed/8.2.0/../../../../riscv-none-embed/lib/rv32imac/ilp32\libnosys.a(lseek.o)
                0x0000000000016166                _lseek
 .text._read    0x0000000000016176       0x10 c:/mounriver/mounriver_studio/toolchain/risc-v embedded gcc/bin/../lib/gcc/riscv-none-embed/8.2.0/../../../../riscv-none-embed/lib/rv32imac/ilp32\libnosys.a(read.o)
                0x0000000000016176                _read
 .text._sbrk    0x0000000000016186       0x24 c:/mounriver/mounriver_studio/toolchain/risc-v embedded gcc/bin/../lib/gcc/riscv-none-embed/8.2.0/../../../../riscv-none-embed/lib/rv32imac/ilp32\libnosys.a(sbrk.o)
                0x0000000000016186                _sbrk
 *(.rodata)
 *fill*         0x00000000000161aa        0x2 
 .rodata        0x00000000000161ac       0x28 ./zf_driver/zf_driver_pit.o
 *(.rodata*)
 .rodata.encoder_init_quad.str1.4
                0x00000000000161d4       0x73 ./zf_driver/zf_driver_encoder.o
 *fill*         0x0000000000016247        0x1 
 .rodata.gpio_group
                0x0000000000016248       0x14 ./zf_driver/zf_driver_gpio.o
                0x0000000000016248                gpio_group
 .rodata.pit_init.str1.4
                0x000000000001625c       0x6f ./zf_driver/zf_driver_pit.o
 *fill*         0x00000000000162cb        0x1 
 .rodata.pwm_init.str1.4
                0x00000000000162cc       0x6f ./zf_driver/zf_driver_pwm.o
 *fill*         0x000000000001633b        0x1 
 .rodata.spi_gpio_init.str1.4
                0x000000000001633c       0x6f ./zf_driver/zf_driver_spi.o
 *fill*         0x00000000000163ab        0x1 
 .rodata.spi_index
                0x00000000000163ac        0xc ./zf_driver/zf_driver_spi.o
                0x00000000000163ac                spi_index
 .rodata.tim_index
                0x00000000000163b8       0x28 ./zf_driver/zf_driver_timer.o
                0x00000000000163b8                tim_index
 .rodata.uart_index
                0x00000000000163e0       0x20 ./zf_driver/zf_driver_uart.o
                0x00000000000163e0                uart_index
 .rodata.bluetooth_ch9141_uart_callback_ch1.str1.4
                0x0000000000016400        0x5 ./zf_device/zf_device_bluetooth_ch9141.o
 .rodata.bluetooth_ch9141_uart_callback_ch2.str1.4
                0x0000000000016405        0x5 ./zf_device/zf_device_bluetooth_ch9141_ch2.o
 *fill*         0x0000000000016405        0x3 
 .rodata.ips114_set_region.str1.4
                0x0000000000016408       0x72 ./zf_device/zf_device_ips114.o
 *fill*         0x000000000001647a        0x2 
 .rodata.ips114_show_float.str1.4
                0x000000000001647c        0x3 ./zf_device/zf_device_ips114.o
 *fill*         0x000000000001647f        0x1 
 .rodata.ips114_show_int32.str1.4
                0x0000000000016480        0x3 ./zf_device/zf_device_ips114.o
 *fill*         0x0000000000016483        0x1 
 .rodata.mt9v03x_init_dvp.str1.4
                0x0000000000016484       0x77 ./zf_device/zf_device_mt9v03x_dvp.o
 *fill*         0x00000000000164fb        0x1 
 .rodata.debug_assert_handler.str1.4
                0x00000000000164fc       0x1f ./zf_common/zf_common_debug.o
 *fill*         0x000000000001651b        0x1 
 .rodata.tft_ascii
                0x000000000001651c      0x5f0 ./zf_common/zf_common_font.o
                0x000000000001651c                tft_ascii
 .rodata.zf_sprintf
                0x0000000000016b0c      0x150 ./zf_common/zf_common_function.o
 *fill*         0x0000000000016c5c        0x4 
 .rodata.zf_sprintf.cst8
                0x0000000000016c60        0x8 ./zf_common/zf_common_function.o
 .rodata.ImageProcessingStatusInit.cst4
                0x0000000000016c68        0xc ./user_c/cam.o
 .rodata.CarInfoItem0
                0x0000000000016c74       0x11 ./user_c/control.o
                0x0000000000016c74                CarInfoItem0
 *fill*         0x0000000000016c85        0x3 
 .rodata.CarInfoItem1
                0x0000000000016c88        0xe ./user_c/control.o
                0x0000000000016c88                CarInfoItem1
 *fill*         0x0000000000016c96        0x2 
 .rodata.CarInfoItem2
                0x0000000000016c98        0xd ./user_c/control.o
                0x0000000000016c98                CarInfoItem2
 *fill*         0x0000000000016ca5        0x3 
 .rodata.CarInfoShow.str1.4
                0x0000000000016ca8       0x2f ./user_c/control.o
 *fill*         0x0000000000016cd7        0x1 
 .rodata.ClosedLoopModePrams
                0x0000000000016cd8       0x28 ./user_c/control.o
                0x0000000000016cd8                ClosedLoopModePrams
 .rodata.DiffSpeedControl.cst4
                0x0000000000016d00        0x4 ./user_c/control.o
 *fill*         0x0000000000016d04        0x4 
 .rodata.DiffSpeedControl.cst8
                0x0000000000016d08       0x20 ./user_c/control.o
 .rodata.Timer6_IT.cst4
                0x0000000000016d28        0x4 ./user_c/control.o
 .rodata.BarnShow
                0x0000000000016d2c       0x1c ./user_c/display.o
 .rodata.ForkShow
                0x0000000000016d48       0x18 ./user_c/display.o
 .rodata.CircleParamsAdjust
                0x0000000000016d60       0x24 ./user_c/display.o
 .rodata.CircleShow
                0x0000000000016d84       0x18 ./user_c/display.o
 .rodata.CamShow
                0x0000000000016d9c       0x1c ./user_c/display.o
 .rodata.HMIDisplay.part.0
                0x0000000000016db8       0x20 ./user_c/display.o
 .rodata.AdjustThreshold.str1.4
                0x0000000000016dd8        0xb ./user_c/display.o
 *fill*         0x0000000000016de3        0x1 
 .rodata.BarnItem2
                0x0000000000016de4        0xb ./user_c/display.o
                0x0000000000016de4                BarnItem2
 *fill*         0x0000000000016def        0x1 
 .rodata.BarnItem3
                0x0000000000016df0        0xd ./user_c/display.o
                0x0000000000016df0                BarnItem3
 *fill*         0x0000000000016dfd        0x3 
 .rodata.BarnItem4
                0x0000000000016e00        0xb ./user_c/display.o
                0x0000000000016e00                BarnItem4
 *fill*         0x0000000000016e0b        0x1 
 .rodata.BarnItem5
                0x0000000000016e0c        0xa ./user_c/display.o
                0x0000000000016e0c                BarnItem5
 *fill*         0x0000000000016e16        0x2 
 .rodata.BarnItem6
                0x0000000000016e18        0x9 ./user_c/display.o
                0x0000000000016e18                BarnItem6
 *fill*         0x0000000000016e21        0x3 
 .rodata.CamItem1
                0x0000000000016e24        0xa ./user_c/display.o
                0x0000000000016e24                CamItem1
 *fill*         0x0000000000016e2e        0x2 
 .rodata.CamItem3
                0x0000000000016e30        0x9 ./user_c/display.o
                0x0000000000016e30                CamItem3
 *fill*         0x0000000000016e39        0x3 
 .rodata.CamItem4
                0x0000000000016e3c        0x9 ./user_c/display.o
                0x0000000000016e3c                CamItem4
 *fill*         0x0000000000016e45        0x3 
 .rodata.CamItem5
                0x0000000000016e48        0x9 ./user_c/display.o
                0x0000000000016e48                CamItem5
 *fill*         0x0000000000016e51        0x3 
 .rodata.CamItem6
                0x0000000000016e54        0xb ./user_c/display.o
                0x0000000000016e54                CamItem6
 *fill*         0x0000000000016e5f        0x1 
 .rodata.CamItem7
                0x0000000000016e60        0xb ./user_c/display.o
                0x0000000000016e60                CamItem7
 *fill*         0x0000000000016e6b        0x1 
 .rodata.CamProcessing.str1.4
                0x0000000000016e6c       0x1e ./user_c/display.o
 *fill*         0x0000000000016e8a        0x2 
 .rodata.CircleItem0
                0x0000000000016e8c        0xd ./user_c/display.o
                0x0000000000016e8c                CircleItem0
 *fill*         0x0000000000016e99        0x3 
 .rodata.CircleItem1
                0x0000000000016e9c        0xc ./user_c/display.o
                0x0000000000016e9c                CircleItem1
 .rodata.CircleItem2
                0x0000000000016ea8        0xc ./user_c/display.o
                0x0000000000016ea8                CircleItem2
 .rodata.CircleItem3
                0x0000000000016eb4        0xd ./user_c/display.o
                0x0000000000016eb4                CircleItem3
 *fill*         0x0000000000016ec1        0x3 
 .rodata.CircleItem4
                0x0000000000016ec4        0x9 ./user_c/display.o
                0x0000000000016ec4                CircleItem4
 *fill*         0x0000000000016ecd        0x3 
 .rodata.CircleItem5
                0x0000000000016ed0        0x9 ./user_c/display.o
                0x0000000000016ed0                CircleItem5
 *fill*         0x0000000000016ed9        0x3 
 .rodata.CircleItem6
                0x0000000000016edc        0x9 ./user_c/display.o
                0x0000000000016edc                CircleItem6
 *fill*         0x0000000000016ee5        0x3 
 .rodata.CircleItem7
                0x0000000000016ee8        0x9 ./user_c/display.o
                0x0000000000016ee8                CircleItem7
 *fill*         0x0000000000016ef1        0x3 
 .rodata.CirclexItem1
                0x0000000000016ef4        0x9 ./user_c/display.o
                0x0000000000016ef4                CirclexItem1
 *fill*         0x0000000000016efd        0x3 
 .rodata.CirclexItem2
                0x0000000000016f00        0xb ./user_c/display.o
                0x0000000000016f00                CirclexItem2
 *fill*         0x0000000000016f0b        0x1 
 .rodata.CirclexItem3
                0x0000000000016f0c        0x9 ./user_c/display.o
                0x0000000000016f0c                CirclexItem3
 *fill*         0x0000000000016f15        0x3 
 .rodata.CirclexItem4
                0x0000000000016f18        0xb ./user_c/display.o
                0x0000000000016f18                CirclexItem4
 *fill*         0x0000000000016f23        0x1 
 .rodata.CirclexItem5
                0x0000000000016f24        0x9 ./user_c/display.o
                0x0000000000016f24                CirclexItem5
 *fill*         0x0000000000016f2d        0x3 
 .rodata.CirclexItem6
                0x0000000000016f30        0xa ./user_c/display.o
                0x0000000000016f30                CirclexItem6
 *fill*         0x0000000000016f3a        0x2 
 .rodata.CirclexItem8
                0x0000000000016f3c        0x9 ./user_c/display.o
                0x0000000000016f3c                CirclexItem8
 .rodata.DirAdjust.str1.4
                0x0000000000016f45       0x1e ./user_c/display.o
                                          0x6 (size before relaxing)
 *fill*         0x0000000000016f45        0x3 
 .rodata.ForkItem1
                0x0000000000016f48        0x9 ./user_c/display.o
                0x0000000000016f48                ForkItem1
 *fill*         0x0000000000016f51        0x3 
 .rodata.ForkItem2
                0x0000000000016f54        0xa ./user_c/display.o
                0x0000000000016f54                ForkItem2
 *fill*         0x0000000000016f5e        0x2 
 .rodata.ForkxItem1
                0x0000000000016f60        0x9 ./user_c/display.o
                0x0000000000016f60                ForkxItem1
 *fill*         0x0000000000016f69        0x3 
 .rodata.ForkxItem2
                0x0000000000016f6c        0xa ./user_c/display.o
                0x0000000000016f6c                ForkxItem2
 *fill*         0x0000000000016f76        0x2 
 .rodata.ImgShowGird.str1.4
                0x0000000000016f78       0x1b ./user_c/display.o
 *fill*         0x0000000000016f93        0x1 
 .rodata.Item3  0x0000000000016f94        0x9 ./user_c/display.o
                0x0000000000016f94                Item3
 *fill*         0x0000000000016f9d        0x3 
 .rodata.MenuChoose.constprop.6.str1.4
                0x0000000000016fa0        0x3 ./user_c/display.o
 .rodata.StateAdjust.str1.4
                0x0000000000016fa3        0x6 ./user_c/display.o
 .rodata.ElcCenterCalculate.cst4
                0x0000000000016fa3        0x4 ./user_c/elc.o
 *fill*         0x0000000000016fa3        0x1 
 .rodata.ElcNormalized.cst4
                0x0000000000016fa4        0x4 ./user_c/elc.o
 .rodata.ElcShow.str1.4
                0x0000000000016fa8       0x6e ./user_c/elc.o
 *fill*         0x0000000000017016        0x2 
 .rodata.ImagePerspective_Init.cst8
                0x0000000000017018       0x48 ./user_c/image_deal.o
 .rodata.OSTUThreshold.cst4
                0x0000000000017060        0x4 ./user_c/image_deal.o
 .rodata.cal_middle_line.cst4
                0x0000000000017064       0x10 ./user_c/image_deal.o
                                         0x18 (size before relaxing)
 .rodata.search_line.cst4
                0x0000000000017074        0x4 ./user_c/image_deal.o
 .rodata.search_line.cst8
                0x0000000000017078        0x8 ./user_c/image_deal.o
 .rodata.search_line.str1.4
                0x0000000000017080        0xb ./user_c/image_deal.o
 *fill*         0x000000000001708b        0x5 
 .rodata.solve_line.cst8
                0x0000000000017090       0x10 ./user_c/image_deal.o
 .rodata.PIDParams_Init.cst4
                0x00000000000170a0       0x24 ./user_c/pid.o
                                         0x30 (size before relaxing)
 .rodata.OTG_FS_IRQHandler
                0x00000000000170c4       0xbc ./sdk/Peripheral/ch32v30x_usbotg_device.o
 .rodata.MyCfgDescrHD
                0x0000000000017180       0x43 ./sdk/Peripheral/ch32v30x_usbotg_device.o
                0x0000000000017180                MyCfgDescrHD
 *fill*         0x00000000000171c3        0x1 
 .rodata.MyDevDescrHD
                0x00000000000171c4       0x12 ./sdk/Peripheral/ch32v30x_usbotg_device.o
                0x00000000000171c4                MyDevDescrHD
 *fill*         0x00000000000171d6        0x2 
 .rodata.MyManuInfoHD
                0x00000000000171d8        0xe ./sdk/Peripheral/ch32v30x_usbotg_device.o
                0x00000000000171d8                MyManuInfoHD
 *fill*         0x00000000000171e6        0x2 
 .rodata.MyProdInfoHD
                0x00000000000171e8        0xc ./sdk/Peripheral/ch32v30x_usbotg_device.o
                0x00000000000171e8                MyProdInfoHD
 .rodata.MyReportDescHD
                0x00000000000171f4       0x14 ./sdk/Peripheral/ch32v30x_usbotg_device.o
                0x00000000000171f4                MyReportDescHD
 .rodata.MySerNumInfoHD
                0x0000000000017208       0x16 ./sdk/Peripheral/ch32v30x_usbotg_device.o
                0x0000000000017208                MySerNumInfoHD
 *fill*         0x000000000001721e        0x2 
 .rodata.MyUSBQUADescHD
                0x0000000000017220        0xa ./sdk/Peripheral/ch32v30x_usbotg_device.o
                0x0000000000017220                MyUSBQUADescHD
 *fill*         0x000000000001722a        0x2 
 .rodata.OTG_FS_IRQHandler.str1.4
                0x000000000001722c       0x41 ./sdk/Peripheral/ch32v30x_usbotg_device.o
 *fill*         0x000000000001726d        0x3 
 .rodata.All_Init.str1.4
                0x0000000000017270       0x43 ./code/All_Init.o
 *fill*         0x00000000000172b3        0x1 
 .rodata.EncoderRead.cst4
                0x00000000000172b4        0xc ./code/Device.o
                                         0x10 (size before relaxing)
 .rodata.EncoderRead.cst8
                0x00000000000172c0       0x10 ./code/Device.o
                                         0x18 (size before relaxing)
 .rodata.EncoderShow.str1.4
                0x00000000000172d0       0x50 ./code/Device.o
 .rodata.MotorShow.str1.4
                0x0000000000017320        0xe ./code/Device.o
 *fill*         0x000000000001732e        0x2 
 .rodata.ServoShow.str1.4
                0x0000000000017330        0xa ./code/Device.o
 *fill*         0x000000000001733a        0x6 
 .rodata.__ieee754_rem_pio2.cst8
                0x0000000000017340       0x40 c:/mounriver/mounriver_studio/toolchain/risc-v embedded gcc/bin/../lib/gcc/riscv-none-embed/8.2.0/../../../../riscv-none-embed/lib/rv32imac/ilp32\libm.a(lib_a-e_rem_pio2.o)
                                         0x48 (size before relaxing)
 .rodata.npio2_hw
                0x0000000000017380       0x80 c:/mounriver/mounriver_studio/toolchain/risc-v embedded gcc/bin/../lib/gcc/riscv-none-embed/8.2.0/../../../../riscv-none-embed/lib/rv32imac/ilp32\libm.a(lib_a-e_rem_pio2.o)
 .rodata.two_over_pi
                0x0000000000017400      0x108 c:/mounriver/mounriver_studio/toolchain/risc-v embedded gcc/bin/../lib/gcc/riscv-none-embed/8.2.0/../../../../riscv-none-embed/lib/rv32imac/ilp32\libm.a(lib_a-e_rem_pio2.o)
 .rodata.PIo2   0x0000000000017508       0x40 c:/mounriver/mounriver_studio/toolchain/risc-v embedded gcc/bin/../lib/gcc/riscv-none-embed/8.2.0/../../../../riscv-none-embed/lib/rv32imac/ilp32\libm.a(lib_a-k_rem_pio2.o)
 .rodata.__kernel_rem_pio2.cst8
                0x0000000000017548       0x20 c:/mounriver/mounriver_studio/toolchain/risc-v embedded gcc/bin/../lib/gcc/riscv-none-embed/8.2.0/../../../../riscv-none-embed/lib/rv32imac/ilp32\libm.a(lib_a-k_rem_pio2.o)
                                         0x38 (size before relaxing)
 .rodata.init_jk
                0x0000000000017568       0x10 c:/mounriver/mounriver_studio/toolchain/risc-v embedded gcc/bin/../lib/gcc/riscv-none-embed/8.2.0/../../../../riscv-none-embed/lib/rv32imac/ilp32\libm.a(lib_a-k_rem_pio2.o)
 .rodata.__kernel_tan.cst8
                0x0000000000017578       0x80 c:/mounriver/mounriver_studio/toolchain/risc-v embedded gcc/bin/../lib/gcc/riscv-none-embed/8.2.0/../../../../riscv-none-embed/lib/rv32imac/ilp32\libm.a(lib_a-k_tan.o)
                                         0x88 (size before relaxing)
 .rodata.floor.cst8
                0x00000000000175f8        0x8 c:/mounriver/mounriver_studio/toolchain/risc-v embedded gcc/bin/../lib/gcc/riscv-none-embed/8.2.0/../../../../riscv-none-embed/lib/rv32imac/ilp32\libm.a(lib_a-s_floor.o)
 .rodata.scalbn.cst8
                0x0000000000017600       0x18 c:/mounriver/mounriver_studio/toolchain/risc-v embedded gcc/bin/../lib/gcc/riscv-none-embed/8.2.0/../../../../riscv-none-embed/lib/rv32imac/ilp32\libm.a(lib_a-s_scalbn.o)
                                         0x20 (size before relaxing)
 .rodata.__divdf3
                0x0000000000017618       0x40 c:/mounriver/mounriver_studio/toolchain/risc-v embedded gcc/bin/../lib/gcc/riscv-none-embed/8.2.0/rv32imac/ilp32\libgcc.a(divdf3.o)
 .rodata.__muldf3
                0x0000000000017658       0x40 c:/mounriver/mounriver_studio/toolchain/risc-v embedded gcc/bin/../lib/gcc/riscv-none-embed/8.2.0/rv32imac/ilp32\libgcc.a(muldf3.o)
 .rodata.__divsf3
                0x0000000000017698       0x80 c:/mounriver/mounriver_studio/toolchain/risc-v embedded gcc/bin/../lib/gcc/riscv-none-embed/8.2.0/rv32imac/ilp32\libgcc.a(divsf3.o)
 .rodata.__mulsf3
                0x0000000000017718       0x40 c:/mounriver/mounriver_studio/toolchain/risc-v embedded gcc/bin/../lib/gcc/riscv-none-embed/8.2.0/rv32imac/ilp32\libgcc.a(mulsf3.o)
 .rodata.__clz_tab
                0x0000000000017758      0x100 c:/mounriver/mounriver_studio/toolchain/risc-v embedded gcc/bin/../lib/gcc/riscv-none-embed/8.2.0/rv32imac/ilp32\libgcc.a(_clz.o)
                0x0000000000017758                __clz_tab
 .rodata._printf_float.cst8
                0x0000000000017858        0x8 c:/mounriver/mounriver_studio/toolchain/risc-v embedded gcc/bin/../lib/gcc/riscv-none-embed/8.2.0/../../../../riscv-none-embed/lib/rv32imac/ilp32\libg_nano.a(lib_a-nano-vfprintf_float.o)
 .rodata._printf_float.str1.4
                0x0000000000017860       0x12 c:/mounriver/mounriver_studio/toolchain/risc-v embedded gcc/bin/../lib/gcc/riscv-none-embed/8.2.0/../../../../riscv-none-embed/lib/rv32imac/ilp32\libg_nano.a(lib_a-nano-vfprintf_float.o)
 *fill*         0x0000000000017872        0x2 
 .rodata._printf_i.str1.4
                0x0000000000017874       0x25 c:/mounriver/mounriver_studio/toolchain/risc-v embedded gcc/bin/../lib/gcc/riscv-none-embed/8.2.0/../../../../riscv-none-embed/lib/rv32imac/ilp32\libg_nano.a(lib_a-nano-vfprintf_i.o)
 *fill*         0x0000000000017899        0x7 
 .rodata._dtoa_r.cst8
                0x00000000000178a0       0x30 c:/mounriver/mounriver_studio/toolchain/risc-v embedded gcc/bin/../lib/gcc/riscv-none-embed/8.2.0/../../../../riscv-none-embed/lib/rv32imac/ilp32\libg_nano.a(lib_a-dtoa.o)
                                         0x48 (size before relaxing)
 .rodata._dtoa_r.str1.4
                0x00000000000178d0       0x10 c:/mounriver/mounriver_studio/toolchain/risc-v embedded gcc/bin/../lib/gcc/riscv-none-embed/8.2.0/../../../../riscv-none-embed/lib/rv32imac/ilp32\libg_nano.a(lib_a-dtoa.o)
                                         0x12 (size before relaxing)
 .rodata.__sf_fake_stderr
                0x00000000000178e0       0x20 c:/mounriver/mounriver_studio/toolchain/risc-v embedded gcc/bin/../lib/gcc/riscv-none-embed/8.2.0/../../../../riscv-none-embed/lib/rv32imac/ilp32\libg_nano.a(lib_a-findfp.o)
                0x00000000000178e0                __sf_fake_stderr
 .rodata.__sf_fake_stdin
                0x0000000000017900       0x20 c:/mounriver/mounriver_studio/toolchain/risc-v embedded gcc/bin/../lib/gcc/riscv-none-embed/8.2.0/../../../../riscv-none-embed/lib/rv32imac/ilp32\libg_nano.a(lib_a-findfp.o)
                0x0000000000017900                __sf_fake_stdin
 .rodata.__sf_fake_stdout
                0x0000000000017920       0x20 c:/mounriver/mounriver_studio/toolchain/risc-v embedded gcc/bin/../lib/gcc/riscv-none-embed/8.2.0/../../../../riscv-none-embed/lib/rv32imac/ilp32\libg_nano.a(lib_a-findfp.o)
                0x0000000000017920                __sf_fake_stdout
 .rodata.__mprec_bigtens
                0x0000000000017940       0x28 c:/mounriver/mounriver_studio/toolchain/risc-v embedded gcc/bin/../lib/gcc/riscv-none-embed/8.2.0/../../../../riscv-none-embed/lib/rv32imac/ilp32\libg_nano.a(lib_a-mprec.o)
                0x0000000000017940                __mprec_bigtens
 .rodata.__mprec_tens
                0x0000000000017968       0xc8 c:/mounriver/mounriver_studio/toolchain/risc-v embedded gcc/bin/../lib/gcc/riscv-none-embed/8.2.0/../../../../riscv-none-embed/lib/rv32imac/ilp32\libg_nano.a(lib_a-mprec.o)
                0x0000000000017968                __mprec_tens
 .rodata.p05.3319
                0x0000000000017a30        0xc c:/mounriver/mounriver_studio/toolchain/risc-v embedded gcc/bin/../lib/gcc/riscv-none-embed/8.2.0/../../../../riscv-none-embed/lib/rv32imac/ilp32\libg_nano.a(lib_a-mprec.o)
 .rodata._vfprintf_r.str1.4