Archive member included to satisfy reference by file (symbol)

c:/mounriver/mounriver_studio/toolchain/risc-v embedded gcc/bin/../lib/gcc/riscv-none-embed/8.2.0/../../../../riscv-none-embed/lib/rv32imac/ilp32\libm.a(lib_a-s_tan.o)
                              ./user_c/control.o (tan)
c:/mounriver/mounriver_studio/toolchain/risc-v embedded gcc/bin/../lib/gcc/riscv-none-embed/8.2.0/../../../../riscv-none-embed/lib/rv32imac/ilp32\libm.a(lib_a-w_exp.o)
                              ./user_c/pid.o (exp)
c:/mounriver/mounriver_studio/toolchain/risc-v embedded gcc/bin/../lib/gcc/riscv-none-embed/8.2.0/../../../../riscv-none-embed/lib/rv32imac/ilp32\libm.a(lib_a-e_exp.o)
                              c:/mounriver/mounriver_studio/toolchain/risc-v embedded gcc/bin/../lib/gcc/riscv-none-embed/8.2.0/../../../../riscv-none-embed/lib/rv32imac/ilp32\libm.a(lib_a-w_exp.o) (__ieee754_exp)
c:/mounriver/mounriver_studio/toolchain/risc-v embedded gcc/bin/../lib/gcc/riscv-none-embed/8.2.0/../../../../riscv-none-embed/lib/rv32imac/ilp32\libm.a(lib_a-e_rem_pio2.o)
                              c:/mounriver/mounriver_studio/toolchain/risc-v embedded gcc/bin/../lib/gcc/riscv-none-embed/8.2.0/../../../../riscv-none-embed/lib/rv32imac/ilp32\libm.a(lib_a-s_tan.o) (__ieee754_rem_pio2)
c:/mounriver/mounriver_studio/toolchain/risc-v embedded gcc/bin/../lib/gcc/riscv-none-embed/8.2.0/../../../../riscv-none-embed/lib/rv32imac/ilp32\libm.a(lib_a-k_rem_pio2.o)
                              c:/mounriver/mounriver_studio/toolchain/risc-v embedded gcc/bin/../lib/gcc/riscv-none-embed/8.2.0/../../../../riscv-none-embed/lib/rv32imac/ilp32\libm.a(lib_a-e_rem_pio2.o) (__kernel_rem_pio2)
c:/mounriver/mounriver_studio/toolchain/risc-v embedded gcc/bin/../lib/gcc/riscv-none-embed/8.2.0/../../../../riscv-none-embed/lib/rv32imac/ilp32\libm.a(lib_a-k_tan.o)
                              c:/mounriver/mounriver_studio/toolchain/risc-v embedded gcc/bin/../lib/gcc/riscv-none-embed/8.2.0/../../../../riscv-none-embed/lib/rv32imac/ilp32\libm.a(lib_a-s_tan.o) (__kernel_tan)
c:/mounriver/mounriver_studio/toolchain/risc-v embedded gcc/bin/../lib/gcc/riscv-none-embed/8.2.0/../../../../riscv-none-embed/lib/rv32imac/ilp32\libm.a(lib_a-s_fabs.o)
                              c:/mounriver/mounriver_studio/toolchain/risc-v embedded gcc/bin/../lib/gcc/riscv-none-embed/8.2.0/../../../../riscv-none-embed/lib/rv32imac/ilp32\libm.a(lib_a-e_rem_pio2.o) (fabs)
c:/mounriver/mounriver_studio/toolchain/risc-v embedded gcc/bin/../lib/gcc/riscv-none-embed/8.2.0/../../../../riscv-none-embed/lib/rv32imac/ilp32\libm.a(lib_a-s_finite.o)
                              c:/mounriver/mounriver_studio/toolchain/risc-v embedded gcc/bin/../lib/gcc/riscv-none-embed/8.2.0/../../../../riscv-none-embed/lib/rv32imac/ilp32\libm.a(lib_a-w_exp.o) (finite)
c:/mounriver/mounriver_studio/toolchain/risc-v embedded gcc/bin/../lib/gcc/riscv-none-embed/8.2.0/../../../../riscv-none-embed/lib/rv32imac/ilp32\libm.a(lib_a-s_floor.o)
                              c:/mounriver/mounriver_studio/toolchain/risc-v embedded gcc/bin/../lib/gcc/riscv-none-embed/8.2.0/../../../../riscv-none-embed/lib/rv32imac/ilp32\libm.a(lib_a-k_rem_pio2.o) (floor)
c:/mounriver/mounriver_studio/toolchain/risc-v embedded gcc/bin/../lib/gcc/riscv-none-embed/8.2.0/../../../../riscv-none-embed/lib/rv32imac/ilp32\libm.a(lib_a-s_lib_ver.o)
                              c:/mounriver/mounriver_studio/toolchain/risc-v embedded gcc/bin/../lib/gcc/riscv-none-embed/8.2.0/../../../../riscv-none-embed/lib/rv32imac/ilp32\libm.a(lib_a-w_exp.o) (__fdlib_version)
c:/mounriver/mounriver_studio/toolchain/risc-v embedded gcc/bin/../lib/gcc/riscv-none-embed/8.2.0/../../../../riscv-none-embed/lib/rv32imac/ilp32\libm.a(lib_a-s_matherr.o)
                              c:/mounriver/mounriver_studio/toolchain/risc-v embedded gcc/bin/../lib/gcc/riscv-none-embed/8.2.0/../../../../riscv-none-embed/lib/rv32imac/ilp32\libm.a(lib_a-w_exp.o) (matherr)
c:/mounriver/mounriver_studio/toolchain/risc-v embedded gcc/bin/../lib/gcc/riscv-none-embed/8.2.0/../../../../riscv-none-embed/lib/rv32imac/ilp32\libm.a(lib_a-s_scalbn.o)
                              c:/mounriver/mounriver_studio/toolchain/risc-v embedded gcc/bin/../lib/gcc/riscv-none-embed/8.2.0/../../../../riscv-none-embed/lib/rv32imac/ilp32\libm.a(lib_a-k_rem_pio2.o) (scalbn)
c:/mounriver/mounriver_studio/toolchain/risc-v embedded gcc/bin/../lib/gcc/riscv-none-embed/8.2.0/../../../../riscv-none-embed/lib/rv32imac/ilp32\libm.a(lib_a-s_copysign.o)
                              c:/mounriver/mounriver_studio/toolchain/risc-v embedded gcc/bin/../lib/gcc/riscv-none-embed/8.2.0/../../../../riscv-none-embed/lib/rv32imac/ilp32\libm.a(lib_a-s_scalbn.o) (copysign)
c:/mounriver/mounriver_studio/toolchain/risc-v embedded gcc/bin/../lib/gcc/riscv-none-embed/8.2.0/rv32imac/ilp32\libgcc.a(_udivdi3.o)
                              ./zf_driver/zf_driver_delay.o (__udivdi3)
[...]
Memory Configuration

Name             Origin             Length             Attributes
RAM              0x0000000020000000 0x0000000000020000 xrw
FLASH            0x0000000000000000 0x000000000002f000 xr
*default*        0x0000000000000000 0xffffffffffffffff

Linker script and memory map

LOAD ./zf_driver/zf_driver_adc.o
LOAD ./zf_driver/zf_driver_delay.o
LOAD ./zf_driver/zf_driver_dvp.o
LOAD ./zf_driver/zf_driver_encoder.o
LOAD ./zf_driver/zf_driver_flash.o
LOAD ./zf_driver/zf_driver_gpio.o
LOAD ./zf_driver/zf_driver_irq.o
LOAD ./zf_driver/zf_driver_pit.o
LOAD ./zf_driver/zf_driver_pwm.o
LOAD ./zf_driver/zf_driver_soft_iic.o
LOAD ./zf_driver/zf_driver_spi.o
LOAD ./zf_driver/zf_driver_timer.o
LOAD ./zf_driver/zf_driver_uart.o
LOAD ./zf_driver/zf_driver_usb_cdc.o
LOAD ./zf_device/zf_device_absolute_encoder.o
LOAD ./zf_device/zf_device_bluetooth_ch9141.o
LOAD ./zf_device/zf_device_bluetooth_ch9141_ch2.o
LOAD ./zf_device/zf_device_camera.o
LOAD ./zf_device/zf_device_icm20602.o
LOAD ./zf_device/zf_device_ips114.o
LOAD ./zf_device/zf_device_ips200_parallel8.o
LOAD ./zf_device/zf_device_mpu6050.o
LOAD ./zf_device/zf_device_mt9v03x_dvp.o
LOAD ./zf_device/zf_device_oled.o
LOAD ./zf_device/zf_device_scc8660_dvp.o
LOAD ./zf_device/zf_device_tft180.o
LOAD ./zf_device/zf_device_type.o
LOAD ./zf_device/zf_device_wireless_uart.o
LOAD ./zf_common/zf_common_clock.o
LOAD ./zf_common/zf_common_debug.o
LOAD ./zf_common/zf_common_fifo.o
LOAD ./zf_common/zf_common_font.o
LOAD ./zf_common/zf_common_function.o
LOAD ./zf_common/zf_common_interrupt.o
LOAD ./user_c/cam.o
LOAD ./user_c/control.o
LOAD ./user_c/display.o
LOAD ./user_c/elc.o
LOAD ./user_c/element.o
LOAD ./user_c/image_deal.o
LOAD ./user_c/isr.o
LOAD ./user_c/main.o
LOAD ./user_c/pid.o
LOAD ./sdk/Startup/startup_ch32v30x.o
LOAD ./sdk/Startup/system_ch32v30x.o
LOAD ./sdk/Peripheral/ch32v30x_adc.o
LOAD ./sdk/Peripheral/ch32v30x_bkp.o
LOAD ./sdk/Peripheral/ch32v30x_can.o
LOAD ./sdk/Peripheral/ch32v30x_crc.o
LOAD ./sdk/Peripheral/ch32v30x_dac.o
LOAD ./sdk/Peripheral/ch32v30x_dbgmcu.o
LOAD ./sdk/Peripheral/ch32v30x_dma.o
LOAD ./sdk/Peripheral/ch32v30x_dvp.o
LOAD ./sdk/Peripheral/ch32v30x_eth.o
LOAD ./sdk/Peripheral/ch32v30x_exti.o
LOAD ./sdk/Peripheral/ch32v30x_flash.o
LOAD ./sdk/Peripheral/ch32v30x_fsmc.o
LOAD ./sdk/Peripheral/ch32v30x_gpio.o
LOAD ./sdk/Peripheral/ch32v30x_i2c.o
LOAD ./sdk/Peripheral/ch32v30x_iwdg.o
LOAD ./sdk/Peripheral/ch32v30x_misc.o
LOAD ./sdk/Peripheral/ch32v30x_opa.o
LOAD ./sdk/Peripheral/ch32v30x_pwr.o
LOAD ./sdk/Peripheral/ch32v30x_rcc.o
LOAD ./sdk/Peripheral/ch32v30x_rng.o
LOAD ./sdk/Peripheral/ch32v30x_rtc.o
LOAD ./sdk/Peripheral/ch32v30x_sdio.o
LOAD ./sdk/Peripheral/ch32v30x_spi.o
LOAD ./sdk/Peripheral/ch32v30x_tim.o
LOAD ./sdk/Peripheral/ch32v30x_usart.o
LOAD ./sdk/Peripheral/ch32v30x_usbotg_device.o
LOAD ./sdk/Peripheral/ch32v30x_wwdg.o
LOAD ./sdk/Core/core_riscv.o
LOAD ./code/ANO_DT.o
LOAD ./code/All_Init.o
LOAD ./code/Device.o
LOAD ./code/Filter.o
LOAD ./code/My_Flash.o
LOAD c:/mounriver/mounriver_studio/toolchain/risc-v embedded gcc/bin/../lib/gcc/riscv-none-embed/8.2.0/../../../../riscv-none-embed/lib/rv32imac/ilp32\libm.a
LOAD c:/mounriver/mounriver_studio/toolchain/risc-v embedded gcc/bin/../lib/gcc/riscv-none-embed/8.2.0/rv32imac/ilp32\libgcc.a
LOAD c:/mounriver/mounriver_studio/toolchain/risc-v embedded gcc/bin/../lib/gcc/riscv-none-embed/8.2.0/../../../../riscv-none-embed/lib/rv32imac/ilp32\libg_nano.a
LOAD c:/mounriver/mounriver_studio/toolchain/risc-v embedded gcc/bin/../lib/gcc/riscv-none-embed/8.2.0/../../../../riscv-none-embed/lib/rv32imac/ilp32\libc_nano.a
LOAD c:/mounriver/mounriver_studio/toolchain/risc-v embedded gcc/bin/../lib/gcc/riscv-none-embed/8.2.0/rv32imac/ilp32\libgcc.a
START GROUP
LOAD c:/mounriver/mounriver_studio/toolchain/risc-v embedded gcc/bin/../lib/gcc/riscv-none-embed/8.2.0/rv32imac/ilp32\libgcc.a
LOAD c:/mounriver/mounriver_studio/toolchain/risc-v embedded gcc/bin/../lib/gcc/riscv-none-embed/8.2.0/../../../../riscv-none-embed/lib/rv32imac/ilp32\libc_nano.a
LOAD c:/mounriver/mounriver_studio/toolchain/risc-v embedded gcc/bin/../lib/gcc/riscv-none-embed/8.2.0/../../../../riscv-none-embed/lib/rv32imac/ilp32\libnosys.a
END GROUP
START GROUP
LOAD c:/mounriver/mounriver_studio/toolchain/risc-v embedded gcc/bin/../lib/gcc/riscv-none-embed/8.2.0/rv32imac/ilp32\libgcc.a
LOAD c:/mounriver/mounriver_studio/toolchain/risc-v embedded gcc/bin/../lib/gcc/riscv-none-embed/8.2.0/../../../../riscv-none-embed/lib/rv32imac/ilp32\libc_nano.a
LOAD c:/mounriver/mounriver_studio/toolchain/risc-v embedded gcc/bin/../lib/gcc/riscv-none-embed/8.2.0/../../../../riscv-none-embed/lib/rv32imac/ilp32\libnosys.a
END GROUP
                0x0000000000000800                __stack_size = 0x800
                [!provide]                        PROVIDE (_stack_size = __stack_size)

.init           0x0000000000000000       0x38
                0x0000000000000000                _sinit = .
                0x0000000000000000                . = ALIGN (0x4)
 *(SORT_NONE(.init))
 .init          0x0000000000000000       0x38 ./sdk/Startup/startup_ch32v30x.o
                0x0000000000000000                _start
                0x0000000000000038                . = ALIGN (0x4)
                0x0000000000000038                _einit = .

.vector         0x0000000000000038      0x1c8
 *(.vector)
 .vector        0x0000000000000038      0x1a0 ./sdk/Startup/startup_ch32v30x.o
                0x0000000000000200                . = ALIGN (0x40)
 *fill*         0x00000000000001d8       0x28 

.text           0x0000000000000200    0x16b4c
                0x0000000000000200                . = ALIGN (0x4)
 *(.text)
 .text          0x0000000000000200       0x14 ./zf_driver/zf_driver_irq.o
                0x0000000000000200                dis_interrupt
                0x0000000000000206                en_interrupt
 .text          0x0000000000000214       0xa8 c:/mounriver/mounriver_studio/toolchain/risc-v embedded gcc/bin/../lib/gcc/riscv-none-embed/8.2.0/../../../../riscv-none-embed/lib/rv32imac/ilp32\libg_nano.a(lib_a-memset.o)
                0x0000000000000214                memset
 *(.text.*)
 .text.adc_gpio_init
                0x00000000000002bc       0xc6 ./zf_driver/zf_driver_adc.o
                0x00000000000002bc                adc_gpio_init
 .text.adc_convert
                0x0000000000000382       0x54 ./zf_driver/zf_driver_adc.o
                0x0000000000000382                adc_convert
 .text.adc_init
                0x00000000000003d6       0x92 ./zf_driver/zf_driver_adc.o
                0x00000000000003d6                adc_init
 .text.system_delay
                0x0000000000000468       0x2a ./zf_driver/zf_driver_delay.o
                0x0000000000000468                system_delay
 .text.dvp_gpio_init
                0x0000000000000492       0xcc ./zf_driver/zf_driver_dvp.o
                0x0000000000000492                dvp_gpio_init
 .text.dvp_camera_init
                0x000000000000055e       0xb6 ./zf_driver/zf_driver_dvp.o
                0x000000000000055e                dvp_camera_init
 .text.encoder_get_count
                0x0000000000000614       0x54 ./zf_driver/zf_driver_encoder.o
                0x0000000000000614                encoder_get_count
 .text.encoder_clean_count
                0x0000000000000668       0x12 ./zf_driver/zf_driver_encoder.o
                0x0000000000000668                encoder_clean_count
 .text.encoder_init_dir
                0x000000000000067a      0x16a ./zf_driver/zf_driver_encoder.o
                0x000000000000067a                encoder_init_dir
 .text.gpio_set_level
                0x00000000000007e4       0x24 ./zf_driver/zf_driver_gpio.o
                0x00000000000007e4                gpio_set_level
 .text.gpio_get_level
                0x0000000000000808       0x22 ./zf_driver/zf_driver_gpio.o
                0x0000000000000808                gpio_get_level
 .text.gpio_toggle_level
                0x000000000000082a       0x24 ./zf_driver/zf_driver_gpio.o
                0x000000000000082a                gpio_toggle_level
 .text.gpio_init
                0x000000000000084e      0x10c ./zf_driver/zf_driver_gpio.o
                0x000000000000084e                gpio_init
 .text.pit_init
                0x000000000000095a       0xfe ./zf_driver/zf_driver_pit.o
                0x000000000000095a                pit_init
 .text.pwm_gpio_init
                0x0000000000000a58      0x472 ./zf_driver/zf_driver_pwm.o
                0x0000000000000a58                pwm_gpio_init
 .text.pwm_set_duty
                0x0000000000000eca       0x76 ./zf_driver/zf_driver_pwm.o
                0x0000000000000eca                pwm_set_duty
 .text.pwm_init
                0x0000000000000f40      0x236 ./zf_driver/zf_driver_pwm.o
                0x0000000000000f40                pwm_init
 .text.spi_gpio_init
                0x0000000000001176      0x1aa ./zf_driver/zf_driver_spi.o
                0x0000000000001176                spi_gpio_init
 .text.spi_init
                0x0000000000001320      0x20e ./zf_driver/zf_driver_spi.o
                0x0000000000001320                spi_init
 .text.spi_write_8bit
                0x000000000000152e       0x1c ./zf_driver/zf_driver_spi.o
                0x000000000000152e                spi_write_8bit
 .text.spi_write_16bit
                0x000000000000154a       0x32 ./zf_driver/zf_driver_spi.o
                0x000000000000154a                spi_write_16bit
 .text.timer_funciton_check
                0x000000000000157c       0x1e ./zf_driver/zf_driver_timer.o
                0x000000000000157c                timer_funciton_check
 .text.timer_clock_enable
                0x000000000000159a       0x8a ./zf_driver/zf_driver_timer.o
                0x000000000000159a                timer_clock_enable
 .text.uart_gpio_init
                0x0000000000001624      0x320 ./zf_driver/zf_driver_uart.o
                0x0000000000001624                uart_gpio_init
 .text.uart_write_buffer
                0x0000000000001944       0x30 ./zf_driver/zf_driver_uart.o
                0x0000000000001944                uart_write_buffer
 .text.uart_rx_interrupt
                0x0000000000001974       0x52 ./zf_driver/zf_driver_uart.o
                0x0000000000001974                uart_rx_interrupt
 .text.uart_query_byte
                0x00000000000019c6       0x26 ./zf_driver/zf_driver_uart.o
                0x00000000000019c6                uart_query_byte
 .text.uart_init
                0x00000000000019ec      0x204 ./zf_driver/zf_driver_uart.o
                0x00000000000019ec                uart_init
 .text.bluetooth_ch9141_uart_callback_ch1
                0x0000000000001bf0       0x90 ./zf_device/zf_device_bluetooth_ch9141.o
                0x0000000000001bf0                bluetooth_ch9141_uart_callback_ch1
 .text.bluetooth_ch9141_uart_callback_ch2
                0x0000000000001c80       0x90 ./zf_device/zf_device_bluetooth_ch9141_ch2.o
                0x0000000000001c80                bluetooth_ch9141_uart_callback_ch2
 .text.camera_uart_handler
                0x0000000000001d10       0x20 ./zf_device/zf_device_camera.o
                0x0000000000001d10                camera_uart_handler
 .text.camera_dvp_handler
                0x0000000000001d30       0x1a ./zf_device/zf_device_camera.o
                0x0000000000001d30                camera_dvp_handler
 .text.ips114_set_region
                0x0000000000001d4a      0x264 ./zf_device/zf_device_ips114.o
 .text.ips114_init
                0x0000000000001fae      0x500 ./zf_device/zf_device_ips114.o
                0x0000000000001fae                ips114_init
 .text.ips114_clear
                0x00000000000024ae       0x44 ./zf_device/zf_device_ips114.o
                0x00000000000024ae                ips114_clear
 .text.ips114_draw_point
                0x00000000000024f2       0x5e ./zf_device/zf_device_ips114.o
                0x00000000000024f2                ips114_draw_point
 .text.ips114_show_char
                0x0000000000002550       0xde ./zf_device/zf_device_ips114.o
                0x0000000000002550                ips114_show_char
 .text.ips114_show_string
                0x000000000000262e       0x70 ./zf_device/zf_device_ips114.o
                0x000000000000262e                ips114_show_string
 .text.ips114_show_int8
                0x000000000000269e       0xce ./zf_device/zf_device_ips114.o
                0x000000000000269e                ips114_show_int8
 .text.ips114_show_uint8
                0x000000000000276c       0x9e ./zf_device/zf_device_ips114.o
                0x000000000000276c                ips114_show_uint8
 .text.ips114_show_int16
                0x000000000000280a       0xe8 ./zf_device/zf_device_ips114.o
                0x000000000000280a                ips114_show_int16
 .text.ips114_show_uint16
                0x00000000000028f2       0xba ./zf_device/zf_device_ips114.o
                0x00000000000028f2                ips114_show_uint16
 .text.ips114_show_int32
                0x00000000000029ac      0x11a ./zf_device/zf_device_ips114.o
                0x00000000000029ac                ips114_show_int32
 .text.ips114_show_float
                0x0000000000002ac6      0x1c4 ./zf_device/zf_device_ips114.o
                0x0000000000002ac6                ips114_show_float
 .text.ips114_show_gray_image
                0x0000000000002c8a      0x108 ./zf_device/zf_device_ips114.o
                0x0000000000002c8a                ips114_show_gray_image
 .text.ips114_DrawXLine
                0x0000000000002d92      0x2e4 ./zf_device/zf_device_ips114.o
                0x0000000000002d92                ips114_DrawXLine
 .text.ips114_show_gray_image_vec
                0x0000000000003076      0x114 ./zf_device/zf_device_ips114.o
                0x0000000000003076                ips114_show_gray_image_vec
 .text.mt9v03x_get_config_dvp.constprop.0
                0x000000000000318a       0xf0 ./zf_device/zf_device_mt9v03x_dvp.o
 .text.mt9v03x_uart_callback_dvp
                0x000000000000327a       0x64 ./zf_device/zf_device_mt9v03x_dvp.o
                0x000000000000327a                mt9v03x_uart_callback_dvp
 .text.mt9v03x_handler_dvp
                0x00000000000032de       0x1e ./zf_device/zf_device_mt9v03x_dvp.o
                0x00000000000032de                mt9v03x_handler_dvp
 .text.mt9v03x_init_dvp
                0x00000000000032fc      0x212 ./zf_device/zf_device_mt9v03x_dvp.o
                0x00000000000032fc                mt9v03x_init_dvp
 .text.scc8660_uart_callback_dvp
                0x000000000000350e       0x64 ./zf_device/zf_device_scc8660_dvp.o
                0x000000000000350e                scc8660_uart_callback_dvp
 .text.scc8660_vsync_dvp
                0x0000000000003572       0x1e ./zf_device/zf_device_scc8660_dvp.o
                0x0000000000003572                scc8660_vsync_dvp
 .text.set_camera_type
                0x0000000000003590        0x6 ./zf_device/zf_device_type.o
                0x0000000000003590                set_camera_type
 .text.set_wireless_type
                0x0000000000003596        0x6 ./zf_device/zf_device_type.o
                0x0000000000003596                set_wireless_type
 .text.wireless_uart_callback
                0x000000000000359c       0x26 ./zf_device/zf_device_wireless_uart.o
                0x000000000000359c                wireless_uart_callback
 .text.wireless_uart_init
                0x00000000000035c2       0x52 ./zf_device/zf_device_wireless_uart.o
                0x00000000000035c2                wireless_uart_init
 .text.clock_init
                0x0000000000003614      0x1de ./zf_common/zf_common_clock.o
                0x0000000000003614                clock_init
 .text.debug_init
                0x00000000000037f2       0x2c ./zf_common/zf_common_debug.o
                0x00000000000037f2                debug_init
 .text.debug_assert_handler
                0x000000000000381e       0x2a ./zf_common/zf_common_debug.o
                0x000000000000381e                debug_assert_handler
 .text._write   0x0000000000003848       0x4e ./zf_common/zf_common_debug.o
                0x0000000000003848                _write
 .text.fifo_init
                0x0000000000003896       0x18 ./zf_common/zf_common_fifo.o
                0x0000000000003896                fifo_init
 .text.fifo_write_buffer
                0x00000000000038ae       0xba ./zf_common/zf_common_fifo.o
                0x00000000000038ae                fifo_write_buffer
 .text.fifo_read_buffer
                0x0000000000003968       0xbc ./zf_common/zf_common_fifo.o
                0x0000000000003968                fifo_read_buffer
 .text.my_delay
                0x0000000000003a24       0x20 ./zf_common/zf_common_function.o
                0x0000000000003a24                my_delay
 .text.zf_sprintf
                0x0000000000003a44      0x638 ./zf_common/zf_common_function.o
                0x0000000000003a44                zf_sprintf
 .text.interrupt_enable
                0x000000000000407c       0x1a ./zf_common/zf_common_interrupt.o
                0x000000000000407c                interrupt_enable
 .text.interrupt_disable
                0x0000000000004096       0x1a ./zf_common/zf_common_interrupt.o
                0x0000000000004096                interrupt_disable
 .text.interrupt_set_priority
                0x00000000000040b0        0xc ./zf_common/zf_common_interrupt.o
                0x00000000000040b0                interrupt_set_priority
 .text.interrupt_init
                0x00000000000040bc        0x6 ./zf_common/zf_common_interrupt.o
                0x00000000000040bc                interrupt_init
 .text.interrupt_enable_all
                0x00000000000040c2        0x8 ./zf_common/zf_common_interrupt.o
                0x00000000000040c2                interrupt_enable_all
 .text.interrupt_disable_all
                0x00000000000040ca       0x10 ./zf_common/zf_common_interrupt.o
                0x00000000000040ca                interrupt_disable_all
 .text.ImageProcessingStatusInit
                0x00000000000040da       0xc0 ./user_c/cam.o
                0x00000000000040da                ImageProcessingStatusInit
 .text.GetBorder
                0x000000000000419a      0x5de ./user_c/cam.o
                0x000000000000419a                GetBorder
 .text.clear_cross_flag
                0x0000000000004778       0x22 ./user_c/cam.o
                0x0000000000004778                clear_cross_flag
 .text.CarSystem_Init
                0x000000000000479a       0x36 ./user_c/control.o
                0x000000000000479a                CarSystem_Init
 .text.AllImageDeal
                0x00000000000047d0       0x20 ./user_c/control.o
                0x00000000000047d0                AllImageDeal
 .text.DiffSpeedControl
                0x00000000000047f0      0x174 ./user_c/control.o
                0x00000000000047f0                DiffSpeedControl
 .text.SpeedControl
                0x0000000000004964      0x134 ./user_c/control.o
                0x0000000000004964                SpeedControl
 .text.Timer6_IT
                0x0000000000004a98       0xf6 ./user_c/control.o
                0x0000000000004a98                Timer6_IT
 .text.Timer7_IT
                0x0000000000004b8e        0x2 ./user_c/control.o
                0x0000000000004b8e                Timer7_IT
 .text.CarInfoShow
                0x0000000000004b90      0x1d8 ./user_c/control.o
                0x0000000000004b90                CarInfoShow
 .text.ImageShowX.constprop.5
                0x0000000000004d68      0x12e ./user_c/display.o
 .text.MenuChoose.constprop.6
                0x0000000000004e96      0x14a ./user_c/display.o
 .text.ParamsAdjustShort
                0x0000000000004fe0      0x104 ./user_c/display.o
                0x0000000000004fe0                ParamsAdjustShort
 .text.StateAdjust
                0x00000000000050e4      0x16e ./user_c/display.o
                0x00000000000050e4                StateAdjust
 .text.DirAdjust
                0x0000000000005252      0x182 ./user_c/display.o
                0x0000000000005252                DirAdjust
 .text.EnumAdjust
                0x00000000000053d4      0x14e ./user_c/display.o
                0x00000000000053d4                EnumAdjust
 .text.MenuChoose
                0x0000000000005522      0x134 ./user_c/display.o
                0x0000000000005522                MenuChoose
 .text.ImgShowGird
                0x0000000000005656      0x1f6 ./user_c/display.o
                0x0000000000005656                ImgShowGird
 .text.ShowRepairLine
                0x000000000000584c      0x294 ./user_c/display.o
                0x000000000000584c                ShowRepairLine
 .text.AdjustThreshold
                0x0000000000005ae0      0x136 ./user_c/display.o
                0x0000000000005ae0                AdjustThreshold
 .text.CamProcessing
                0x0000000000005c16      0x192 ./user_c/display.o
                0x0000000000005c16                CamProcessing
 .text.BarnShow
                0x0000000000005da8      0x5a0 ./user_c/display.o
                0x0000000000005da8                BarnShow
 .text.ForkParamsAdjust
                0x0000000000006348      0x2b2 ./user_c/display.o
                0x0000000000006348                ForkParamsAdjust
 .text.ForkShow
                0x00000000000065fa      0x31e ./user_c/display.o
                0x00000000000065fa                ForkShow
 .text.CircleParamsAdjust
                0x0000000000006918      0x672 ./user_c/display.o
                0x0000000000006918                CircleParamsAdjust
 .text.CircleShow
                0x0000000000006f8a      0x3d0 ./user_c/display.o
                0x0000000000006f8a                CircleShow
 .text.CamShow  0x000000000000735a      0x186 ./user_c/display.o
                0x000000000000735a                CamShow
 .text.HMIDisplay.part.0
                0x00000000000074e0      0x116 ./user_c/display.o
 .text.HMIFlagCheck
                0x00000000000075f6       0x5a ./user_c/display.o
                0x00000000000075f6                HMIFlagCheck
 .text.ElcRead  0x0000000000007650      0x348 ./user_c/elc.o
                0x0000000000007650                ElcRead
 .text.ElcNormalized
                0x0000000000007998      0x288 ./user_c/elc.o
                0x0000000000007998                ElcNormalized
 .text.ElcCenterCalculate
                0x0000000000007c20      0x104 ./user_c/elc.o
                0x0000000000007c20                ElcCenterCalculate
 .text.ElcStatus_Init
                0x0000000000007d24        0xe ./user_c/elc.o
                0x0000000000007d24                ElcStatus_Init
 .text.ElcShow  0x0000000000007d32      0x1c0 ./user_c/elc.o
                0x0000000000007d32                ElcShow
 .text.init_flag
                0x0000000000007ef2       0x38 ./user_c/element.o
                0x0000000000007ef2                init_flag
 .text.judge_circle_right
                0x0000000000007f2a      0xe54 ./user_c/element.o
                0x0000000000007f2a                judge_circle_right
 .text.judge_circle_left
                0x0000000000008d7e      0xe56 ./user_c/element.o
                0x0000000000008d7e                judge_circle_left
 .text.judge_unit
                0x0000000000009bd4       0x52 ./user_c/element.o
                0x0000000000009bd4                judge_unit
 .text.ImagePerspective_Init
                0x0000000000009c26      0x1e6 ./user_c/image_deal.o
                0x0000000000009c26                ImagePerspective_Init
 .text.OSTUThreshold
                0x0000000000009e0c      0x1f6 ./user_c/image_deal.o
                0x0000000000009e0c                OSTUThreshold
 .text.GetSimBinImage
                0x000000000000a002       0x66 ./user_c/image_deal.o
                0x000000000000a002                GetSimBinImage
 .text.search_line
                0x000000000000a068      0x8be ./user_c/image_deal.o
                0x000000000000a068                search_line
 .text.cal_middle_line
                0x000000000000a926      0x17e ./user_c/image_deal.o
                0x000000000000a926                cal_middle_line
 .text.solve_line
                0x000000000000aaa4      0x480 ./user_c/image_deal.o
                0x000000000000aaa4                solve_line
 .text.USART1_IRQHandler
                0x000000000000af24       0x32 ./user_c/isr.o
                0x000000000000af24                USART1_IRQHandler
 .text.USART2_IRQHandler
                0x000000000000af56       0x42 ./user_c/isr.o
                0x000000000000af56                USART2_IRQHandler
 .text.USART3_IRQHandler
                0x000000000000af98       0x32 ./user_c/isr.o
                0x000000000000af98                USART3_IRQHandler
 .text.UART4_IRQHandler
                0x000000000000afca       0x32 ./user_c/isr.o
                0x000000000000afca                UART4_IRQHandler
 .text.UART5_IRQHandler
                0x000000000000affc       0x26 ./user_c/isr.o
                0x000000000000affc                UART5_IRQHandler
 .text.UART6_IRQHandler
                0x000000000000b022       0x32 ./user_c/isr.o
                0x000000000000b022                UART6_IRQHandler
 .text.UART7_IRQHandler
                0x000000000000b054       0x36 ./user_c/isr.o
                0x000000000000b054                UART7_IRQHandler
 .text.UART8_IRQHandler
                0x000000000000b08a       0x22 ./user_c/isr.o
                0x000000000000b08a                UART8_IRQHandler
 .text.DVP_IRQHandler
                0x000000000000b0ac       0x30 ./user_c/isr.o
                0x000000000000b0ac                DVP_IRQHandler
 .text.EXTI0_IRQHandler
                0x000000000000b0dc       0x18 ./user_c/isr.o
                0x000000000000b0dc                EXTI0_IRQHandler
 .text.EXTI1_IRQHandler
                0x000000000000b0f4       0x1a ./user_c/isr.o
                0x000000000000b0f4                EXTI1_IRQHandler
 .text.EXTI2_IRQHandler
                0x000000000000b10e       0x1a ./user_c/isr.o
                0x000000000000b10e                EXTI2_IRQHandler
 .text.EXTI3_IRQHandler
                0x000000000000b128       0x1a ./user_c/isr.o
                0x000000000000b128                EXTI3_IRQHandler
 .text.EXTI4_IRQHandler
                0x000000000000b142       0x1a ./user_c/isr.o
                0x000000000000b142                EXTI4_IRQHandler
 .text.EXTI9_5_IRQHandler
                0x000000000000b15c       0x7e ./user_c/isr.o
                0x000000000000b15c                EXTI9_5_IRQHandler
 .text.EXTI15_10_IRQHandler
                0x000000000000b1da       0xca ./user_c/isr.o
                0x000000000000b1da                EXTI15_10_IRQHandler
 .text.TIM1_UP_IRQHandler
                0x000000000000b2a4       0x2e ./user_c/isr.o
                0x000000000000b2a4                TIM1_UP_IRQHandler
 .text.TIM2_IRQHandler
                0x000000000000b2d2       0x1e ./user_c/isr.o
                0x000000000000b2d2                TIM2_IRQHandler
 .text.TIM3_IRQHandler
                0x000000000000b2f0       0x2e ./user_c/isr.o
                0x000000000000b2f0                TIM3_IRQHandler
 .text.TIM4_IRQHandler
                0x000000000000b31e       0x2e ./user_c/isr.o
                0x000000000000b31e                TIM4_IRQHandler
 .text.TIM5_IRQHandler
                0x000000000000b34c       0x2e ./user_c/isr.o
                0x000000000000b34c                TIM5_IRQHandler
 .text.TIM6_IRQHandler
                0x000000000000b37a       0x22 ./user_c/isr.o
                0x000000000000b37a                TIM6_IRQHandler
 .text.TIM7_IRQHandler
                0x000000000000b39c       0x32 ./user_c/isr.o
                0x000000000000b39c                TIM7_IRQHandler
 .text.TIM8_UP_IRQHandler
                0x000000000000b3ce       0x2e ./user_c/isr.o
                0x000000000000b3ce                TIM8_UP_IRQHandler
 .text.TIM9_UP_IRQHandler
                0x000000000000b3fc       0x2e ./user_c/isr.o
                0x000000000000b3fc                TIM9_UP_IRQHandler
 .text.TIM10_UP_IRQHandler
                0x000000000000b42a       0x1e ./user_c/isr.o
                0x000000000000b42a                TIM10_UP_IRQHandler
 .text.NMI_Handler
                0x000000000000b448        0x4 ./user_c/isr.o
                0x000000000000b448                NMI_Handler
 .text.HardFault_Handler
                0x000000000000b44c        0x2 ./user_c/isr.o
                0x000000000000b44c                HardFault_Handler
 .text.startup.main
                0x000000000000b44e       0x28 ./user_c/main.o
                0x000000000000b44e                main
 .text.PIDParams_Init
                0x000000000000b476      0x11c ./user_c/pid.o
                0x000000000000b476                PIDParams_Init
 .text.SimpleIncremental_PID
                0x000000000000b592      0x120 ./user_c/pid.o
                0x000000000000b592                SimpleIncremental_PID
 .text.ServoPosition_PID
                0x000000000000b6b2      0x14c ./user_c/pid.o
                0x000000000000b6b2                ServoPosition_PID
 .text.vector_handler
                0x000000000000b7fe       0xbe ./sdk/Startup/startup_ch32v30x.o
                0x000000000000b802                Ecall_M_Mode_Handler
                0x000000000000b804                Ecall_U_Mode_Handler
                0x000000000000b806                Break_Point_Handler
                0x000000000000b808                SysTick_Handler
                0x000000000000b80a                SW_handler
                0x000000000000b80c                WWDG_IRQHandler
                0x000000000000b80e                PVD_IRQHandler
                0x000000000000b810                TAMPER_IRQHandler
                0x000000000000b812                RTC_IRQHandler
                0x000000000000b814                FLASH_IRQHandler
                0x000000000000b816                RCC_IRQHandler
                0x000000000000b822                DMA1_Channel1_IRQHandler
                0x000000000000b824                DMA1_Channel2_IRQHandler
                0x000000000000b826                DMA1_Channel3_IRQHandler
                0x000000000000b828                DMA1_Channel4_IRQHandler
                0x000000000000b82a                DMA1_Channel5_IRQHandler
                0x000000000000b82c                DMA1_Channel6_IRQHandler
                0x000000000000b82e                DMA1_Channel7_IRQHandler
                0x000000000000b830                ADC1_2_IRQHandler
                0x000000000000b832                USB_HP_CAN1_TX_IRQHandler
                0x000000000000b834                USB_LP_CAN1_RX0_IRQHandler
                0x000000000000b836                CAN1_RX1_IRQHandler
                0x000000000000b838                CAN1_SCE_IRQHandler
                0x000000000000b83c                TIM1_BRK_IRQHandler
                0x000000000000b840                TIM1_TRG_COM_IRQHandler
                0x000000000000b842                TIM1_CC_IRQHandler
                0x000000000000b84a                I2C1_EV_IRQHandler
                0x000000000000b84c                I2C1_ER_IRQHandler
                0x000000000000b84e                I2C2_EV_IRQHandler
                0x000000000000b850                I2C2_ER_IRQHandler
                0x000000000000b852                SPI1_IRQHandler
                0x000000000000b854                SPI2_IRQHandler
                0x000000000000b85e                RTCAlarm_IRQHandler
                0x000000000000b860                USBWakeUp_IRQHandler
                0x000000000000b862                TIM8_BRK_IRQHandler
                0x000000000000b866                TIM8_TRG_COM_IRQHandler
                0x000000000000b868                TIM8_CC_IRQHandler
                0x000000000000b86a                RNG_IRQHandler
                0x000000000000b86c                FSMC_IRQHandler
                0x000000000000b86e                SDIO_IRQHandler
                0x000000000000b872                SPI3_IRQHandler
                0x000000000000b87c                DMA2_Channel1_IRQHandler
                0x000000000000b87e                DMA2_Channel2_IRQHandler
                0x000000000000b880                DMA2_Channel3_IRQHandler
                0x000000000000b882                DMA2_Channel4_IRQHandler
                0x000000000000b884                DMA2_Channel5_IRQHandler
                0x000000000000b886                ETH_IRQHandler
                0x000000000000b888                ETH_WKUP_IRQHandler
                0x000000000000b88a                CAN2_TX_IRQHandler
                0x000000000000b88c                CAN2_RX0_IRQHandler
                0x000000000000b88e                CAN2_RX1_IRQHandler
                0x000000000000b890                CAN2_SCE_IRQHandler
                0x000000000000b894                USBHSWakeup_IRQHandler
                0x000000000000b896                USBHS_IRQHandler
                0x000000000000b8a0                TIM9_BRK_IRQHandler
                0x000000000000b8a4                TIM9_TRG_COM_IRQHandler
                0x000000000000b8a6                TIM9_CC_IRQHandler
                0x000000000000b8a8                TIM10_BRK_IRQHandler
                0x000000000000b8ac                TIM10_TRG_COM_IRQHandler
                0x000000000000b8ae                TIM10_CC_IRQHandler
                0x000000000000b8b0                DMA2_Channel6_IRQHandler
                0x000000000000b8b2                DMA2_Channel7_IRQHandler
                0x000000000000b8b4                DMA2_Channel8_IRQHandler
                0x000000000000b8b6                DMA2_Channel9_IRQHandler
                0x000000000000b8b8                DMA2_Channel10_IRQHandler
                0x000000000000b8ba                DMA2_Channel11_IRQHandler
 .text.handle_reset
                0x000000000000b8bc       0x92 ./sdk/Startup/startup_ch32v30x.o
                0x000000000000b8bc                handle_reset
 .text.SystemInit
                0x000000000000b94e      0x130 ./sdk/Startup/system_ch32v30x.o
                0x000000000000b94e                SystemInit
 .text.ADC_DeInit
                0x000000000000ba7e       0x52 ./sdk/Peripheral/ch32v30x_adc.o
                0x000000000000ba7e                ADC_DeInit
 .text.ADC_Init
                0x000000000000bad0       0x5c ./sdk/Peripheral/ch32v30x_adc.o
                0x000000000000bad0                ADC_Init
 .text.ADC_Cmd  0x000000000000bb2c       0x12 ./sdk/Peripheral/ch32v30x_adc.o
                0x000000000000bb2c                ADC_Cmd
 .text.ADC_ResetCalibration
                0x000000000000bb3e        0xa ./sdk/Peripheral/ch32v30x_adc.o
                0x000000000000bb3e                ADC_ResetCalibration
 .text.ADC_GetResetCalibrationStatus
                0x000000000000bb48        0x8 ./sdk/Peripheral/ch32v30x_adc.o
                0x000000000000bb48                ADC_GetResetCalibrationStatus
 .text.ADC_StartCalibration
                0x000000000000bb50        0xa ./sdk/Peripheral/ch32v30x_adc.o
                0x000000000000bb50                ADC_StartCalibration
 .text.ADC_GetCalibrationStatus
                0x000000000000bb5a        0x8 ./sdk/Peripheral/ch32v30x_adc.o
                0x000000000000bb5a                ADC_GetCalibrationStatus
 .text.ADC_SoftwareStartConvCmd
                0x000000000000bb62       0x1a ./sdk/Peripheral/ch32v30x_adc.o
                0x000000000000bb62                ADC_SoftwareStartConvCmd
 .text.ADC_RegularChannelConfig
                0x000000000000bb7c       0xbe ./sdk/Peripheral/ch32v30x_adc.o
                0x000000000000bb7c                ADC_RegularChannelConfig
 .text.ADC_GetFlagStatus
                0x000000000000bc3a        0xa ./sdk/Peripheral/ch32v30x_adc.o
                0x000000000000bc3a                ADC_GetFlagStatus
 .text.ADC_BufferCmd
                0x000000000000bc44       0x1a ./sdk/Peripheral/ch32v30x_adc.o
                0x000000000000bc44                ADC_BufferCmd
 .text.EXTI_GetITStatus
                0x000000000000bc5e       0x1e ./sdk/Peripheral/ch32v30x_exti.o
                0x000000000000bc5e                EXTI_GetITStatus
 .text.EXTI_ClearITPendingBit
                0x000000000000bc7c        0xa ./sdk/Peripheral/ch32v30x_exti.o
                0x000000000000bc7c                EXTI_ClearITPendingBit
 .text.GPIO_Init
                0x000000000000bc86      0x482 ./sdk/Peripheral/ch32v30x_gpio.o
                0x000000000000bc86                GPIO_Init
 .text.GPIO_WriteBit
                0x000000000000c108        0xa ./sdk/Peripheral/ch32v30x_gpio.o
                0x000000000000c108                GPIO_WriteBit
 .text.GPIO_PinRemapConfig
                0x000000000000c112       0xa0 ./sdk/Peripheral/ch32v30x_gpio.o
                0x000000000000c112                GPIO_PinRemapConfig
 .text.NVIC_PriorityGroupConfig
                0x000000000000c1b2        0x6 ./sdk/Peripheral/ch32v30x_misc.o
                0x000000000000c1b2                NVIC_PriorityGroupConfig
 .text.RCC_ADCCLKConfig
                0x000000000000c1b8       0x12 ./sdk/Peripheral/ch32v30x_rcc.o
                0x000000000000c1b8                RCC_ADCCLKConfig
 .text.RCC_GetClocksFreq
                0x000000000000c1ca      0x118 ./sdk/Peripheral/ch32v30x_rcc.o
                0x000000000000c1ca                RCC_GetClocksFreq
 .text.RCC_AHBPeriphClockCmd
                0x000000000000c2e2       0x1e ./sdk/Peripheral/ch32v30x_rcc.o
                0x000000000000c2e2                RCC_AHBPeriphClockCmd
 .text.RCC_APB2PeriphClockCmd
                0x000000000000c300       0x1e ./sdk/Peripheral/ch32v30x_rcc.o
                0x000000000000c300                RCC_APB2PeriphClockCmd
 .text.RCC_APB1PeriphClockCmd
                0x000000000000c31e       0x1e ./sdk/Peripheral/ch32v30x_rcc.o
                0x000000000000c31e                RCC_APB1PeriphClockCmd
 .text.RCC_APB2PeriphResetCmd
                0x000000000000c33c       0x1e ./sdk/Peripheral/ch32v30x_rcc.o
                0x000000000000c33c                RCC_APB2PeriphResetCmd
 .text.RCC_APB1PeriphResetCmd
                0x000000000000c35a       0x1e ./sdk/Peripheral/ch32v30x_rcc.o
                0x000000000000c35a                RCC_APB1PeriphResetCmd
 .text.SPI_I2S_DeInit
                0x000000000000c378       0x62 ./sdk/Peripheral/ch32v30x_spi.o
                0x000000000000c378                SPI_I2S_DeInit
 .text.SPI_Init
                0x000000000000c3da       0x5e ./sdk/Peripheral/ch32v30x_spi.o
                0x000000000000c3da                SPI_Init
 .text.SPI_Cmd  0x000000000000c438       0x22 ./sdk/Peripheral/ch32v30x_spi.o
                0x000000000000c438                SPI_Cmd
 .text.TIM_TimeBaseInit
                0x000000000000c45a       0xd6 ./sdk/Peripheral/ch32v30x_tim.o
                0x000000000000c45a                TIM_TimeBaseInit
 .text.TIM_OC1Init
                0x000000000000c530       0xa8 ./sdk/Peripheral/ch32v30x_tim.o
                0x000000000000c530                TIM_OC1Init
 .text.TIM_OC2Init
                0x000000000000c5d8       0xd2 ./sdk/Peripheral/ch32v30x_tim.o
                0x000000000000c5d8                TIM_OC2Init
 .text.TIM_OC3Init
                0x000000000000c6aa       0xd0 ./sdk/Peripheral/ch32v30x_tim.o
                0x000000000000c6aa                TIM_OC3Init
 .text.TIM_OC4Init
                0x000000000000c77a       0x9e ./sdk/Peripheral/ch32v30x_tim.o
                0x000000000000c77a                TIM_OC4Init
 .text.TIM_TimeBaseStructInit
                0x000000000000c818       0x18 ./sdk/Peripheral/ch32v30x_tim.o
                0x000000000000c818                TIM_TimeBaseStructInit
 .text.TIM_Cmd  0x000000000000c830       0x20 ./sdk/Peripheral/ch32v30x_tim.o
                0x000000000000c830                TIM_Cmd
 .text.TIM_CtrlPWMOutputs
                0x000000000000c850       0x1a ./sdk/Peripheral/ch32v30x_tim.o
                0x000000000000c850                TIM_CtrlPWMOutputs
 .text.TIM_ITConfig
                0x000000000000c86a       0x1a ./sdk/Peripheral/ch32v30x_tim.o
                0x000000000000c86a                TIM_ITConfig
 .text.TIM_ITRxExternalClockConfig
                0x000000000000c884       0x20 ./sdk/Peripheral/ch32v30x_tim.o
                0x000000000000c884                TIM_ITRxExternalClockConfig
 .text.TIM_OC1PreloadConfig
                0x000000000000c8a4       0x12 ./sdk/Peripheral/ch32v30x_tim.o
                0x000000000000c8a4                TIM_OC1PreloadConfig
 .text.TIM_OC2PreloadConfig
                0x000000000000c8b6       0x1a ./sdk/Peripheral/ch32v30x_tim.o
                0x000000000000c8b6                TIM_OC2PreloadConfig
 .text.TIM_OC3PreloadConfig
                0x000000000000c8d0       0x12 ./sdk/Peripheral/ch32v30x_tim.o
                0x000000000000c8d0                TIM_OC3PreloadConfig
 .text.TIM_OC4PreloadConfig
                0x000000000000c8e2       0x1a ./sdk/Peripheral/ch32v30x_tim.o
                0x000000000000c8e2                TIM_OC4PreloadConfig
 .text.TIM_OC1FastConfig
                0x000000000000c8fc       0x12 ./sdk/Peripheral/ch32v30x_tim.o
                0x000000000000c8fc                TIM_OC1FastConfig
 .text.TIM_OC2FastConfig
                0x000000000000c90e       0x1a ./sdk/Peripheral/ch32v30x_tim.o
                0x000000000000c90e                TIM_OC2FastConfig
 .text.TIM_OC3FastConfig
                0x000000000000c928       0x12 ./sdk/Peripheral/ch32v30x_tim.o
                0x000000000000c928                TIM_OC3FastConfig
 .text.TIM_OC4FastConfig
                0x000000000000c93a       0x1a ./sdk/Peripheral/ch32v30x_tim.o
                0x000000000000c93a                TIM_OC4FastConfig
 .text.TIM_GetITStatus
                0x000000000000c954       0x1c ./sdk/Peripheral/ch32v30x_tim.o
                0x000000000000c954                TIM_GetITStatus
 .text.TIM_ClearITPendingBit
                0x000000000000c970        0xe ./sdk/Peripheral/ch32v30x_tim.o
                0x000000000000c970                TIM_ClearITPendingBit
 .text.USART_Init
                0x000000000000c97e      0x10c ./sdk/Peripheral/ch32v30x_usart.o
                0x000000000000c97e                USART_Init
 .text.USART_Cmd
                0x000000000000ca8a       0x20 ./sdk/Peripheral/ch32v30x_usart.o
                0x000000000000ca8a                USART_Cmd
 .text.USART_ITConfig
                0x000000000000caaa       0x3c ./sdk/Peripheral/ch32v30x_usart.o
                0x000000000000caaa                USART_ITConfig
 .text.USART_SendData
                0x000000000000cae6        0xa ./sdk/Peripheral/ch32v30x_usart.o
                0x000000000000cae6                USART_SendData
 .text.USART_GetFlagStatus
                0x000000000000caf0        0xc ./sdk/Peripheral/ch32v30x_usart.o
                0x000000000000caf0                USART_GetFlagStatus
 .text.USART_GetITStatus
                0x000000000000cafc       0x48 ./sdk/Peripheral/ch32v30x_usart.o
                0x000000000000cafc                USART_GetITStatus
 .text.USART_ClearITPendingBit
                0x000000000000cb44       0x16 ./sdk/Peripheral/ch32v30x_usart.o
                0x000000000000cb44                USART_ClearITPendingBit
 .text.OTG_FS_IRQHandler
                0x000000000000cb5a      0x7dc ./sdk/Peripheral/ch32v30x_usbotg_device.o
                0x000000000000cb5a                OTG_FS_IRQHandler
 .text.__get_MSTATUS
                0x000000000000d336        0x6 ./sdk/Core/core_riscv.o
                0x000000000000d336                __get_MSTATUS
 .text.All_Init
                0x000000000000d33c      0x14a ./code/All_Init.o
                0x000000000000d33c                All_Init
 .text.Devices_Init
                0x000000000000d486      0x11e ./code/Device.o
                0x000000000000d486                Devices_Init
 .text.Beep_IntCnt
                0x000000000000d5a4       0x30 ./code/Device.o
                0x000000000000d5a4                Beep_IntCnt
 .text.KeyScan  0x000000000000d5d4      0x376 ./code/Device.o
                0x000000000000d5d4                KeyScan
 .text.EncoderRead
                0x000000000000d94a      0x27a ./code/Device.o
                0x000000000000d94a                EncoderRead
 .text.EncoderShow
                0x000000000000dbc4      0x19a ./code/Device.o
                0x000000000000dbc4                EncoderShow
 .text.MotorWrite
                0x000000000000dd5e       0xd0 ./code/Device.o
                0x000000000000dd5e                MotorWrite
 .text.MotorShow
                0x000000000000de2e      0x120 ./code/Device.o
                0x000000000000de2e                MotorShow
 .text.ServoWrite
                0x000000000000df4e       0x40 ./code/Device.o
                0x000000000000df4e                ServoWrite
 .text.ServoShow
                0x000000000000df8e       0xdc ./code/Device.o
                0x000000000000df8e                ServoShow
 .text.DevicesParams_Init
                0x000000000000e06a       0x74 ./code/Device.o
                0x000000000000e06a                DevicesParams_Init
 .text.tan      0x000000000000e0de       0x5c c:/mounriver/mounriver_studio/toolchain/risc-v embedded gcc/bin/../lib/gcc/riscv-none-embed/8.2.0/../../../../riscv-none-embed/lib/rv32imac/ilp32\libm.a(lib_a-s_tan.o)
                0x000000000000e0de                tan
 .text.__ieee754_rem_pio2
                0x000000000000e13a      0x464 c:/mounriver/mounriver_studio/toolchain/risc-v embedded gcc/bin/../lib/gcc/riscv-none-embed/8.2.0/../../../../riscv-none-embed/lib/rv32imac/ilp32\libm.a(lib_a-e_rem_pio2.o)
                0x000000000000e13a                __ieee754_rem_pio2
 .text.__kernel_rem_pio2
                0x000000000000e59e      0x952 c:/mounriver/mounriver_studio/toolchain/risc-v embedded gcc/bin/../lib/gcc/riscv-none-embed/8.2.0/../../../../riscv-none-embed/lib/rv32imac/ilp32\libm.a(lib_a-k_rem_pio2.o)
                0x000000000000e59e                __kernel_rem_pio2
 .text.__kernel_tan
                0x000000000000eef0      0x384 c:/mounriver/mounriver_studio/toolchain/risc-v embedded gcc/bin/../lib/gcc/riscv-none-embed/8.2.0/../../../../riscv-none-embed/lib/rv32imac/ilp32\libm.a(lib_a-k_tan.o)
                0x000000000000eef0                __kernel_tan
 .text.fabs     0x000000000000f274        0x6 c:/mounriver/mounriver_studio/toolchain/risc-v embedded gcc/bin/../lib/gcc/riscv-none-embed/8.2.0/../../../../riscv-none-embed/lib/rv32imac/ilp32\libm.a(lib_a-s_fabs.o)
                0x000000000000f274                fabs
 .text.floor    0x000000000000f27a      0x150 c:/mounriver/mounriver_studio/toolchain/risc-v embedded gcc/bin/../lib/gcc/riscv-none-embed/8.2.0/../../../../riscv-none-embed/lib/rv32imac/ilp32\libm.a(lib_a-s_floor.o)
                0x000000000000f27a                floor
 .text.scalbn   0x000000000000f3ca      0x13e c:/mounriver/mounriver_studio/toolchain/risc-v embedded gcc/bin/../lib/gcc/riscv-none-embed/8.2.0/../../../../riscv-none-embed/lib/rv32imac/ilp32\libm.a(lib_a-s_scalbn.o)
                0x000000000000f3ca                scalbn
 .text.copysign
                0x000000000000f508       0x16 c:/mounriver/mounriver_studio/toolchain/risc-v embedded gcc/bin/../lib/gcc/riscv-none-embed/8.2.0/../../../../riscv-none-embed/lib/rv32imac/ilp32\libm.a(lib_a-s_copysign.o)
                0x000000000000f508                copysign
 .text.__adddf3
                0x000000000000f51e      0x730 c:/mounriver/mounriver_studio/toolchain/risc-v embedded gcc/bin/../lib/gcc/riscv-none-embed/8.2.0/rv32imac/ilp32\libgcc.a(adddf3.o)
                0x000000000000f51e                __adddf3
 .text.__divdf3
                0x000000000000fc4e      0x5b4 c:/mounriver/mounriver_studio/toolchain/risc-v embedded gcc/bin/../lib/gcc/riscv-none-embed/8.2.0/rv32imac/ilp32\libgcc.a(divdf3.o)
                0x000000000000fc4e                __divdf3
 .text.__eqdf2  0x0000000000010202       0x6a c:/mounriver/mounriver_studio/toolchain/risc-v embedded gcc/bin/../lib/gcc/riscv-none-embed/8.2.0/rv32imac/ilp32\libgcc.a(eqdf2.o)
                0x0000000000010202                __nedf2
                0x0000000000010202                __eqdf2
 .text.__gedf2  0x000000000001026c       0xae c:/mounriver/mounriver_studio/toolchain/risc-v embedded gcc/bin/../lib/gcc/riscv-none-embed/8.2.0/rv32imac/ilp32\libgcc.a(gedf2.o)
                0x000000000001026c                __gedf2
                0x000000000001026c                __gtdf2
 .text.__ledf2  0x000000000001031a       0xb6 c:/mounriver/mounriver_studio/toolchain/risc-v embedded gcc/bin/../lib/gcc/riscv-none-embed/8.2.0/rv32imac/ilp32\libgcc.a(ledf2.o)
                0x000000000001031a                __ledf2
                0x000000000001031a                __ltdf2
 .text.__muldf3
                0x00000000000103d0      0x4b8 c:/mounriver/mounriver_studio/toolchain/risc-v embedded gcc/bin/../lib/gcc/riscv-none-embed/8.2.0/rv32imac/ilp32\libgcc.a(muldf3.o)
                0x00000000000103d0                __muldf3
 .text.__subdf3
                0x0000000000010888      0x73e c:/mounriver/mounriver_studio/toolchain/risc-v embedded gcc/bin/../lib/gcc/riscv-none-embed/8.2.0/rv32imac/ilp32\libgcc.a(subdf3.o)
                0x0000000000010888                __subdf3
 .text.__fixdfsi
                0x0000000000010fc6       0x68 c:/mounriver/mounriver_studio/toolchain/risc-v embedded gcc/bin/../lib/gcc/riscv-none-embed/8.2.0/rv32imac/ilp32\libgcc.a(fixdfsi.o)
                0x0000000000010fc6                __fixdfsi
 .text.__floatsidf
                0x000000000001102e       0x72 c:/mounriver/mounriver_studio/toolchain/risc-v embedded gcc/bin/../lib/gcc/riscv-none-embed/8.2.0/rv32imac/ilp32\libgcc.a(floatsidf.o)
                0x000000000001102e                __floatsidf
 .text.__addsf3
                0x00000000000110a0      0x36a c:/mounriver/mounriver_studio/toolchain/risc-v embedded gcc/bin/../lib/gcc/riscv-none-embed/8.2.0/rv32imac/ilp32\libgcc.a(addsf3.o)
                0x00000000000110a0                __addsf3
 .text.__divsf3
                0x000000000001140a      0x2b2 c:/mounriver/mounriver_studio/toolchain/risc-v embedded gcc/bin/../lib/gcc/riscv-none-embed/8.2.0/rv32imac/ilp32\libgcc.a(divsf3.o)
                0x000000000001140a                __divsf3
 .text.__gesf2  0x00000000000116bc       0x86 c:/mounriver/mounriver_studio/toolchain/risc-v embedded gcc/bin/../lib/gcc/riscv-none-embed/8.2.0/rv32imac/ilp32\libgcc.a(gesf2.o)
                0x00000000000116bc                __gesf2
                0x00000000000116bc                __gtsf2
 .text.__lesf2  0x0000000000011742       0x8c c:/mounriver/mounriver_studio/toolchain/risc-v embedded gcc/bin/../lib/gcc/riscv-none-embed/8.2.0/rv32imac/ilp32\libgcc.a(lesf2.o)
                0x0000000000011742                __ltsf2
                0x0000000000011742                __lesf2
 .text.__mulsf3
                0x00000000000117ce      0x294 c:/mounriver/mounriver_studio/toolchain/risc-v embedded gcc/bin/../lib/gcc/riscv-none-embed/8.2.0/rv32imac/ilp32\libgcc.a(mulsf3.o)
                0x00000000000117ce                __mulsf3
 .text.__subsf3
                0x0000000000011a62      0x388 c:/mounriver/mounriver_studio/toolchain/risc-v embedded gcc/bin/../lib/gcc/riscv-none-embed/8.2.0/rv32imac/ilp32\libgcc.a(subsf3.o)
                0x0000000000011a62                __subsf3
 .text.__fixsfsi
                0x0000000000011dea       0x62 c:/mounriver/mounriver_studio/toolchain/risc-v embedded gcc/bin/../lib/gcc/riscv-none-embed/8.2.0/rv32imac/ilp32\libgcc.a(fixsfsi.o)
                0x0000000000011dea                __fixsfsi
 .text.__fixunssfsi
                0x0000000000011e4c       0x56 c:/mounriver/mounriver_studio/toolchain/risc-v embedded gcc/bin/../lib/gcc/riscv-none-embed/8.2.0/rv32imac/ilp32\libgcc.a(fixunssfsi.o)
                0x0000000000011e4c                __fixunssfsi
 .text.__floatsisf
                0x0000000000011ea2       0xc6 c:/mounriver/mounriver_studio/toolchain/risc-v embedded gcc/bin/../lib/gcc/riscv-none-embed/8.2.0/rv32imac/ilp32\libgcc.a(floatsisf.o)
                0x0000000000011ea2                __floatsisf
 .text.__floatunsisf
                0x0000000000011f68       0xce c:/mounriver/mounriver_studio/toolchain/risc-v embedded gcc/bin/../lib/gcc/riscv-none-embed/8.2.0/rv32imac/ilp32\libgcc.a(floatunsisf.o)
                0x0000000000011f68                __floatunsisf
 .text.__extendsfdf2
                0x0000000000012036       0xac c:/mounriver/mounriver_studio/toolchain/risc-v embedded gcc/bin/../lib/gcc/riscv-none-embed/8.2.0/rv32imac/ilp32\libgcc.a(extendsfdf2.o)
                0x0000000000012036                __extendsfdf2
 .text.__truncdfsf2
                0x00000000000120e2      0x16a c:/mounriver/mounriver_studio/toolchain/risc-v embedded gcc/bin/../lib/gcc/riscv-none-embed/8.2.0/rv32imac/ilp32\libgcc.a(truncdfsf2.o)
                0x00000000000120e2                __truncdfsf2
 .text.__clzsi2
                0x000000000001224c       0x76 c:/mounriver/mounriver_studio/toolchain/risc-v embedded gcc/bin/../lib/gcc/riscv-none-embed/8.2.0/rv32imac/ilp32\libgcc.a(_clzsi2.o)
                0x000000000001224c                __clzsi2
 .text.memcpy   0x00000000000122c2       0xb6 c:/mounriver/mounriver_studio/toolchain/risc-v embedded gcc/bin/../lib/gcc/riscv-none-embed/8.2.0/../../../../riscv-none-embed/lib/rv32imac/ilp32\libg_nano.a(lib_a-memcpy.o)
                0x00000000000122c2                memcpy
 .text.__cvt    0x0000000000012378       0xee c:/mounriver/mounriver_studio/toolchain/risc-v embedded gcc/bin/../lib/gcc/riscv-none-embed/8.2.0/../../../../riscv-none-embed/lib/rv32imac/ilp32\libg_nano.a(lib_a-nano-vfprintf_float.o)
                0x0000000000012378                __cvt
 .text.__exponent
                0x0000000000012466       0x8c c:/mounriver/mounriver_studio/toolchain/risc-v embedded gcc/bin/../lib/gcc/riscv-none-embed/8.2.0/../../../../riscv-none-embed/lib/rv32imac/ilp32\libg_nano.a(lib_a-nano-vfprintf_float.o)
                0x0000000000012466                __exponent
 .text._printf_float
                0x00000000000124f2      0x4c4 c:/mounriver/mounriver_studio/toolchain/risc-v embedded gcc/bin/../lib/gcc/riscv-none-embed/8.2.0/../../../../riscv-none-embed/lib/rv32imac/ilp32\libg_nano.a(lib_a-nano-vfprintf_float.o)
                0x00000000000124f2                _printf_float
 .text._printf_common
                0x00000000000129b6      0x10c c:/mounriver/mounriver_studio/toolchain/risc-v embedded gcc/bin/../lib/gcc/riscv-none-embed/8.2.0/../../../../riscv-none-embed/lib/rv32imac/ilp32\libg_nano.a(lib_a-nano-vfprintf_i.o)
                0x00000000000129b6                _printf_common
 .text._printf_i
                0x0000000000012ac2      0x2a6 c:/mounriver/mounriver_studio/toolchain/risc-v embedded gcc/bin/../lib/gcc/riscv-none-embed/8.2.0/../../../../riscv-none-embed/lib/rv32imac/ilp32\libg_nano.a(lib_a-nano-vfprintf_i.o)
                0x0000000000012ac2                _printf_i
 .text.printf   0x0000000000012d68       0x42 c:/mounriver/mounriver_studio/toolchain/risc-v embedded gcc/bin/../lib/gcc/riscv-none-embed/8.2.0/../../../../riscv-none-embed/lib/rv32imac/ilp32\libg_nano.a(lib_a-printf.o)
                0x0000000000012d68                iprintf
                0x0000000000012d68                printf
 .text.strlen   0x0000000000012daa       0x12 c:/mounriver/mounriver_studio/toolchain/risc-v embedded gcc/bin/../lib/gcc/riscv-none-embed/8.2.0/../../../../riscv-none-embed/lib/rv32imac/ilp32\libg_nano.a(lib_a-strlen.o)
                0x0000000000012daa                strlen
 .text.strncmp  0x0000000000012dbc       0x2c c:/mounriver/mounriver_studio/toolchain/risc-v embedded gcc/bin/../lib/gcc/riscv-none-embed/8.2.0/../../../../riscv-none-embed/lib/rv32imac/ilp32\libg_nano.a(lib_a-strncmp.o)
                0x0000000000012dbc                strncmp
 .text.__swbuf_r
                0x0000000000012de8       0xc6 c:/mounriver/mounriver_studio/toolchain/risc-v embedded gcc/bin/../lib/gcc/riscv-none-embed/8.2.0/../../../../riscv-none-embed/lib/rv32imac/ilp32\libg_nano.a(lib_a-wbuf.o)
                0x0000000000012de8                __swbuf_r
 .text.__swsetup_r
                0x0000000000012eae      0x112 c:/mounriver/mounriver_studio/toolchain/risc-v embedded gcc/bin/../lib/gcc/riscv-none-embed/8.2.0/../../../../riscv-none-embed/lib/rv32imac/ilp32\libg_nano.a(lib_a-wsetup.o)
                0x0000000000012eae                __swsetup_r
 .text.quorem   0x0000000000012fc0      0x13a c:/mounriver/mounriver_studio/toolchain/risc-v embedded gcc/bin/../lib/gcc/riscv-none-embed/8.2.0/../../../../riscv-none-embed/lib/rv32imac/ilp32\libg_nano.a(lib_a-dtoa.o)
 .text._dtoa_r  0x00000000000130fa      0xc1e c:/mounriver/mounriver_studio/toolchain/risc-v embedded gcc/bin/../lib/gcc/riscv-none-embed/8.2.0/../../../../riscv-none-embed/lib/rv32imac/ilp32\libg_nano.a(lib_a-dtoa.o)
                0x00000000000130fa                _dtoa_r
 .text.__sflush_r
                0x0000000000013d18      0x13e c:/mounriver/mounriver_studio/toolchain/risc-v embedded gcc/bin/../lib/gcc/riscv-none-embed/8.2.0/../../../../riscv-none-embed/lib/rv32imac/ilp32\libg_nano.a(lib_a-fflush.o)
                0x0000000000013d18                __sflush_r
 .text._fflush_r
                0x0000000000013e56       0x66 c:/mounriver/mounriver_studio/toolchain/risc-v embedded gcc/bin/../lib/gcc/riscv-none-embed/8.2.0/../../../../riscv-none-embed/lib/rv32imac/ilp32\libg_nano.a(lib_a-fflush.o)
                0x0000000000013e56                _fflush_r
 .text.std      0x0000000000013ebc       0x6a c:/mounriver/mounriver_studio/toolchain/risc-v embedded gcc/bin/../lib/gcc/riscv-none-embed/8.2.0/../../../../riscv-none-embed/lib/rv32imac/ilp32\libg_nano.a(lib_a-findfp.o)
 .text._cleanup_r
                0x0000000000013f26        0xa c:/mounriver/mounriver_studio/toolchain/risc-v embedded gcc/bin/../lib/gcc/riscv-none-embed/8.2.0/../../../../riscv-none-embed/lib/rv32imac/ilp32\libg_nano.a(lib_a-findfp.o)
                0x0000000000013f26                _cleanup_r
 .text.__sfmoreglue
                0x0000000000013f30       0x48 c:/mounriver/mounriver_studio/toolchain/risc-v embedded gcc/bin/../lib/gcc/riscv-none-embed/8.2.0/../../../../riscv-none-embed/lib/rv32imac/ilp32\libg_nano.a(lib_a-findfp.o)
                0x0000000000013f30                __sfmoreglue
 .text.__sinit  0x0000000000013f78       0x6c c:/mounriver/mounriver_studio/toolchain/risc-v embedded gcc/bin/../lib/gcc/riscv-none-embed/8.2.0/../../../../riscv-none-embed/lib/rv32imac/ilp32\libg_nano.a(lib_a-findfp.o)
                0x0000000000013f78                __sinit
 .text.__sfp    0x0000000000013fe4       0xa0 c:/mounriver/mounriver_studio/toolchain/risc-v embedded gcc/bin/../lib/gcc/riscv-none-embed/8.2.0/../../../../riscv-none-embed/lib/rv32imac/ilp32\libg_nano.a(lib_a-findfp.o)
                0x0000000000013fe4                __sfp
 .text._fwalk_reent
                0x0000000000014084       0x6c c:/mounriver/mounriver_studio/toolchain/risc-v embedded gcc/bin/../lib/gcc/riscv-none-embed/8.2.0/../../../../riscv-none-embed/lib/rv32imac/ilp32\libg_nano.a(lib_a-fwalk.o)
                0x0000000000014084                _fwalk_reent
 .text._localeconv_r
                0x00000000000140f0       0x18 c:/mounriver/mounriver_studio/toolchain/risc-v embedded gcc/bin/../lib/gcc/riscv-none-embed/8.2.0/../../../../riscv-none-embed/lib/rv32imac/ilp32\libg_nano.a(lib_a-localeconv.o)
                0x00000000000140f0                _localeconv_r
 .text.__swhatbuf_r
                0x0000000000014108       0x5a c:/mounriver/mounriver_studio/toolchain/risc-v embedded gcc/bin/../lib/gcc/riscv-none-embed/8.2.0/../../../../riscv-none-embed/lib/rv32imac/ilp32\libg_nano.a(lib_a-makebuf.o)
                0x0000000000014108                __swhatbuf_r
 .text.__smakebuf_r
                0x0000000000014162       0xa2 c:/mounriver/mounriver_studio/toolchain/risc-v embedded gcc/bin/../lib/gcc/riscv-none-embed/8.2.0/../../../../riscv-none-embed/lib/rv32imac/ilp32\libg_nano.a(lib_a-makebuf.o)
                0x0000000000014162                __smakebuf_r
 .text.malloc   0x0000000000014204        0xc c:/mounriver/mounriver_studio/toolchain/risc-v embedded gcc/bin/../lib/gcc/riscv-none-embed/8.2.0/../../../../riscv-none-embed/lib/rv32imac/ilp32\libg_nano.a(lib_a-malloc.o)
                0x0000000000014204                malloc
 .text.memchr   0x0000000000014210       0x1a c:/mounriver/mounriver_studio/toolchain/risc-v embedded gcc/bin/../lib/gcc/riscv-none-embed/8.2.0/../../../../riscv-none-embed/lib/rv32imac/ilp32\libg_nano.a(lib_a-memchr.o)
                0x0000000000014210                memchr
 .text._Balloc  0x000000000001422a       0x88 c:/mounriver/mounriver_studio/toolchain/risc-v embedded gcc/bin/../lib/gcc/riscv-none-embed/8.2.0/../../../../riscv-none-embed/lib/rv32imac/ilp32\libg_nano.a(lib_a-mprec.o)
                0x000000000001422a                _Balloc
 .text._Bfree   0x00000000000142b2       0x44 c:/mounriver/mounriver_studio/toolchain/risc-v embedded gcc/bin/../lib/gcc/riscv-none-embed/8.2.0/../../../../riscv-none-embed/lib/rv32imac/ilp32\libg_nano.a(lib_a-mprec.o)
                0x00000000000142b2                _Bfree
 .text.__multadd
                0x00000000000142f6       0x98 c:/mounriver/mounriver_studio/toolchain/risc-v embedded gcc/bin/../lib/gcc/riscv-none-embed/8.2.0/../../../../riscv-none-embed/lib/rv32imac/ilp32\libg_nano.a(lib_a-mprec.o)
                0x00000000000142f6                __multadd
 .text.__hi0bits
                0x000000000001438e       0x46 c:/mounriver/mounriver_studio/toolchain/risc-v embedded gcc/bin/../lib/gcc/riscv-none-embed/8.2.0/../../../../riscv-none-embed/lib/rv32imac/ilp32\libg_nano.a(lib_a-mprec.o)
                0x000000000001438e                __hi0bits
 .text.__lo0bits
                0x00000000000143d4       0x6a c:/mounriver/mounriver_studio/toolchain/risc-v embedded gcc/bin/../lib/gcc/riscv-none-embed/8.2.0/../../../../riscv-none-embed/lib/rv32imac/ilp32\libg_nano.a(lib_a-mprec.o)
                0x00000000000143d4                __lo0bits
 .text.__i2b    0x000000000001443e       0x1c c:/mounriver/mounriver_studio/toolchain/risc-v embedded gcc/bin/../lib/gcc/riscv-none-embed/8.2.0/../../../../riscv-none-embed/lib/rv32imac/ilp32\libg_nano.a(lib_a-mprec.o)
                0x000000000001443e                __i2b
 .text.__multiply
                0x000000000001445a      0x144 c:/mounriver/mounriver_studio/toolchain/risc-v embedded gcc/bin/../lib/gcc/riscv-none-embed/8.2.0/../../../../riscv-none-embed/lib/rv32imac/ilp32\libg_nano.a(lib_a-mprec.o)
                0x000000000001445a                __multiply
 .text.__pow5mult
                0x000000000001459e       0xbe c:/mounriver/mounriver_studio/toolchain/risc-v embedded gcc/bin/../lib/gcc/riscv-none-embed/8.2.0/../../../../riscv-none-embed/lib/rv32imac/ilp32\libg_nano.a(lib_a-mprec.o)
                0x000000000001459e                __pow5mult
 .text.__lshift
                0x000000000001465c       0xce c:/mounriver/mounriver_studio/toolchain/risc-v embedded gcc/bin/../lib/gcc/riscv-none-embed/8.2.0/../../../../riscv-none-embed/lib/rv32imac/ilp32\libg_nano.a(lib_a-mprec.o)
                0x000000000001465c                __lshift
 .text.__mcmp   0x000000000001472a       0x32 c:/mounriver/mounriver_studio/toolchain/risc-v embedded gcc/bin/../lib/gcc/riscv-none-embed/8.2.0/../../../../riscv-none-embed/lib/rv32imac/ilp32\libg_nano.a(lib_a-mprec.o)
                0x000000000001472a                __mcmp
 .text.__mdiff  0x000000000001475c       0xf2 c:/mounriver/mounriver_studio/toolchain/risc-v embedded gcc/bin/../lib/gcc/riscv-none-embed/8.2.0/../../../../riscv-none-embed/lib/rv32imac/ilp32\libg_nano.a(lib_a-mprec.o)
                0x000000000001475c                __mdiff
 .text.__d2b    0x000000000001484e       0xd4 c:/mounriver/mounriver_studio/toolchain/risc-v embedded gcc/bin/../lib/gcc/riscv-none-embed/8.2.0/../../../../riscv-none-embed/lib/rv32imac/ilp32\libg_nano.a(lib_a-mprec.o)
                0x000000000001484e                __d2b
 .text._calloc_r
                0x0000000000014922       0x26 c:/mounriver/mounriver_studio/toolchain/risc-v embedded gcc/bin/../lib/gcc/riscv-none-embed/8.2.0/../../../../riscv-none-embed/lib/rv32imac/ilp32\libg_nano.a(lib_a-nano-callocr.o)
                0x0000000000014922                _calloc_r
 .text._free_r  0x0000000000014948       0xa4 c:/mounriver/mounriver_studio/toolchain/risc-v embedded gcc/bin/../lib/gcc/riscv-none-embed/8.2.0/../../../../riscv-none-embed/lib/rv32imac/ilp32\libg_nano.a(lib_a-nano-freer.o)
                0x0000000000014948                _free_r
 .text._malloc_r
                0x00000000000149ec       0xce c:/mounriver/mounriver_studio/toolchain/risc-v embedded gcc/bin/../lib/gcc/riscv-none-embed/8.2.0/../../../../riscv-none-embed/lib/rv32imac/ilp32\libg_nano.a(lib_a-nano-mallocr.o)
                0x00000000000149ec                _malloc_r
 .text.__sfputc_r
                0x0000000000014aba       0x2a c:/mounriver/mounriver_studio/toolchain/risc-v embedded gcc/bin/../lib/gcc/riscv-none-embed/8.2.0/../../../../riscv-none-embed/lib/rv32imac/ilp32\libg_nano.a(lib_a-nano-vfprintf.o)
 .text.__sfputs_r
                0x0000000000014ae4       0x44 c:/mounriver/mounriver_studio/toolchain/risc-v embedded gcc/bin/../lib/gcc/riscv-none-embed/8.2.0/../../../../riscv-none-embed/lib/rv32imac/ilp32\libg_nano.a(lib_a-nano-vfprintf.o)
                0x0000000000014ae4                __sfputs_r
 .text._vfprintf_r
                0x0000000000014b28      0x2a0 c:/mounriver/mounriver_studio/toolchain/risc-v embedded gcc/bin/../lib/gcc/riscv-none-embed/8.2.0/../../../../riscv-none-embed/lib/rv32imac/ilp32\libg_nano.a(lib_a-nano-vfprintf.o)
                0x0000000000014b28                _vfprintf_r
                0x0000000000014b28                _vfiprintf_r
 .text._sbrk_r  0x0000000000014dc8       0x30 c:/mounriver/mounriver_studio/toolchain/risc-v embedded gcc/bin/../lib/gcc/riscv-none-embed/8.2.0/../../../../riscv-none-embed/lib/rv32imac/ilp32\libg_nano.a(lib_a-sbrkr.o)
                0x0000000000014dc8                _sbrk_r
 .text.__sread  0x0000000000014df8       0x30 c:/mounriver/mounriver_studio/toolchain/risc-v embedded gcc/bin/../lib/gcc/riscv-none-embed/8.2.0/../../../../riscv-none-embed/lib/rv32imac/ilp32\libg_nano.a(lib_a-stdio.o)
                0x0000000000014df8                __sread
 .text.__swrite
                0x0000000000014e28       0x4e c:/mounriver/mounriver_studio/toolchain/risc-v embedded gcc/bin/../lib/gcc/riscv-none-embed/8.2.0/../../../../riscv-none-embed/lib/rv32imac/ilp32\libg_nano.a(lib_a-stdio.o)
                0x0000000000014e28                __swrite
 .text.__sseek  0x0000000000014e76       0x36 c:/mounriver/mounriver_studio/toolchain/risc-v embedded gcc/bin/../lib/gcc/riscv-none-embed/8.2.0/../../../../riscv-none-embed/lib/rv32imac/ilp32\libg_nano.a(lib_a-stdio.o)
                0x0000000000014e76                __sseek
 .text.__sclose
                0x0000000000014eac        0x6 c:/mounriver/mounriver_studio/toolchain/risc-v embedded gcc/bin/../lib/gcc/riscv-none-embed/8.2.0/../../../../riscv-none-embed/lib/rv32imac/ilp32\libg_nano.a(lib_a-stdio.o)
                0x0000000000014eac                __sclose
 .text._write_r
                0x0000000000014eb2       0x36 c:/mounriver/mounriver_studio/toolchain/risc-v embedded gcc/bin/../lib/gcc/riscv-none-embed/8.2.0/../../../../riscv-none-embed/lib/rv32imac/ilp32\libg_nano.a(lib_a-writer.o)
                0x0000000000014eb2                _write_r
 .text._close_r
                0x0000000000014ee8       0x30 c:/mounriver/mounriver_studio/toolchain/risc-v embedded gcc/bin/../lib/gcc/riscv-none-embed/8.2.0/../../../../riscv-none-embed/lib/rv32imac/ilp32\libg_nano.a(lib_a-closer.o)
                0x0000000000014ee8                _close_r
 .text._fstat_r
                0x0000000000014f18       0x32 c:/mounriver/mounriver_studio/toolchain/risc-v embedded gcc/bin/../lib/gcc/riscv-none-embed/8.2.0/../../../../riscv-none-embed/lib/rv32imac/ilp32\libg_nano.a(lib_a-fstatr.o)
                0x0000000000014f18                _fstat_r
 .text._isatty_r
                0x0000000000014f4a       0x30 c:/mounriver/mounriver_studio/toolchain/risc-v embedded gcc/bin/../lib/gcc/riscv-none-embed/8.2.0/../../../../riscv-none-embed/lib/rv32imac/ilp32\libg_nano.a(lib_a-isattyr.o)
                0x0000000000014f4a                _isatty_r
 .text._lseek_r
                0x0000000000014f7a       0x34 c:/mounriver/mounriver_studio/toolchain/risc-v embedded gcc/bin/../lib/gcc/riscv-none-embed/8.2.0/../../../../riscv-none-embed/lib/rv32imac/ilp32\libg_nano.a(lib_a-lseekr.o)
                0x0000000000014f7a                _lseek_r
 .text.__ascii_mbtowc
                0x0000000000014fae       0x3a c:/mounriver/mounriver_studio/toolchain/risc-v embedded gcc/bin/../lib/gcc/riscv-none-embed/8.2.0/../../../../riscv-none-embed/lib/rv32imac/ilp32\libg_nano.a(lib_a-mbtowc_r.o)
                0x0000000000014fae                __ascii_mbtowc
 .text.__malloc_lock
                0x0000000000014fe8        0x2 c:/mounriver/mounriver_studio/toolchain/risc-v embedded gcc/bin/../lib/gcc/riscv-none-embed/8.2.0/../../../../riscv-none-embed/lib/rv32imac/ilp32\libg_nano.a(lib_a-mlock.o)
                0x0000000000014fe8                __malloc_lock
 .text.__malloc_unlock
                0x0000000000014fea        0x2 c:/mounriver/mounriver_studio/toolchain/risc-v embedded gcc/bin/../lib/gcc/riscv-none-embed/8.2.0/../../../../riscv-none-embed/lib/rv32imac/ilp32\libg_nano.a(lib_a-mlock.o)
                0x0000000000014fea                __malloc_unlock
 .text._read_r  0x0000000000014fec       0x34 c:/mounriver/mounriver_studio/toolchain/risc-v embedded gcc/bin/../lib/gcc/riscv-none-embed/8.2.0/../../../../riscv-none-embed/lib/rv32imac/ilp32\libg_nano.a(lib_a-readr.o)
                0x0000000000014fec                _read_r
 .text.__ascii_wctomb
                0x0000000000015020       0x20 c:/mounriver/mounriver_studio/toolchain/risc-v embedded gcc/bin/../lib/gcc/riscv-none-embed/8.2.0/../../../../riscv-none-embed/lib/rv32imac/ilp32\libg_nano.a(lib_a-wctomb_r.o)
                0x0000000000015020                __ascii_wctomb
 .text.__unorddf2
                0x0000000000015040       0x3c c:/mounriver/mounriver_studio/toolchain/risc-v embedded gcc/bin/../lib/gcc/riscv-none-embed/8.2.0/rv32imac/ilp32\libgcc.a(unorddf2.o)
                0x0000000000015040                __unorddf2
 .text.__floatunsidf
                0x000000000001507c       0x68 c:/mounriver/mounriver_studio/toolchain/risc-v embedded gcc/bin/../lib/gcc/riscv-none-embed/8.2.0/rv32imac/ilp32\libgcc.a(floatunsidf.o)
                0x000000000001507c                __floatunsidf
 .text.__trunctfdf2
                0x00000000000150e4      0x21e c:/mounriver/mounriver_studio/toolchain/risc-v embedded gcc/bin/../lib/gcc/riscv-none-embed/8.2.0/rv32imac/ilp32\libgcc.a(trunctfdf2.o)
                0x00000000000150e4                __trunctfdf2
 .text._close   0x0000000000015302       0x10 c:/mounriver/mounriver_studio/toolchain/risc-v embedded gcc/bin/../lib/gcc/riscv-none-embed/8.2.0/../../../../riscv-none-embed/lib/rv32imac/ilp32\libnosys.a(close.o)
                0x0000000000015302                _close
 .text._fstat   0x0000000000015312       0x10 c:/mounriver/mounriver_studio/toolchain/risc-v embedded gcc/bin/../lib/gcc/riscv-none-embed/8.2.0/../../../../riscv-none-embed/lib/rv32imac/ilp32\libnosys.a(fstat.o)
                0x0000000000015312                _fstat
 .text._isatty  0x0000000000015322       0x10 c:/mounriver/mounriver_studio/toolchain/risc-v embedded gcc/bin/../lib/gcc/riscv-none-embed/8.2.0/../../../../riscv-none-embed/lib/rv32imac/ilp32\libnosys.a(isatty.o)
                0x0000000000015322                _isatty
 .text._lseek   0x0000000000015332       0x10 c:/mounriver/mounriver_studio/toolchain/risc-v embedded gcc/bin/../lib/gcc/riscv-none-embed/8.2.0/../../../../riscv-none-embed/lib/rv32imac/ilp32\libnosys.a(lseek.o)
                0x0000000000015332                _lseek
 .text._read    0x0000000000015342       0x10 c:/mounriver/mounriver_studio/toolchain/risc-v embedded gcc/bin/../lib/gcc/riscv-none-embed/8.2.0/../../../../riscv-none-embed/lib/rv32imac/ilp32\libnosys.a(read.o)
                0x0000000000015342                _read
 .text._sbrk    0x0000000000015352       0x24 c:/mounriver/mounriver_studio/toolchain/risc-v embedded gcc/bin/../lib/gcc/riscv-none-embed/8.2.0/../../../../riscv-none-embed/lib/rv32imac/ilp32\libnosys.a(sbrk.o)
                0x0000000000015352                _sbrk
 *(.rodata)
 *fill*         0x0000000000015376        0x2 
 .rodata        0x0000000000015378       0x28 ./zf_driver/zf_driver_pit.o
 *(.rodata*)
 .rodata.encoder_init_quad.str1.4
                0x00000000000153a0       0x73 ./zf_driver/zf_driver_encoder.o
 *fill*         0x0000000000015413        0x1 
 .rodata.gpio_group
                0x0000000000015414       0x14 ./zf_driver/zf_driver_gpio.o
                0x0000000000015414                gpio_group
 .rodata.pit_init.str1.4
                0x0000000000015428       0x6f ./zf_driver/zf_driver_pit.o
 *fill*         0x0000000000015497        0x1 
 .rodata.pwm_init.str1.4
                0x0000000000015498       0x76 ./zf_driver/zf_driver_pwm.o
 *fill*         0x000000000001550e        0x2 
 .rodata.spi_gpio_init.str1.4
                0x0000000000015510       0x6f ./zf_driver/zf_driver_spi.o
 *fill*         0x000000000001557f        0x1 
 .rodata.spi_index
                0x0000000000015580        0xc ./zf_driver/zf_driver_spi.o
                0x0000000000015580                spi_index
 .rodata.tim_index
                0x000000000001558c       0x28 ./zf_driver/zf_driver_timer.o
                0x000000000001558c                tim_index
 .rodata.uart_index
                0x00000000000155b4       0x20 ./zf_driver/zf_driver_uart.o
                0x00000000000155b4                uart_index
 .rodata.bluetooth_ch9141_uart_callback_ch1.str1.4
                0x00000000000155d4        0x5 ./zf_device/zf_device_bluetooth_ch9141.o
 .rodata.bluetooth_ch9141_uart_callback_ch2.str1.4
                0x00000000000155d9        0x5 ./zf_device/zf_device_bluetooth_ch9141_ch2.o
 *fill*         0x00000000000155d9        0x3 
 .rodata.ips114_set_region.str1.4
                0x00000000000155dc       0x72 ./zf_device/zf_device_ips114.o
 *fill*         0x000000000001564e        0x2 
 .rodata.ips114_show_float.str1.4
                0x0000000000015650        0x3 ./zf_device/zf_device_ips114.o
 *fill*         0x0000000000015653        0x1 
 .rodata.ips114_show_int32.str1.4
                0x0000000000015654        0x3 ./zf_device/zf_device_ips114.o
 *fill*         0x0000000000015657        0x1 
 .rodata.mt9v03x_init_dvp.str1.4
                0x0000000000015658       0x77 ./zf_device/zf_device_mt9v03x_dvp.o
 *fill*         0x00000000000156cf        0x1 
 .rodata.debug_assert_handler.str1.4
                0x00000000000156d0       0x1f ./zf_common/zf_common_debug.o
 *fill*         0x00000000000156ef        0x1 
 .rodata.tft_ascii
                0x00000000000156f0      0x5f0 ./zf_common/zf_common_font.o
                0x00000000000156f0                tft_ascii
 .rodata.zf_sprintf
                0x0000000000015ce0      0x150 ./zf_common/zf_common_function.o
 *fill*         0x0000000000015e30        0x0 
 .rodata.zf_sprintf.cst8
                0x0000000000015e30        0x8 ./zf_common/zf_common_function.o
 .rodata.GetBorder.cst4
                0x0000000000015e38        0x8 ./user_c/cam.o
 .rodata.GetBorder.cst8
                0x0000000000015e40       0x18 ./user_c/cam.o
 .rodata.ImageProcessingStatusInit.cst4
                0x0000000000015e58        0xc ./user_c/cam.o
 .rodata.CarInfoItem0
                0x0000000000015e64       0x11 ./user_c/control.o
                0x0000000000015e64                CarInfoItem0
 *fill*         0x0000000000015e75        0x3 
 .rodata.CarInfoItem1
                0x0000000000015e78        0xe ./user_c/control.o
                0x0000000000015e78                CarInfoItem1
 *fill*         0x0000000000015e86        0x2 
 .rodata.CarInfoItem2
                0x0000000000015e88        0xd ./user_c/control.o
                0x0000000000015e88                CarInfoItem2
 *fill*         0x0000000000015e95        0x3 
 .rodata.CarInfoShow.str1.4
                0x0000000000015e98       0x2f ./user_c/control.o
 *fill*         0x0000000000015ec7        0x1 
 .rodata.ClosedLoopModePrams
                0x0000000000015ec8       0x28 ./user_c/control.o
                0x0000000000015ec8                ClosedLoopModePrams
 .rodata.DiffSpeedControl.cst8
                0x0000000000015ef0       0x28 ./user_c/control.o
 .rodata.Timer6_IT.cst4
                0x0000000000015f18        0x4 ./user_c/control.o
 .rodata.BarnShow
                0x0000000000015f1c       0x1c ./user_c/display.o
 .rodata.ForkShow
                0x0000000000015f38       0x18 ./user_c/display.o
 .rodata.CircleParamsAdjust
                0x0000000000015f50       0x24 ./user_c/display.o
 .rodata.CircleShow
                0x0000000000015f74       0x18 ./user_c/display.o
 .rodata.CamShow
                0x0000000000015f8c       0x1c ./user_c/display.o
 .rodata.HMIDisplay.part.0
                0x0000000000015fa8       0x20 ./user_c/display.o
 .rodata.AdjustThreshold.str1.4
                0x0000000000015fc8        0xb ./user_c/display.o
 *fill*         0x0000000000015fd3        0x1 
 .rodata.BarnItem2
                0x0000000000015fd4        0xb ./user_c/display.o
                0x0000000000015fd4                BarnItem2
 *fill*         0x0000000000015fdf        0x1 
 .rodata.BarnItem3
                0x0000000000015fe0        0xd ./user_c/display.o
                0x0000000000015fe0                BarnItem3
 *fill*         0x0000000000015fed        0x3 
 .rodata.BarnItem4
                0x0000000000015ff0        0xb ./user_c/display.o
                0x0000000000015ff0                BarnItem4
 *fill*         0x0000000000015ffb        0x1 
 .rodata.BarnItem5
                0x0000000000015ffc        0xa ./user_c/display.o
                0x0000000000015ffc                BarnItem5
 *fill*         0x0000000000016006        0x2 
 .rodata.BarnItem6
                0x0000000000016008        0x9 ./user_c/display.o
                0x0000000000016008                BarnItem6
 *fill*         0x0000000000016011        0x3 
 .rodata.CamItem1
                0x0000000000016014        0xa ./user_c/display.o
                0x0000000000016014                CamItem1
 *fill*         0x000000000001601e        0x2 
 .rodata.CamItem3
                0x0000000000016020        0x9 ./user_c/display.o
                0x0000000000016020                CamItem3
 *fill*         0x0000000000016029        0x3 
 .rodata.CamItem4
                0x000000000001602c        0x9 ./user_c/display.o
                0x000000000001602c                CamItem4
 *fill*         0x0000000000016035        0x3 
 .rodata.CamItem5
                0x0000000000016038        0x9 ./user_c/display.o
                0x0000000000016038                CamItem5
 *fill*         0x0000000000016041        0x3 
 .rodata.CamItem6
                0x0000000000016044        0xb ./user_c/display.o
                0x0000000000016044                CamItem6
 *fill*         0x000000000001604f        0x1 
 .rodata.CamItem7
                0x0000000000016050        0xb ./user_c/display.o
                0x0000000000016050                CamItem7
 *fill*         0x000000000001605b        0x1 
 .rodata.CamProcessing.str1.4
                0x000000000001605c       0x1e ./user_c/display.o
 *fill*         0x000000000001607a        0x2 
 .rodata.CircleItem0
                0x000000000001607c        0xd ./user_c/display.o
                0x000000000001607c                CircleItem0
 *fill*         0x0000000000016089        0x3 
 .rodata.CircleItem1
                0x000000000001608c        0xc ./user_c/display.o
                0x000000000001608c                CircleItem1
 .rodata.CircleItem2
                0x0000000000016098        0xc ./user_c/display.o
                0x0000000000016098                CircleItem2
 .rodata.CircleItem3
                0x00000000000160a4        0xd ./user_c/display.o
                0x00000000000160a4                CircleItem3
 *fill*         0x00000000000160b1        0x3 
 .rodata.CircleItem4
                0x00000000000160b4        0x9 ./user_c/display.o
                0x00000000000160b4                CircleItem4
 *fill*         0x00000000000160bd        0x3 
 .rodata.CircleItem5
                0x00000000000160c0        0x9 ./user_c/display.o
                0x00000000000160c0                CircleItem5
 *fill*         0x00000000000160c9        0x3 
 .rodata.CircleItem6
                0x00000000000160cc        0x9 ./user_c/display.o
                0x00000000000160cc                CircleItem6
 *fill*         0x00000000000160d5        0x3 
 .rodata.CircleItem7
                0x00000000000160d8        0x9 ./user_c/display.o
                0x00000000000160d8                CircleItem7
 *fill*         0x00000000000160e1        0x3 
 .rodata.CirclexItem1
                0x00000000000160e4        0x9 ./user_c/display.o
                0x00000000000160e4                CirclexItem1
 *fill*         0x00000000000160ed        0x3 
 .rodata.CirclexItem2
                0x00000000000160f0        0xb ./user_c/display.o
                0x00000000000160f0                CirclexItem2
 *fill*         0x00000000000160fb        0x1 
 .rodata.CirclexItem3
                0x00000000000160fc        0x9 ./user_c/display.o
                0x00000000000160fc                CirclexItem3
 *fill*         0x0000000000016105        0x3 
 .rodata.CirclexItem4
                0x0000000000016108        0xb ./user_c/display.o
                0x0000000000016108                CirclexItem4
 *fill*         0x0000000000016113        0x1 
 .rodata.CirclexItem5
                0x0000000000016114        0x9 ./user_c/display.o
                0x0000000000016114                CirclexItem5
 *fill*         0x000000000001611d        0x3 
 .rodata.CirclexItem6
                0x0000000000016120        0xa ./user_c/display.o
                0x0000000000016120                CirclexItem6
 *fill*         0x000000000001612a        0x2 
 .rodata.CirclexItem8
                0x000000000001612c        0x9 ./user_c/display.o
                0x000000000001612c                CirclexItem8
 .rodata.DirAdjust.str1.4
                0x0000000000016135       0x1e ./user_c/display.o
                                          0x6 (size before relaxing)
 *fill*         0x0000000000016135        0x3 
 .rodata.ForkItem1
                0x0000000000016138        0x9 ./user_c/display.o
                0x0000000000016138                ForkItem1
 *fill*         0x0000000000016141        0x3 
 .rodata.ForkItem2
                0x0000000000016144        0xa ./user_c/display.o
                0x0000000000016144                ForkItem2
 *fill*         0x000000000001614e        0x2 
 .rodata.ForkxItem1
                0x0000000000016150        0x9 ./user_c/display.o
                0x0000000000016150                ForkxItem1
 *fill*         0x0000000000016159        0x3 
 .rodata.ForkxItem2
                0x000000000001615c        0xa ./user_c/display.o
                0x000000000001615c                ForkxItem2
 *fill*         0x0000000000016166        0x2 
 .rodata.ImgShowGird.str1.4
                0x0000000000016168       0x1b ./user_c/display.o
 *fill*         0x0000000000016183        0x1 
 .rodata.Item3  0x0000000000016184        0x9 ./user_c/display.o
                0x0000000000016184                Item3
 *fill*         0x000000000001618d        0x3 
 .rodata.MenuChoose.constprop.6.str1.4
                0x0000000000016190        0x3 ./user_c/display.o
 .rodata.StateAdjust.str1.4
                0x0000000000016193        0x6 ./user_c/display.o
 .rodata.ElcCenterCalculate.cst4
                0x0000000000016193        0x4 ./user_c/elc.o
 .rodata.ElcNormalized.cst4
                0x0000000000016193        0x4 ./user_c/elc.o
 *fill*         0x0000000000016193        0x1 
 .rodata.ElcShow.str1.4
                0x0000000000016194       0x6e ./user_c/elc.o
 *fill*         0x0000000000016202        0x6 
 .rodata.ImagePerspective_Init.cst8
                0x0000000000016208       0x48 ./user_c/image_deal.o
 .rodata.OSTUThreshold.cst4
                0x0000000000016250        0x4 ./user_c/image_deal.o
 .rodata.cal_middle_line.cst4
                0x0000000000016254       0x10 ./user_c/image_deal.o
                                         0x18 (size before relaxing)
 .rodata.search_line.str1.4
                0x0000000000016264        0xb ./user_c/image_deal.o
 *fill*         0x000000000001626f        0x1 
 .rodata.solve_line.cst8
                0x0000000000016270       0x10 ./user_c/image_deal.o
 .rodata.PIDParams_Init.cst4
                0x0000000000016280       0x28 ./user_c/pid.o
                                         0x30 (size before relaxing)
 .rodata.OTG_FS_IRQHandler
                0x00000000000162a8       0xbc ./sdk/Peripheral/ch32v30x_usbotg_device.o
 .rodata.MyCfgDescrHD
                0x0000000000016364       0x43 ./sdk/Peripheral/ch32v30x_usbotg_device.o
                0x0000000000016364                MyCfgDescrHD
 *fill*         0x00000000000163a7        0x1 
 .rodata.MyDevDescrHD
                0x00000000000163a8       0x12 ./sdk/Peripheral/ch32v30x_usbotg_device.o
                0x00000000000163a8                MyDevDescrHD
 *fill*         0x00000000000163ba        0x2 
 .rodata.MyManuInfoHD
                0x00000000000163bc        0xe ./sdk/Peripheral/ch32v30x_usbotg_device.o
                0x00000000000163bc                MyManuInfoHD
 *fill*         0x00000000000163ca        0x2 
 .rodata.MyProdInfoHD
                0x00000000000163cc        0xc ./sdk/Peripheral/ch32v30x_usbotg_device.o
                0x00000000000163cc                MyProdInfoHD
 .rodata.MyReportDescHD
                0x00000000000163d8       0x14 ./sdk/Peripheral/ch32v30x_usbotg_device.o
                0x00000000000163d8                MyReportDescHD
 .rodata.MySerNumInfoHD
                0x00000000000163ec       0x16 ./sdk/Peripheral/ch32v30x_usbotg_device.o
                0x00000000000163ec                MySerNumInfoHD
 *fill*         0x0000000000016402        0x2 
 .rodata.MyUSBQUADescHD
                0x0000000000016404        0xa ./sdk/Peripheral/ch32v30x_usbotg_device.o
                0x0000000000016404                MyUSBQUADescHD
 *fill*         0x000000000001640e        0x2 
 .rodata.OTG_FS_IRQHandler.str1.4
                0x0000000000016410       0x41 ./sdk/Peripheral/ch32v30x_usbotg_device.o
 *fill*         0x0000000000016451        0x3 
 .rodata.All_Init.str1.4
                0x0000000000016454       0x43 ./code/All_Init.o
 *fill*         0x0000000000016497        0x1 
 .rodata.EncoderRead.cst4
                0x0000000000016498        0xc ./code/Device.o
                                         0x10 (size before relaxing)
 *fill*         0x00000000000164a4        0x4 
 .rodata.EncoderRead.cst8
                0x00000000000164a8        0x8 ./code/Device.o
                                         0x18 (size before relaxing)
 .rodata.EncoderShow.str1.4
                0x00000000000164b0       0x50 ./code/Device.o
 .rodata.MotorShow.str1.4
                0x0000000000016500        0xe ./code/Device.o
 *fill*         0x000000000001650e        0x2 
 .rodata.ServoShow.str1.4
                0x0000000000016510        0xa ./code/Device.o
 *fill*         0x000000000001651a        0x6 
 .rodata.__ieee754_rem_pio2.cst8
                0x0000000000016520       0x40 c:/mounriver/mounriver_studio/toolchain/risc-v embedded gcc/bin/../lib/gcc/riscv-none-embed/8.2.0/../../../../riscv-none-embed/lib/rv32imac/ilp32\libm.a(lib_a-e_rem_pio2.o)
                                         0x48 (size before relaxing)
 .rodata.npio2_hw
                0x0000000000016560       0x80 c:/mounriver/mounriver_studio/toolchain/risc-v embedded gcc/bin/../lib/gcc/riscv-none-embed/8.2.0/../../../../riscv-none-embed/lib/rv32imac/ilp32\libm.a(lib_a-e_rem_pio2.o)
 .rodata.two_over_pi
                0x00000000000165e0      0x108 c:/mounriver/mounriver_studio/toolchain/risc-v embedded gcc/bin/../lib/gcc/riscv-none-embed/8.2.0/../../../../riscv-none-embed/lib/rv32imac/ilp32\libm.a(lib_a-e_rem_pio2.o)
 .rodata.PIo2   0x00000000000166e8       0x40 c:/mounriver/mounriver_studio/toolchain/risc-v embedded gcc/bin/../lib/gcc/riscv-none-embed/8.2.0/../../../../riscv-none-embed/lib/rv32imac/ilp32\libm.a(lib_a-k_rem_pio2.o)
 .rodata.__kernel_rem_pio2.cst8
                0x0000000000016728       0x20 c:/mounriver/mounriver_studio/toolchain/risc-v embedded gcc/bin/../lib/gcc/riscv-none-embed/8.2.0/../../../../riscv-none-embed/lib/rv32imac/ilp32\libm.a(lib_a-k_rem_pio2.o)
                                         0x38 (size before relaxing)
 .rodata.init_jk
                0x0000000000016748       0x10 c:/mounriver/mounriver_studio/toolchain/risc-v embedded gcc/bin/../lib/gcc/riscv-none-embed/8.2.0/../../../../riscv-none-embed/lib/rv32imac/ilp32\libm.a(lib_a-k_rem_pio2.o)
 .rodata.__kernel_tan.cst8
                0x0000000000016758       0x80 c:/mounriver/mounriver_studio/toolchain/risc-v embedded gcc/bin/../lib/gcc/riscv-none-embed/8.2.0/../../../../riscv-none-embed/lib/rv32imac/ilp32\libm.a(lib_a-k_tan.o)
                                         0x88 (size before relaxing)
 .rodata.floor.cst8
                0x00000000000167d8        0x8 c:/mounriver/mounriver_studio/toolchain/risc-v embedded gcc/bin/../lib/gcc/riscv-none-embed/8.2.0/../../../../riscv-none-embed/lib/rv32imac/ilp32\libm.a(lib_a-s_floor.o)
 .rodata.scalbn.cst8
                0x00000000000167e0       0x18 c:/mounriver/mounriver_studio/toolchain/risc-v embedded gcc/bin/../lib/gcc/riscv-none-embed/8.2.0/../../../../riscv-none-embed/lib/rv32imac/ilp32\libm.a(lib_a-s_scalbn.o)
                                         0x20 (size before relaxing)
 .rodata.__divdf3
                0x00000000000167f8       0x40 c:/mounriver/mounriver_studio/toolchain/risc-v embedded gcc/bin/../lib/gcc/riscv-none-embed/8.2.0/rv32imac/ilp32\libgcc.a(divdf3.o)
 .rodata.__muldf3
                0x0000000000016838       0x40 c:/mounriver/mounriver_studio/toolchain/risc-v embedded gcc/bin/../lib/gcc/riscv-none-embed/8.2.0/rv32imac/ilp32\libgcc.a(muldf3.o)
 .rodata.__divsf3
                0x0000000000016878       0x80 c:/mounriver/mounriver_studio/toolchain/risc-v embedded gcc/bin/../lib/gcc/riscv-none-embed/8.2.0/rv32imac/ilp32\libgcc.a(divsf3.o)
 .rodata.__mulsf3
                0x00000000000168f8       0x40 c:/mounriver/mounriver_studio/toolchain/risc-v embedded gcc/bin/../lib/gcc/riscv-none-embed/8.2.0/rv32imac/ilp32\libgcc.a(mulsf3.o)
 .rodata.__clz_tab
                0x0000000000016938      0x100 c:/mounriver/mounriver_studio/toolchain/risc-v embedded gcc/bin/../lib/gcc/riscv-none-embed/8.2.0/rv32imac/ilp32\libgcc.a(_clz.o)
                0x0000000000016938                __clz_tab
 .rodata._printf_float.cst8
                0x0000000000016a38        0x8 c:/mounriver/mounriver_studio/toolchain/risc-v embedded gcc/bin/../lib/gcc/riscv-none-embed/8.2.0/../../../../riscv-none-embed/lib/rv32imac/ilp32\libg_nano.a(lib_a-nano-vfprintf_float.o)
 .rodata._printf_float.str1.4
                0x0000000000016a40       0x12 c:/mounriver/mounriver_studio/toolchain/risc-v embedded gcc/bin/../lib/gcc/riscv-none-embed/8.2.0/../../../../riscv-none-embed/lib/rv32imac/ilp32\libg_nano.a(lib_a-nano-vfprintf_float.o)
 *fill*         0x0000000000016a52        0x2 
 .rodata._printf_i.str1.4
                0x0000000000016a54       0x25 c:/mounriver/mounriver_studio/toolchain/risc-v embedded gcc/bin/../lib/gcc/riscv-none-embed/8.2.0/../../../../riscv-none-embed/lib/rv32imac/ilp32\libg_nano.a(lib_a-nano-vfprintf_i.o)
 *fill*         0x0000000000016a79        0x7 
 .rodata._dtoa_r.cst8
                0x0000000000016a80       0x38 c:/mounriver/mounriver_studio/toolchain/risc-v embedded gcc/bin/../lib/gcc/riscv-none-embed/8.2.0/../../../../riscv-none-embed/lib/rv32imac/ilp32\libg_nano.a(lib_a-dtoa.o)
                                         0x48 (size before relaxing)
 .rodata._dtoa_r.str1.4
                0x0000000000016ab8       0x10 c:/mounriver/mounriver_studio/toolchain/risc-v embedded gcc/bin/../lib/gcc/riscv-none-embed/8.2.0/../../../../riscv-none-embed/lib/rv32imac/ilp32\libg_nano.a(lib_a-dtoa.o)
                                         0x12 (size before relaxing)
 .rodata.__sf_fake_stderr
                0x0000000000016ac8       0x20 c:/mounriver/mounriver_studio/toolchain/risc-v embedded gcc/bin/../lib/gcc/riscv-none-embed/8.2.0/../../../../riscv-none-embed/lib/rv32imac/ilp32\libg_nano.a(lib_a-findfp.o)
                0x0000000000016ac8                __sf_fake_stderr
 .rodata.__sf_fake_stdin
                0x0000000000016ae8       0x20 c:/mounriver/mounriver_studio/toolchain/risc-v embedded gcc/bin/../lib/gcc/riscv-none-embed/8.2.0/../../../../riscv-none-embed/lib/rv32imac/ilp32\libg_nano.a(lib_a-findfp.o)
                0x0000000000016ae8                __sf_fake_stdin
 .rodata.__sf_fake_stdout
                0x0000000000016b08       0x20 c:/mounriver/mounriver_studio/toolchain/risc-v embedded gcc/bin/../lib/gcc/riscv-none-embed/8.2.0/../../../../riscv-none-embed/lib/rv32imac/ilp32\libg_nano.a(lib_a-findfp.o)
                0x0000000000016b08                __sf_fake_stdout
 .rodata.__mprec_bigtens
                0x0000000000016b28       0x28 c:/mounriver/mounriver_studio/toolchain/risc-v embedded gcc/bin/../lib/gcc/riscv-none-embed/8.2.0/../../../../riscv-none-embed/lib/rv32imac/ilp32\libg_nano.a(lib_a-mprec.o)
                0x0000000000016b28                __mprec_bigtens
 .rodata.__mprec_tens
                0x0000000000016b50       0xc8 c:/mounriver/mounriver_studio/toolchain/risc-v embedded gcc/bin/../lib/gcc/riscv-none-embed/8.2.0/../../../../riscv-none-embed/lib/rv32imac/ilp32\libg_nano.a(lib_a-mprec.o)
                0x0000000000016b50                __mprec_tens
 .rodata.p05.3319