Archive member included to satisfy reference by file (symbol)

c:/mounriver/mounriver_studio/toolchain/risc-v embedded gcc/bin/../lib/gcc/riscv-none-embed/8.2.0/../../../../riscv-none-embed/lib/rv32imac/ilp32\libm.a(lib_a-s_tan.o)
                              ./user_c/control.o (tan)
c:/mounriver/mounriver_studio/toolchain/risc-v embedded gcc/bin/../lib/gcc/riscv-none-embed/8.2.0/../../../../riscv-none-embed/lib/rv32imac/ilp32\libm.a(lib_a-w_exp.o)
                              ./user_c/pid.o (exp)
c:/mounriver/mounriver_studio/toolchain/risc-v embedded gcc/bin/../lib/gcc/riscv-none-embed/8.2.0/../../../../riscv-none-embed/lib/rv32imac/ilp32\libm.a(lib_a-e_exp.o)
                              c:/mounriver/mounriver_studio/toolchain/risc-v embedded gcc/bin/../lib/gcc/riscv-none-embed/8.2.0/../../../../riscv-none-embed/lib/rv32imac/ilp32\libm.a(lib_a-w_exp.o) (__ieee754_exp)
c:/mounriver/mounriver_studio/toolchain/risc-v embedded gcc/bin/../lib/gcc/riscv-none-embed/8.2.0/../../../../riscv-none-embed/lib/rv32imac/ilp32\libm.a(lib_a-e_rem_pio2.o)
                              c:/mounriver/mounriver_studio/toolchain/risc-v embedded gcc/bin/../lib/gcc/riscv-none-embed/8.2.0/../../../../riscv-none-embed/lib/rv32imac/ilp32\libm.a(lib_a-s_tan.o) (__ieee754_rem_pio2)
c:/mounriver/mounriver_studio/toolchain/risc-v embedded gcc/bin/../lib/gcc/riscv-none-embed/8.2.0/../../../../riscv-none-embed/lib/rv32imac/ilp32\libm.a(lib_a-k_rem_pio2.o)
                              c:/mounriver/mounriver_studio/toolchain/risc-v embedded gcc/bin/../lib/gcc/riscv-none-embed/8.2.0/../../../../riscv-none-embed/lib/rv32imac/ilp32\libm.a(lib_a-e_rem_pio2.o) (__kernel_rem_pio2)
c:/mounriver/mounriver_studio/toolchain/risc-v embedded gcc/bin/../lib/gcc/riscv-none-embed/8.2.0/../../../../riscv-none-embed/lib/rv32imac/ilp32\libm.a(lib_a-k_tan.o)
                              c:/mounriver/mounriver_studio/toolchain/risc-v embedded gcc/bin/../lib/gcc/riscv-none-embed/8.2.0/../../../../riscv-none-embed/lib/rv32imac/ilp32\libm.a(lib_a-s_tan.o) (__kernel_tan)
c:/mounriver/mounriver_studio/toolchain/risc-v embedded gcc/bin/../lib/gcc/riscv-none-embed/8.2.0/../../../../riscv-none-embed/lib/rv32imac/ilp32\libm.a(lib_a-s_fabs.o)
                              c:/mounriver/mounriver_studio/toolchain/risc-v embedded gcc/bin/../lib/gcc/riscv-none-embed/8.2.0/../../../../riscv-none-embed/lib/rv32imac/ilp32\libm.a(lib_a-e_rem_pio2.o) (fabs)
c:/mounriver/mounriver_studio/toolchain/risc-v embedded gcc/bin/../lib/gcc/riscv-none-embed/8.2.0/../../../../riscv-none-embed/lib/rv32imac/ilp32\libm.a(lib_a-s_finite.o)
                              c:/mounriver/mounriver_studio/toolchain/risc-v embedded gcc/bin/../lib/gcc/riscv-none-embed/8.2.0/../../../../riscv-none-embed/lib/rv32imac/ilp32\libm.a(lib_a-w_exp.o) (finite)
c:/mounriver/mounriver_studio/toolchain/risc-v embedded gcc/bin/../lib/gcc/riscv-none-embed/8.2.0/../../../../riscv-none-embed/lib/rv32imac/ilp32\libm.a(lib_a-s_floor.o)
                              c:/mounriver/mounriver_studio/toolchain/risc-v embedded gcc/bin/../lib/gcc/riscv-none-embed/8.2.0/../../../../riscv-none-embed/lib/rv32imac/ilp32\libm.a(lib_a-k_rem_pio2.o) (floor)
c:/mounriver/mounriver_studio/toolchain/risc-v embedded gcc/bin/../lib/gcc/riscv-none-embed/8.2.0/../../../../riscv-none-embed/lib/rv32imac/ilp32\libm.a(lib_a-s_lib_ver.o)
                              c:/mounriver/mounriver_studio/toolchain/risc-v embedded gcc/bin/../lib/gcc/riscv-none-embed/8.2.0/../../../../riscv-none-embed/lib/rv32imac/ilp32\libm.a(lib_a-w_exp.o) (__fdlib_version)
c:/mounriver/mounriver_studio/toolchain/risc-v embedded gcc/bin/../lib/gcc/riscv-none-embed/8.2.0/../../../../riscv-none-embed/lib/rv32imac/ilp32\libm.a(lib_a-s_matherr.o)
                              c:/mounriver/mounriver_studio/toolchain/risc-v embedded gcc/bin/../lib/gcc/riscv-none-embed/8.2.0/../../../../riscv-none-embed/lib/rv32imac/ilp32\libm.a(lib_a-w_exp.o) (matherr)
c:/mounriver/mounriver_studio/toolchain/risc-v embedded gcc/bin/../lib/gcc/riscv-none-embed/8.2.0/../../../../riscv-none-embed/lib/rv32imac/ilp32\libm.a(lib_a-s_scalbn.o)
                              c:/mounriver/mounriver_studio/toolchain/risc-v embedded gcc/bin/../lib/gcc/riscv-none-embed/8.2.0/../../../../riscv-none-embed/lib/rv32imac/ilp32\libm.a(lib_a-k_rem_pio2.o) (scalbn)
c:/mounriver/mounriver_studio/toolchain/risc-v embedded gcc/bin/../lib/gcc/riscv-none-embed/8.2.0/../../../../riscv-none-embed/lib/rv32imac/ilp32\libm.a(lib_a-s_copysign.o)
                              c:/mounriver/mounriver_studio/toolchain/risc-v embedded gcc/bin/../lib/gcc/riscv-none-embed/8.2.0/../../../../riscv-none-embed/lib/rv32imac/ilp32\libm.a(lib_a-s_scalbn.o) (copysign)
c:/mounriver/mounriver_studio/toolchain/risc-v embedded gcc/bin/../lib/gcc/riscv-none-embed/8.2.0/rv32imac/ilp32\libgcc.a(_udivdi3.o)
                              ./zf_driver/zf_driver_delay.o (__udivdi3)
[...]
Memory Configuration

Name             Origin             Length             Attributes
RAM              0x0000000020000000 0x0000000000020000 xrw
FLASH            0x0000000000000000 0x000000000002f000 xr
*default*        0x0000000000000000 0xffffffffffffffff

Linker script and memory map

LOAD ./zf_driver/zf_driver_adc.o
LOAD ./zf_driver/zf_driver_delay.o
LOAD ./zf_driver/zf_driver_dvp.o
LOAD ./zf_driver/zf_driver_encoder.o
LOAD ./zf_driver/zf_driver_flash.o
LOAD ./zf_driver/zf_driver_gpio.o
LOAD ./zf_driver/zf_driver_irq.o
LOAD ./zf_driver/zf_driver_pit.o
LOAD ./zf_driver/zf_driver_pwm.o
LOAD ./zf_driver/zf_driver_soft_iic.o
LOAD ./zf_driver/zf_driver_spi.o
LOAD ./zf_driver/zf_driver_timer.o
LOAD ./zf_driver/zf_driver_uart.o
LOAD ./zf_driver/zf_driver_usb_cdc.o
LOAD ./zf_device/zf_device_absolute_encoder.o
LOAD ./zf_device/zf_device_bluetooth_ch9141.o
LOAD ./zf_device/zf_device_bluetooth_ch9141_ch2.o
LOAD ./zf_device/zf_device_camera.o
LOAD ./zf_device/zf_device_icm20602.o
LOAD ./zf_device/zf_device_ips114.o
LOAD ./zf_device/zf_device_ips200_parallel8.o
LOAD ./zf_device/zf_device_mpu6050.o
LOAD ./zf_device/zf_device_mt9v03x_dvp.o
LOAD ./zf_device/zf_device_oled.o
LOAD ./zf_device/zf_device_scc8660_dvp.o
LOAD ./zf_device/zf_device_tft180.o
LOAD ./zf_device/zf_device_type.o
LOAD ./zf_device/zf_device_virtual_oscilloscope.o
LOAD ./zf_device/zf_device_wireless_uart.o
LOAD ./zf_common/zf_common_clock.o
LOAD ./zf_common/zf_common_debug.o
LOAD ./zf_common/zf_common_fifo.o
LOAD ./zf_common/zf_common_font.o
LOAD ./zf_common/zf_common_function.o
LOAD ./zf_common/zf_common_interrupt.o
LOAD ./user_c/cam.o
LOAD ./user_c/control.o
LOAD ./user_c/display.o
LOAD ./user_c/elc.o
LOAD ./user_c/element.o
LOAD ./user_c/image_deal.o
LOAD ./user_c/isr.o
LOAD ./user_c/main.o
LOAD ./user_c/pid.o
LOAD ./sdk/Startup/startup_ch32v30x.o
LOAD ./sdk/Startup/system_ch32v30x.o
LOAD ./sdk/Peripheral/ch32v30x_adc.o
LOAD ./sdk/Peripheral/ch32v30x_bkp.o
LOAD ./sdk/Peripheral/ch32v30x_can.o
LOAD ./sdk/Peripheral/ch32v30x_crc.o
LOAD ./sdk/Peripheral/ch32v30x_dac.o
LOAD ./sdk/Peripheral/ch32v30x_dbgmcu.o
LOAD ./sdk/Peripheral/ch32v30x_dma.o
LOAD ./sdk/Peripheral/ch32v30x_dvp.o
LOAD ./sdk/Peripheral/ch32v30x_eth.o
LOAD ./sdk/Peripheral/ch32v30x_exti.o
LOAD ./sdk/Peripheral/ch32v30x_flash.o
LOAD ./sdk/Peripheral/ch32v30x_fsmc.o
LOAD ./sdk/Peripheral/ch32v30x_gpio.o
LOAD ./sdk/Peripheral/ch32v30x_i2c.o
LOAD ./sdk/Peripheral/ch32v30x_iwdg.o
LOAD ./sdk/Peripheral/ch32v30x_misc.o
LOAD ./sdk/Peripheral/ch32v30x_opa.o
LOAD ./sdk/Peripheral/ch32v30x_pwr.o
LOAD ./sdk/Peripheral/ch32v30x_rcc.o
LOAD ./sdk/Peripheral/ch32v30x_rng.o
LOAD ./sdk/Peripheral/ch32v30x_rtc.o
LOAD ./sdk/Peripheral/ch32v30x_sdio.o
LOAD ./sdk/Peripheral/ch32v30x_spi.o
LOAD ./sdk/Peripheral/ch32v30x_tim.o
LOAD ./sdk/Peripheral/ch32v30x_usart.o
LOAD ./sdk/Peripheral/ch32v30x_usbotg_device.o
LOAD ./sdk/Peripheral/ch32v30x_wwdg.o
LOAD ./sdk/Core/core_riscv.o
LOAD ./code/ANO_DT.o
LOAD ./code/All_Init.o
LOAD ./code/Device.o
LOAD ./code/Filter.o
LOAD ./code/My_Flash.o
LOAD ./code/swj.o
LOAD c:/mounriver/mounriver_studio/toolchain/risc-v embedded gcc/bin/../lib/gcc/riscv-none-embed/8.2.0/../../../../riscv-none-embed/lib/rv32imac/ilp32\libm.a
LOAD c:/mounriver/mounriver_studio/toolchain/risc-v embedded gcc/bin/../lib/gcc/riscv-none-embed/8.2.0/rv32imac/ilp32\libgcc.a
LOAD c:/mounriver/mounriver_studio/toolchain/risc-v embedded gcc/bin/../lib/gcc/riscv-none-embed/8.2.0/../../../../riscv-none-embed/lib/rv32imac/ilp32\libg_nano.a
LOAD c:/mounriver/mounriver_studio/toolchain/risc-v embedded gcc/bin/../lib/gcc/riscv-none-embed/8.2.0/../../../../riscv-none-embed/lib/rv32imac/ilp32\libc_nano.a
LOAD c:/mounriver/mounriver_studio/toolchain/risc-v embedded gcc/bin/../lib/gcc/riscv-none-embed/8.2.0/rv32imac/ilp32\libgcc.a
START GROUP
LOAD c:/mounriver/mounriver_studio/toolchain/risc-v embedded gcc/bin/../lib/gcc/riscv-none-embed/8.2.0/rv32imac/ilp32\libgcc.a
LOAD c:/mounriver/mounriver_studio/toolchain/risc-v embedded gcc/bin/../lib/gcc/riscv-none-embed/8.2.0/../../../../riscv-none-embed/lib/rv32imac/ilp32\libc_nano.a
LOAD c:/mounriver/mounriver_studio/toolchain/risc-v embedded gcc/bin/../lib/gcc/riscv-none-embed/8.2.0/../../../../riscv-none-embed/lib/rv32imac/ilp32\libnosys.a
END GROUP
START GROUP
LOAD c:/mounriver/mounriver_studio/toolchain/risc-v embedded gcc/bin/../lib/gcc/riscv-none-embed/8.2.0/rv32imac/ilp32\libgcc.a
LOAD c:/mounriver/mounriver_studio/toolchain/risc-v embedded gcc/bin/../lib/gcc/riscv-none-embed/8.2.0/../../../../riscv-none-embed/lib/rv32imac/ilp32\libc_nano.a
LOAD c:/mounriver/mounriver_studio/toolchain/risc-v embedded gcc/bin/../lib/gcc/riscv-none-embed/8.2.0/../../../../riscv-none-embed/lib/rv32imac/ilp32\libnosys.a
END GROUP
                0x0000000000000800                __stack_size = 0x800
                [!provide]                        PROVIDE (_stack_size = __stack_size)

.init           0x0000000000000000       0x38
                0x0000000000000000                _sinit = .
                0x0000000000000000                . = ALIGN (0x4)
 *(SORT_NONE(.init))
 .init          0x0000000000000000       0x38 ./sdk/Startup/startup_ch32v30x.o
                0x0000000000000000                _start
                0x0000000000000038                . = ALIGN (0x4)
                0x0000000000000038                _einit = .

.vector         0x0000000000000038      0x1c8
 *(.vector)
 .vector        0x0000000000000038      0x1a0 ./sdk/Startup/startup_ch32v30x.o
                0x0000000000000200                . = ALIGN (0x40)
 *fill*         0x00000000000001d8       0x28 

.text           0x0000000000000200    0x16f64
                0x0000000000000200                . = ALIGN (0x4)
 *(.text)
 .text          0x0000000000000200       0x14 ./zf_driver/zf_driver_irq.o
                0x0000000000000200                dis_interrupt
                0x0000000000000206                en_interrupt
 .text          0x0000000000000214       0xa8 c:/mounriver/mounriver_studio/toolchain/risc-v embedded gcc/bin/../lib/gcc/riscv-none-embed/8.2.0/../../../../riscv-none-embed/lib/rv32imac/ilp32\libg_nano.a(lib_a-memset.o)
                0x0000000000000214                memset
 *(.text.*)
 .text.adc_gpio_init
                0x00000000000002bc       0xc6 ./zf_driver/zf_driver_adc.o
                0x00000000000002bc                adc_gpio_init
 .text.adc_convert
                0x0000000000000382       0x54 ./zf_driver/zf_driver_adc.o
                0x0000000000000382                adc_convert
 .text.adc_init
                0x00000000000003d6       0x92 ./zf_driver/zf_driver_adc.o
                0x00000000000003d6                adc_init
 .text.system_delay
                0x0000000000000468       0x2a ./zf_driver/zf_driver_delay.o
                0x0000000000000468                system_delay
 .text.dvp_gpio_init
                0x0000000000000492       0xcc ./zf_driver/zf_driver_dvp.o
                0x0000000000000492                dvp_gpio_init
 .text.dvp_camera_init
                0x000000000000055e       0xaa ./zf_driver/zf_driver_dvp.o
                0x000000000000055e                dvp_camera_init
 .text.encoder_get_count
                0x0000000000000608       0x54 ./zf_driver/zf_driver_encoder.o
                0x0000000000000608                encoder_get_count
 .text.encoder_clean_count
                0x000000000000065c       0x12 ./zf_driver/zf_driver_encoder.o
                0x000000000000065c                encoder_clean_count
 .text.encoder_init_dir
                0x000000000000066e      0x16a ./zf_driver/zf_driver_encoder.o
                0x000000000000066e                encoder_init_dir
 .text.gpio_set_level
                0x00000000000007d8       0x24 ./zf_driver/zf_driver_gpio.o
                0x00000000000007d8                gpio_set_level
 .text.gpio_get_level
                0x00000000000007fc       0x22 ./zf_driver/zf_driver_gpio.o
                0x00000000000007fc                gpio_get_level
 .text.gpio_toggle_level
                0x000000000000081e       0x24 ./zf_driver/zf_driver_gpio.o
                0x000000000000081e                gpio_toggle_level
 .text.gpio_init
                0x0000000000000842      0x10c ./zf_driver/zf_driver_gpio.o
                0x0000000000000842                gpio_init
 .text.pit_init
                0x000000000000094e       0xfe ./zf_driver/zf_driver_pit.o
                0x000000000000094e                pit_init
 .text.pwm_gpio_init
                0x0000000000000a4c      0x472 ./zf_driver/zf_driver_pwm.o
                0x0000000000000a4c                pwm_gpio_init
 .text.pwm_set_duty
                0x0000000000000ebe       0x78 ./zf_driver/zf_driver_pwm.o
                0x0000000000000ebe                pwm_set_duty
 .text.pwm_init
                0x0000000000000f36      0x26a ./zf_driver/zf_driver_pwm.o
                0x0000000000000f36                pwm_init
 .text.spi_gpio_init
                0x00000000000011a0      0x1aa ./zf_driver/zf_driver_spi.o
                0x00000000000011a0                spi_gpio_init
 .text.spi_init
                0x000000000000134a      0x20e ./zf_driver/zf_driver_spi.o
                0x000000000000134a                spi_init
 .text.spi_write_8bit
                0x0000000000001558       0x1c ./zf_driver/zf_driver_spi.o
                0x0000000000001558                spi_write_8bit
 .text.spi_write_16bit
                0x0000000000001574       0x32 ./zf_driver/zf_driver_spi.o
                0x0000000000001574                spi_write_16bit
 .text.timer_funciton_check
                0x00000000000015a6       0x1e ./zf_driver/zf_driver_timer.o
                0x00000000000015a6                timer_funciton_check
 .text.timer_clock_enable
                0x00000000000015c4       0x8a ./zf_driver/zf_driver_timer.o
                0x00000000000015c4                timer_clock_enable
 .text.uart_gpio_init
                0x000000000000164e      0x320 ./zf_driver/zf_driver_uart.o
                0x000000000000164e                uart_gpio_init
 .text.uart_write_buffer
                0x000000000000196e       0x30 ./zf_driver/zf_driver_uart.o
                0x000000000000196e                uart_write_buffer
 .text.uart_rx_interrupt
                0x000000000000199e       0x52 ./zf_driver/zf_driver_uart.o
                0x000000000000199e                uart_rx_interrupt
 .text.uart_query_byte
                0x00000000000019f0       0x26 ./zf_driver/zf_driver_uart.o
                0x00000000000019f0                uart_query_byte
 .text.uart_init
                0x0000000000001a16      0x204 ./zf_driver/zf_driver_uart.o
                0x0000000000001a16                uart_init
 .text.bluetooth_ch9141_uart_callback_ch1
                0x0000000000001c1a       0x90 ./zf_device/zf_device_bluetooth_ch9141.o
                0x0000000000001c1a                bluetooth_ch9141_uart_callback_ch1
 .text.bluetooth_ch9141_uart_callback_ch2
                0x0000000000001caa       0x90 ./zf_device/zf_device_bluetooth_ch9141_ch2.o
                0x0000000000001caa                bluetooth_ch9141_uart_callback_ch2
 .text.camera_uart_handler
                0x0000000000001d3a       0x20 ./zf_device/zf_device_camera.o
                0x0000000000001d3a                camera_uart_handler
 .text.camera_dvp_handler
                0x0000000000001d5a       0x1a ./zf_device/zf_device_camera.o
                0x0000000000001d5a                camera_dvp_handler
 .text.ips114_set_region
                0x0000000000001d74      0x25e ./zf_device/zf_device_ips114.o
 .text.ips114_init
                0x0000000000001fd2      0x4fc ./zf_device/zf_device_ips114.o
                0x0000000000001fd2                ips114_init
 .text.ips114_clear
                0x00000000000024ce       0x44 ./zf_device/zf_device_ips114.o
                0x00000000000024ce                ips114_clear
 .text.ips114_draw_point
                0x0000000000002512       0x5e ./zf_device/zf_device_ips114.o
                0x0000000000002512                ips114_draw_point
 .text.ips114_show_char
                0x0000000000002570       0xde ./zf_device/zf_device_ips114.o
                0x0000000000002570                ips114_show_char
 .text.ips114_show_string
                0x000000000000264e       0x70 ./zf_device/zf_device_ips114.o
                0x000000000000264e                ips114_show_string
 .text.ips114_show_int8
                0x00000000000026be       0xce ./zf_device/zf_device_ips114.o
                0x00000000000026be                ips114_show_int8
 .text.ips114_show_uint8
                0x000000000000278c       0x9e ./zf_device/zf_device_ips114.o
                0x000000000000278c                ips114_show_uint8
 .text.ips114_show_int16
                0x000000000000282a       0xe8 ./zf_device/zf_device_ips114.o
                0x000000000000282a                ips114_show_int16
 .text.ips114_show_uint16
                0x0000000000002912       0xba ./zf_device/zf_device_ips114.o
                0x0000000000002912                ips114_show_uint16
 .text.ips114_show_int32
                0x00000000000029cc      0x11a ./zf_device/zf_device_ips114.o
                0x00000000000029cc                ips114_show_int32
 .text.ips114_show_float
                0x0000000000002ae6      0x1c4 ./zf_device/zf_device_ips114.o
                0x0000000000002ae6                ips114_show_float
 .text.ips114_show_gray_image
                0x0000000000002caa      0x108 ./zf_device/zf_device_ips114.o
                0x0000000000002caa                ips114_show_gray_image
 .text.ips114_DrawXLine
                0x0000000000002db2      0x2e4 ./zf_device/zf_device_ips114.o
                0x0000000000002db2                ips114_DrawXLine
 .text.ips114_show_gray_image_vec
                0x0000000000003096      0x110 ./zf_device/zf_device_ips114.o
                0x0000000000003096                ips114_show_gray_image_vec
 .text.mt9v03x_get_config_dvp.constprop.0
                0x00000000000031a6       0xf0 ./zf_device/zf_device_mt9v03x_dvp.o
 .text.mt9v03x_uart_callback_dvp
                0x0000000000003296       0x64 ./zf_device/zf_device_mt9v03x_dvp.o
                0x0000000000003296                mt9v03x_uart_callback_dvp
 .text.mt9v03x_handler_dvp
                0x00000000000032fa        0x8 ./zf_device/zf_device_mt9v03x_dvp.o
                0x00000000000032fa                mt9v03x_handler_dvp
 .text.mt9v03x_init_dvp
                0x0000000000003302      0x212 ./zf_device/zf_device_mt9v03x_dvp.o
                0x0000000000003302                mt9v03x_init_dvp
 .text.scc8660_uart_callback_dvp
                0x0000000000003514       0x64 ./zf_device/zf_device_scc8660_dvp.o
                0x0000000000003514                scc8660_uart_callback_dvp
 .text.scc8660_vsync_dvp
                0x0000000000003578       0x1e ./zf_device/zf_device_scc8660_dvp.o
                0x0000000000003578                scc8660_vsync_dvp
 .text.set_camera_type
                0x0000000000003596        0x6 ./zf_device/zf_device_type.o
                0x0000000000003596                set_camera_type
 .text.wireless_uart_callback
                0x000000000000359c       0x26 ./zf_device/zf_device_wireless_uart.o
                0x000000000000359c                wireless_uart_callback
 .text.clock_init
                0x00000000000035c2      0x1de ./zf_common/zf_common_clock.o
                0x00000000000035c2                clock_init
 .text.debug_init
                0x00000000000037a0       0x2c ./zf_common/zf_common_debug.o
                0x00000000000037a0                debug_init
 .text.debug_assert_handler
                0x00000000000037cc       0x2a ./zf_common/zf_common_debug.o
                0x00000000000037cc                debug_assert_handler
 .text._write   0x00000000000037f6       0x4e ./zf_common/zf_common_debug.o
                0x00000000000037f6                _write
 .text.fifo_write_buffer
                0x0000000000003844       0xba ./zf_common/zf_common_fifo.o
                0x0000000000003844                fifo_write_buffer
 .text.fifo_read_buffer
                0x00000000000038fe       0xbc ./zf_common/zf_common_fifo.o
                0x00000000000038fe                fifo_read_buffer
 .text.my_delay
                0x00000000000039ba       0x20 ./zf_common/zf_common_function.o
                0x00000000000039ba                my_delay
 .text.zf_sprintf
                0x00000000000039da      0x638 ./zf_common/zf_common_function.o
                0x00000000000039da                zf_sprintf
 .text.interrupt_enable
                0x0000000000004012       0x1a ./zf_common/zf_common_interrupt.o
                0x0000000000004012                interrupt_enable
 .text.interrupt_disable
                0x000000000000402c       0x1a ./zf_common/zf_common_interrupt.o
                0x000000000000402c                interrupt_disable
 .text.interrupt_set_priority
                0x0000000000004046        0xc ./zf_common/zf_common_interrupt.o
                0x0000000000004046                interrupt_set_priority
 .text.interrupt_init
                0x0000000000004052        0x6 ./zf_common/zf_common_interrupt.o
                0x0000000000004052                interrupt_init
 .text.interrupt_enable_all
                0x0000000000004058        0x8 ./zf_common/zf_common_interrupt.o
                0x0000000000004058                interrupt_enable_all
 .text.interrupt_disable_all
                0x0000000000004060       0x10 ./zf_common/zf_common_interrupt.o
                0x0000000000004060                interrupt_disable_all
 .text.ImageProcessingStatusInit
                0x0000000000004070       0xc0 ./user_c/cam.o
                0x0000000000004070                ImageProcessingStatusInit
 .text.GetBorder
                0x0000000000004130       0x9e ./user_c/cam.o
                0x0000000000004130                GetBorder
 .text.CarSystem_Init
                0x00000000000041ce       0x4a ./user_c/control.o
                0x00000000000041ce                CarSystem_Init
 .text.AllImageDeal
                0x0000000000004218       0x30 ./user_c/control.o
                0x0000000000004218                AllImageDeal
 .text.DiffSpeedControl
                0x0000000000004248      0x19c ./user_c/control.o
                0x0000000000004248                DiffSpeedControl
 .text.SpeedControl
                0x00000000000043e4      0x2c8 ./user_c/control.o
                0x00000000000043e4                SpeedControl
 .text.Timer6_IT
                0x00000000000046ac       0xec ./user_c/control.o
                0x00000000000046ac                Timer6_IT
 .text.Timer7_IT
                0x0000000000004798        0x2 ./user_c/control.o
                0x0000000000004798                Timer7_IT
 .text.CarInfoShow
                0x000000000000479a      0x1d8 ./user_c/control.o
                0x000000000000479a                CarInfoShow
 .text.ImageShowX.constprop.5
                0x0000000000004972      0x12e ./user_c/display.o
 .text.MenuChoose.constprop.6
                0x0000000000004aa0      0x14a ./user_c/display.o
 .text.ParamsAdjustShort
                0x0000000000004bea      0x104 ./user_c/display.o
                0x0000000000004bea                ParamsAdjustShort
 .text.StateAdjust
                0x0000000000004cee      0x16e ./user_c/display.o
                0x0000000000004cee                StateAdjust
 .text.DirAdjust
                0x0000000000004e5c      0x182 ./user_c/display.o
                0x0000000000004e5c                DirAdjust
 .text.EnumAdjust
                0x0000000000004fde      0x14e ./user_c/display.o
                0x0000000000004fde                EnumAdjust
 .text.MenuChoose
                0x000000000000512c      0x134 ./user_c/display.o
                0x000000000000512c                MenuChoose
 .text.ImgShowGird
                0x0000000000005260      0x1f6 ./user_c/display.o
                0x0000000000005260                ImgShowGird
 .text.ShowRepairLine
                0x0000000000005456      0x294 ./user_c/display.o
                0x0000000000005456                ShowRepairLine
 .text.AdjustThreshold
                0x00000000000056ea      0x136 ./user_c/display.o
                0x00000000000056ea                AdjustThreshold
 .text.CamProcessing
                0x0000000000005820      0x192 ./user_c/display.o
                0x0000000000005820                CamProcessing
 .text.BarnShow
                0x00000000000059b2      0x5a0 ./user_c/display.o
                0x00000000000059b2                BarnShow
 .text.ForkParamsAdjust
                0x0000000000005f52      0x2b2 ./user_c/display.o
                0x0000000000005f52                ForkParamsAdjust
 .text.ForkShow
                0x0000000000006204      0x31e ./user_c/display.o
                0x0000000000006204                ForkShow
 .text.CircleParamsAdjust
                0x0000000000006522      0x672 ./user_c/display.o
                0x0000000000006522                CircleParamsAdjust
 .text.CircleShow
                0x0000000000006b94      0x3d0 ./user_c/display.o
                0x0000000000006b94                CircleShow
 .text.CamShow  0x0000000000006f64      0x186 ./user_c/display.o
                0x0000000000006f64                CamShow
 .text.HMIDisplay.part.0
                0x00000000000070ea      0x116 ./user_c/display.o
 .text.HMIFlagCheck
                0x0000000000007200       0x5a ./user_c/display.o
                0x0000000000007200                HMIFlagCheck
 .text.ElcRead  0x000000000000725a      0x348 ./user_c/elc.o
                0x000000000000725a                ElcRead
 .text.ElcNormalized
                0x00000000000075a2      0x288 ./user_c/elc.o
                0x00000000000075a2                ElcNormalized
 .text.ElcCenterCalculate
                0x000000000000782a      0x104 ./user_c/elc.o
                0x000000000000782a                ElcCenterCalculate
 .text.ElcShow  0x000000000000792e      0x1c0 ./user_c/elc.o
                0x000000000000792e                ElcShow
 .text.init_flag
                0x0000000000007aee       0x38 ./user_c/element.o
                0x0000000000007aee                init_flag
 .text.pow_diff
                0x0000000000007b26      0x220 ./user_c/element.o
                0x0000000000007b26                pow_diff
 .text.judge_fork
                0x0000000000007d46      0x8a4 ./user_c/element.o
                0x0000000000007d46                judge_fork
 .text.judge_unit
                0x00000000000085ea       0x10 ./user_c/element.o
                0x00000000000085ea                judge_unit
 .text.ImagePerspective_Init
                0x00000000000085fa      0x1e6 ./user_c/image_deal.o
                0x00000000000085fa                ImagePerspective_Init
 .text.OSTUThreshold
                0x00000000000087e0      0x1f6 ./user_c/image_deal.o
                0x00000000000087e0                OSTUThreshold
 .text.GetSimBinImage
                0x00000000000089d6       0x66 ./user_c/image_deal.o
                0x00000000000089d6                GetSimBinImage
 .text.cal_middle_line
                0x0000000000008a3c      0x210 ./user_c/image_deal.o
                0x0000000000008a3c                cal_middle_line
 .text.solve_line
                0x0000000000008c4c      0xa7e ./user_c/image_deal.o
                0x0000000000008c4c                solve_line
 .text.add_edge
                0x00000000000096ca       0xfc ./user_c/image_deal.o
                0x00000000000096ca                add_edge
 .text.edge_cnt
                0x00000000000097c6      0x1d0 ./user_c/image_deal.o
                0x00000000000097c6                edge_cnt
 .text.search_line
                0x0000000000009996      0xc3e ./user_c/image_deal.o
                0x0000000000009996                search_line
 .text.search_line_fork
                0x000000000000a5d4      0xb88 ./user_c/image_deal.o
                0x000000000000a5d4                search_line_fork
 .text.USART1_IRQHandler
                0x000000000000b15c       0x32 ./user_c/isr.o
                0x000000000000b15c                USART1_IRQHandler
 .text.USART2_IRQHandler
                0x000000000000b18e       0x42 ./user_c/isr.o
                0x000000000000b18e                USART2_IRQHandler
 .text.USART3_IRQHandler
                0x000000000000b1d0       0x32 ./user_c/isr.o
                0x000000000000b1d0                USART3_IRQHandler
 .text.UART4_IRQHandler
                0x000000000000b202       0x32 ./user_c/isr.o
                0x000000000000b202                UART4_IRQHandler
 .text.UART5_IRQHandler
                0x000000000000b234       0x26 ./user_c/isr.o
                0x000000000000b234                UART5_IRQHandler
 .text.UART6_IRQHandler
                0x000000000000b25a       0x32 ./user_c/isr.o
                0x000000000000b25a                UART6_IRQHandler
 .text.UART7_IRQHandler
                0x000000000000b28c       0x36 ./user_c/isr.o
                0x000000000000b28c                UART7_IRQHandler
 .text.UART8_IRQHandler
                0x000000000000b2c2       0x22 ./user_c/isr.o
                0x000000000000b2c2                UART8_IRQHandler
 .text.DVP_IRQHandler
                0x000000000000b2e4       0x30 ./user_c/isr.o
                0x000000000000b2e4                DVP_IRQHandler
 .text.EXTI0_IRQHandler
                0x000000000000b314       0x18 ./user_c/isr.o
                0x000000000000b314                EXTI0_IRQHandler
 .text.EXTI1_IRQHandler
                0x000000000000b32c       0x1a ./user_c/isr.o
                0x000000000000b32c                EXTI1_IRQHandler
 .text.EXTI2_IRQHandler
                0x000000000000b346       0x1a ./user_c/isr.o
                0x000000000000b346                EXTI2_IRQHandler
 .text.EXTI3_IRQHandler
                0x000000000000b360       0x1a ./user_c/isr.o
                0x000000000000b360                EXTI3_IRQHandler
 .text.EXTI4_IRQHandler
                0x000000000000b37a       0x1a ./user_c/isr.o
                0x000000000000b37a                EXTI4_IRQHandler
 .text.EXTI9_5_IRQHandler
                0x000000000000b394       0x7e ./user_c/isr.o
                0x000000000000b394                EXTI9_5_IRQHandler
 .text.EXTI15_10_IRQHandler
                0x000000000000b412       0xca ./user_c/isr.o
                0x000000000000b412                EXTI15_10_IRQHandler
 .text.TIM1_UP_IRQHandler
                0x000000000000b4dc       0x2e ./user_c/isr.o
                0x000000000000b4dc                TIM1_UP_IRQHandler
 .text.TIM2_IRQHandler
                0x000000000000b50a       0x1e ./user_c/isr.o
                0x000000000000b50a                TIM2_IRQHandler
 .text.TIM3_IRQHandler
                0x000000000000b528       0x2e ./user_c/isr.o
                0x000000000000b528                TIM3_IRQHandler
 .text.TIM4_IRQHandler
                0x000000000000b556       0x2e ./user_c/isr.o
                0x000000000000b556                TIM4_IRQHandler
 .text.TIM5_IRQHandler
                0x000000000000b584       0x2e ./user_c/isr.o
                0x000000000000b584                TIM5_IRQHandler
 .text.TIM6_IRQHandler
                0x000000000000b5b2       0x22 ./user_c/isr.o
                0x000000000000b5b2                TIM6_IRQHandler
 .text.TIM7_IRQHandler
                0x000000000000b5d4       0x32 ./user_c/isr.o
                0x000000000000b5d4                TIM7_IRQHandler
 .text.TIM8_UP_IRQHandler
                0x000000000000b606       0x2e ./user_c/isr.o
                0x000000000000b606                TIM8_UP_IRQHandler
 .text.TIM9_UP_IRQHandler
                0x000000000000b634       0x2e ./user_c/isr.o
                0x000000000000b634                TIM9_UP_IRQHandler
 .text.TIM10_UP_IRQHandler
                0x000000000000b662       0x1e ./user_c/isr.o
                0x000000000000b662                TIM10_UP_IRQHandler
 .text.NMI_Handler
                0x000000000000b680        0x4 ./user_c/isr.o
                0x000000000000b680                NMI_Handler
 .text.HardFault_Handler
                0x000000000000b684        0x2 ./user_c/isr.o
                0x000000000000b684                HardFault_Handler
 .text.main     0x000000000000b686       0x96 ./user_c/main.o
                0x000000000000b686                main
 .text.PIDParams_Init
                0x000000000000b71c      0x11c ./user_c/pid.o
                0x000000000000b71c                PIDParams_Init
 .text.SimpleIncremental_PID
                0x000000000000b838      0x11c ./user_c/pid.o
                0x000000000000b838                SimpleIncremental_PID
 .text.ServoPosition_PID
                0x000000000000b954      0x13a ./user_c/pid.o
                0x000000000000b954                ServoPosition_PID
 .text.vector_handler
                0x000000000000ba8e       0xbe ./sdk/Startup/startup_ch32v30x.o
                0x000000000000ba92                Ecall_M_Mode_Handler
                0x000000000000ba94                Ecall_U_Mode_Handler
                0x000000000000ba96                Break_Point_Handler
                0x000000000000ba98                SysTick_Handler
                0x000000000000ba9a                SW_handler
                0x000000000000ba9c                WWDG_IRQHandler
                0x000000000000ba9e                PVD_IRQHandler
                0x000000000000baa0                TAMPER_IRQHandler
                0x000000000000baa2                RTC_IRQHandler
                0x000000000000baa4                FLASH_IRQHandler
                0x000000000000baa6                RCC_IRQHandler
                0x000000000000bab2                DMA1_Channel1_IRQHandler
                0x000000000000bab4                DMA1_Channel2_IRQHandler
                0x000000000000bab6                DMA1_Channel3_IRQHandler
                0x000000000000bab8                DMA1_Channel4_IRQHandler
                0x000000000000baba                DMA1_Channel5_IRQHandler
                0x000000000000babc                DMA1_Channel6_IRQHandler
                0x000000000000babe                DMA1_Channel7_IRQHandler
                0x000000000000bac0                ADC1_2_IRQHandler
                0x000000000000bac2                USB_HP_CAN1_TX_IRQHandler
                0x000000000000bac4                USB_LP_CAN1_RX0_IRQHandler
                0x000000000000bac6                CAN1_RX1_IRQHandler
                0x000000000000bac8                CAN1_SCE_IRQHandler
                0x000000000000bacc                TIM1_BRK_IRQHandler
                0x000000000000bad0                TIM1_TRG_COM_IRQHandler
                0x000000000000bad2                TIM1_CC_IRQHandler
                0x000000000000bada                I2C1_EV_IRQHandler
                0x000000000000badc                I2C1_ER_IRQHandler
                0x000000000000bade                I2C2_EV_IRQHandler
                0x000000000000bae0                I2C2_ER_IRQHandler
                0x000000000000bae2                SPI1_IRQHandler
                0x000000000000bae4                SPI2_IRQHandler
                0x000000000000baee                RTCAlarm_IRQHandler
                0x000000000000baf0                USBWakeUp_IRQHandler
                0x000000000000baf2                TIM8_BRK_IRQHandler
                0x000000000000baf6                TIM8_TRG_COM_IRQHandler
                0x000000000000baf8                TIM8_CC_IRQHandler
                0x000000000000bafa                RNG_IRQHandler
                0x000000000000bafc                FSMC_IRQHandler
                0x000000000000bafe                SDIO_IRQHandler
                0x000000000000bb02                SPI3_IRQHandler
                0x000000000000bb0c                DMA2_Channel1_IRQHandler
                0x000000000000bb0e                DMA2_Channel2_IRQHandler
                0x000000000000bb10                DMA2_Channel3_IRQHandler
                0x000000000000bb12                DMA2_Channel4_IRQHandler
                0x000000000000bb14                DMA2_Channel5_IRQHandler
                0x000000000000bb16                ETH_IRQHandler
                0x000000000000bb18                ETH_WKUP_IRQHandler
                0x000000000000bb1a                CAN2_TX_IRQHandler
                0x000000000000bb1c                CAN2_RX0_IRQHandler
                0x000000000000bb1e                CAN2_RX1_IRQHandler
                0x000000000000bb20                CAN2_SCE_IRQHandler
                0x000000000000bb24                USBHSWakeup_IRQHandler
                0x000000000000bb26                USBHS_IRQHandler
                0x000000000000bb30                TIM9_BRK_IRQHandler
                0x000000000000bb34                TIM9_TRG_COM_IRQHandler
                0x000000000000bb36                TIM9_CC_IRQHandler
                0x000000000000bb38                TIM10_BRK_IRQHandler
                0x000000000000bb3c                TIM10_TRG_COM_IRQHandler
                0x000000000000bb3e                TIM10_CC_IRQHandler
                0x000000000000bb40                DMA2_Channel6_IRQHandler
                0x000000000000bb42                DMA2_Channel7_IRQHandler
                0x000000000000bb44                DMA2_Channel8_IRQHandler
                0x000000000000bb46                DMA2_Channel9_IRQHandler
                0x000000000000bb48                DMA2_Channel10_IRQHandler
                0x000000000000bb4a                DMA2_Channel11_IRQHandler
 .text.handle_reset
                0x000000000000bb4c       0x92 ./sdk/Startup/startup_ch32v30x.o
                0x000000000000bb4c                handle_reset
 .text.SystemInit
                0x000000000000bbde      0x130 ./sdk/Startup/system_ch32v30x.o
                0x000000000000bbde                SystemInit
 .text.ADC_DeInit
                0x000000000000bd0e       0x52 ./sdk/Peripheral/ch32v30x_adc.o
                0x000000000000bd0e                ADC_DeInit
 .text.ADC_Init
                0x000000000000bd60       0x5c ./sdk/Peripheral/ch32v30x_adc.o
                0x000000000000bd60                ADC_Init
 .text.ADC_Cmd  0x000000000000bdbc       0x12 ./sdk/Peripheral/ch32v30x_adc.o
                0x000000000000bdbc                ADC_Cmd
 .text.ADC_ResetCalibration
                0x000000000000bdce        0xa ./sdk/Peripheral/ch32v30x_adc.o
                0x000000000000bdce                ADC_ResetCalibration
 .text.ADC_GetResetCalibrationStatus
                0x000000000000bdd8        0x8 ./sdk/Peripheral/ch32v30x_adc.o
                0x000000000000bdd8                ADC_GetResetCalibrationStatus
 .text.ADC_StartCalibration
                0x000000000000bde0        0xa ./sdk/Peripheral/ch32v30x_adc.o
                0x000000000000bde0                ADC_StartCalibration
 .text.ADC_GetCalibrationStatus
                0x000000000000bdea        0x8 ./sdk/Peripheral/ch32v30x_adc.o
                0x000000000000bdea                ADC_GetCalibrationStatus
 .text.ADC_SoftwareStartConvCmd
                0x000000000000bdf2       0x1a ./sdk/Peripheral/ch32v30x_adc.o
                0x000000000000bdf2                ADC_SoftwareStartConvCmd
 .text.ADC_RegularChannelConfig
                0x000000000000be0c       0xbe ./sdk/Peripheral/ch32v30x_adc.o
                0x000000000000be0c                ADC_RegularChannelConfig
 .text.ADC_GetFlagStatus
                0x000000000000beca        0xa ./sdk/Peripheral/ch32v30x_adc.o
                0x000000000000beca                ADC_GetFlagStatus
 .text.ADC_BufferCmd
                0x000000000000bed4       0x1a ./sdk/Peripheral/ch32v30x_adc.o
                0x000000000000bed4                ADC_BufferCmd
 .text.EXTI_GetITStatus
                0x000000000000beee       0x1e ./sdk/Peripheral/ch32v30x_exti.o
                0x000000000000beee                EXTI_GetITStatus
 .text.EXTI_ClearITPendingBit
                0x000000000000bf0c        0xa ./sdk/Peripheral/ch32v30x_exti.o
                0x000000000000bf0c                EXTI_ClearITPendingBit
 .text.GPIO_Init
                0x000000000000bf16      0x482 ./sdk/Peripheral/ch32v30x_gpio.o
                0x000000000000bf16                GPIO_Init
 .text.GPIO_WriteBit
                0x000000000000c398        0xa ./sdk/Peripheral/ch32v30x_gpio.o
                0x000000000000c398                GPIO_WriteBit
 .text.GPIO_PinRemapConfig
                0x000000000000c3a2       0xa0 ./sdk/Peripheral/ch32v30x_gpio.o
                0x000000000000c3a2                GPIO_PinRemapConfig
 .text.NVIC_PriorityGroupConfig
                0x000000000000c442        0x6 ./sdk/Peripheral/ch32v30x_misc.o
                0x000000000000c442                NVIC_PriorityGroupConfig
 .text.RCC_ADCCLKConfig
                0x000000000000c448       0x12 ./sdk/Peripheral/ch32v30x_rcc.o
                0x000000000000c448                RCC_ADCCLKConfig
 .text.RCC_GetClocksFreq
                0x000000000000c45a      0x118 ./sdk/Peripheral/ch32v30x_rcc.o
                0x000000000000c45a                RCC_GetClocksFreq
 .text.RCC_AHBPeriphClockCmd
                0x000000000000c572       0x1e ./sdk/Peripheral/ch32v30x_rcc.o
                0x000000000000c572                RCC_AHBPeriphClockCmd
 .text.RCC_APB2PeriphClockCmd
                0x000000000000c590       0x1e ./sdk/Peripheral/ch32v30x_rcc.o
                0x000000000000c590                RCC_APB2PeriphClockCmd
 .text.RCC_APB1PeriphClockCmd
                0x000000000000c5ae       0x1e ./sdk/Peripheral/ch32v30x_rcc.o
                0x000000000000c5ae                RCC_APB1PeriphClockCmd
 .text.RCC_APB2PeriphResetCmd
                0x000000000000c5cc       0x1e ./sdk/Peripheral/ch32v30x_rcc.o
                0x000000000000c5cc                RCC_APB2PeriphResetCmd
 .text.RCC_APB1PeriphResetCmd
                0x000000000000c5ea       0x1e ./sdk/Peripheral/ch32v30x_rcc.o
                0x000000000000c5ea                RCC_APB1PeriphResetCmd
 .text.SPI_I2S_DeInit
                0x000000000000c608       0x62 ./sdk/Peripheral/ch32v30x_spi.o
                0x000000000000c608                SPI_I2S_DeInit
 .text.SPI_Init
                0x000000000000c66a       0x5e ./sdk/Peripheral/ch32v30x_spi.o
                0x000000000000c66a                SPI_Init
 .text.SPI_Cmd  0x000000000000c6c8       0x22 ./sdk/Peripheral/ch32v30x_spi.o
                0x000000000000c6c8                SPI_Cmd
 .text.TIM_TimeBaseInit
                0x000000000000c6ea       0xd6 ./sdk/Peripheral/ch32v30x_tim.o
                0x000000000000c6ea                TIM_TimeBaseInit
 .text.TIM_OC1Init
                0x000000000000c7c0       0xa8 ./sdk/Peripheral/ch32v30x_tim.o
                0x000000000000c7c0                TIM_OC1Init
 .text.TIM_OC2Init
                0x000000000000c868       0xd2 ./sdk/Peripheral/ch32v30x_tim.o
                0x000000000000c868                TIM_OC2Init
 .text.TIM_OC3Init
                0x000000000000c93a       0xd0 ./sdk/Peripheral/ch32v30x_tim.o
                0x000000000000c93a                TIM_OC3Init
 .text.TIM_OC4Init
                0x000000000000ca0a       0x9e ./sdk/Peripheral/ch32v30x_tim.o
                0x000000000000ca0a                TIM_OC4Init
 .text.TIM_TimeBaseStructInit
                0x000000000000caa8       0x18 ./sdk/Peripheral/ch32v30x_tim.o
                0x000000000000caa8                TIM_TimeBaseStructInit
 .text.TIM_Cmd  0x000000000000cac0       0x20 ./sdk/Peripheral/ch32v30x_tim.o
                0x000000000000cac0                TIM_Cmd
 .text.TIM_CtrlPWMOutputs
                0x000000000000cae0       0x1a ./sdk/Peripheral/ch32v30x_tim.o
                0x000000000000cae0                TIM_CtrlPWMOutputs
 .text.TIM_ITConfig
                0x000000000000cafa       0x1a ./sdk/Peripheral/ch32v30x_tim.o
                0x000000000000cafa                TIM_ITConfig
 .text.TIM_ITRxExternalClockConfig
                0x000000000000cb14       0x20 ./sdk/Peripheral/ch32v30x_tim.o
                0x000000000000cb14                TIM_ITRxExternalClockConfig
 .text.TIM_OC1PreloadConfig
                0x000000000000cb34       0x12 ./sdk/Peripheral/ch32v30x_tim.o
                0x000000000000cb34                TIM_OC1PreloadConfig
 .text.TIM_OC2PreloadConfig
                0x000000000000cb46       0x1a ./sdk/Peripheral/ch32v30x_tim.o
                0x000000000000cb46                TIM_OC2PreloadConfig
 .text.TIM_OC3PreloadConfig
                0x000000000000cb60       0x12 ./sdk/Peripheral/ch32v30x_tim.o
                0x000000000000cb60                TIM_OC3PreloadConfig
 .text.TIM_OC4PreloadConfig
                0x000000000000cb72       0x1a ./sdk/Peripheral/ch32v30x_tim.o
                0x000000000000cb72                TIM_OC4PreloadConfig
 .text.TIM_OC1FastConfig
                0x000000000000cb8c       0x12 ./sdk/Peripheral/ch32v30x_tim.o
                0x000000000000cb8c                TIM_OC1FastConfig
 .text.TIM_OC2FastConfig
                0x000000000000cb9e       0x1a ./sdk/Peripheral/ch32v30x_tim.o
                0x000000000000cb9e                TIM_OC2FastConfig
 .text.TIM_OC3FastConfig
                0x000000000000cbb8       0x12 ./sdk/Peripheral/ch32v30x_tim.o
                0x000000000000cbb8                TIM_OC3FastConfig
 .text.TIM_OC4FastConfig
                0x000000000000cbca       0x1a ./sdk/Peripheral/ch32v30x_tim.o
                0x000000000000cbca                TIM_OC4FastConfig
 .text.TIM_GetITStatus
                0x000000000000cbe4       0x1c ./sdk/Peripheral/ch32v30x_tim.o
                0x000000000000cbe4                TIM_GetITStatus
 .text.TIM_ClearITPendingBit
                0x000000000000cc00        0xe ./sdk/Peripheral/ch32v30x_tim.o
                0x000000000000cc00                TIM_ClearITPendingBit
 .text.USART_Init
                0x000000000000cc0e      0x10c ./sdk/Peripheral/ch32v30x_usart.o
                0x000000000000cc0e                USART_Init
 .text.USART_Cmd
                0x000000000000cd1a       0x20 ./sdk/Peripheral/ch32v30x_usart.o
                0x000000000000cd1a                USART_Cmd
 .text.USART_ITConfig
                0x000000000000cd3a       0x3c ./sdk/Peripheral/ch32v30x_usart.o
                0x000000000000cd3a                USART_ITConfig
 .text.USART_SendData
                0x000000000000cd76        0xa ./sdk/Peripheral/ch32v30x_usart.o
                0x000000000000cd76                USART_SendData
 .text.USART_GetFlagStatus
                0x000000000000cd80        0xc ./sdk/Peripheral/ch32v30x_usart.o
                0x000000000000cd80                USART_GetFlagStatus
 .text.USART_GetITStatus
                0x000000000000cd8c       0x48 ./sdk/Peripheral/ch32v30x_usart.o
                0x000000000000cd8c                USART_GetITStatus
 .text.USART_ClearITPendingBit
                0x000000000000cdd4       0x16 ./sdk/Peripheral/ch32v30x_usart.o
                0x000000000000cdd4                USART_ClearITPendingBit
 .text.OTG_FS_IRQHandler
                0x000000000000cdea      0x7dc ./sdk/Peripheral/ch32v30x_usbotg_device.o
                0x000000000000cdea                OTG_FS_IRQHandler
 .text.__get_MSTATUS
                0x000000000000d5c6        0x6 ./sdk/Core/core_riscv.o
                0x000000000000d5c6                __get_MSTATUS
 .text.All_Init
                0x000000000000d5cc      0x130 ./code/All_Init.o
                0x000000000000d5cc                All_Init
 .text.Devices_Init
                0x000000000000d6fc      0x122 ./code/Device.o
                0x000000000000d6fc                Devices_Init
 .text.KeyScan  0x000000000000d81e      0x38a ./code/Device.o
                0x000000000000d81e                KeyScan
 .text.EncoderRead
                0x000000000000dba8      0x2de ./code/Device.o
                0x000000000000dba8                EncoderRead
 .text.EncoderShow
                0x000000000000de86      0x19a ./code/Device.o
                0x000000000000de86                EncoderShow
 .text.MotorWrite
                0x000000000000e020      0x188 ./code/Device.o
                0x000000000000e020                MotorWrite
 .text.MotorShow
                0x000000000000e1a8      0x120 ./code/Device.o
                0x000000000000e1a8                MotorShow
 .text.ServoWrite
                0x000000000000e2c8       0x42 ./code/Device.o
                0x000000000000e2c8                ServoWrite
 .text.ServoShow
                0x000000000000e30a       0xde ./code/Device.o
                0x000000000000e30a                ServoShow
 .text.DevicesParams_Init
                0x000000000000e3e8       0x74 ./code/Device.o
                0x000000000000e3e8                DevicesParams_Init
 .text.tan      0x000000000000e45c       0x5c c:/mounriver/mounriver_studio/toolchain/risc-v embedded gcc/bin/../lib/gcc/riscv-none-embed/8.2.0/../../../../riscv-none-embed/lib/rv32imac/ilp32\libm.a(lib_a-s_tan.o)
                0x000000000000e45c                tan
 .text.__ieee754_rem_pio2
                0x000000000000e4b8      0x464 c:/mounriver/mounriver_studio/toolchain/risc-v embedded gcc/bin/../lib/gcc/riscv-none-embed/8.2.0/../../../../riscv-none-embed/lib/rv32imac/ilp32\libm.a(lib_a-e_rem_pio2.o)
                0x000000000000e4b8                __ieee754_rem_pio2
 .text.__kernel_rem_pio2
                0x000000000000e91c      0x952 c:/mounriver/mounriver_studio/toolchain/risc-v embedded gcc/bin/../lib/gcc/riscv-none-embed/8.2.0/../../../../riscv-none-embed/lib/rv32imac/ilp32\libm.a(lib_a-k_rem_pio2.o)
                0x000000000000e91c                __kernel_rem_pio2
 .text.__kernel_tan
                0x000000000000f26e      0x384 c:/mounriver/mounriver_studio/toolchain/risc-v embedded gcc/bin/../lib/gcc/riscv-none-embed/8.2.0/../../../../riscv-none-embed/lib/rv32imac/ilp32\libm.a(lib_a-k_tan.o)
                0x000000000000f26e                __kernel_tan
 .text.fabs     0x000000000000f5f2        0x6 c:/mounriver/mounriver_studio/toolchain/risc-v embedded gcc/bin/../lib/gcc/riscv-none-embed/8.2.0/../../../../riscv-none-embed/lib/rv32imac/ilp32\libm.a(lib_a-s_fabs.o)
                0x000000000000f5f2                fabs
 .text.floor    0x000000000000f5f8      0x150 c:/mounriver/mounriver_studio/toolchain/risc-v embedded gcc/bin/../lib/gcc/riscv-none-embed/8.2.0/../../../../riscv-none-embed/lib/rv32imac/ilp32\libm.a(lib_a-s_floor.o)
                0x000000000000f5f8                floor
 .text.scalbn   0x000000000000f748      0x13e c:/mounriver/mounriver_studio/toolchain/risc-v embedded gcc/bin/../lib/gcc/riscv-none-embed/8.2.0/../../../../riscv-none-embed/lib/rv32imac/ilp32\libm.a(lib_a-s_scalbn.o)
                0x000000000000f748                scalbn
 .text.copysign
                0x000000000000f886       0x16 c:/mounriver/mounriver_studio/toolchain/risc-v embedded gcc/bin/../lib/gcc/riscv-none-embed/8.2.0/../../../../riscv-none-embed/lib/rv32imac/ilp32\libm.a(lib_a-s_copysign.o)
                0x000000000000f886                copysign
 .text.__adddf3
                0x000000000000f89c      0x730 c:/mounriver/mounriver_studio/toolchain/risc-v embedded gcc/bin/../lib/gcc/riscv-none-embed/8.2.0/rv32imac/ilp32\libgcc.a(adddf3.o)
                0x000000000000f89c                __adddf3
 .text.__divdf3
                0x000000000000ffcc      0x5b4 c:/mounriver/mounriver_studio/toolchain/risc-v embedded gcc/bin/../lib/gcc/riscv-none-embed/8.2.0/rv32imac/ilp32\libgcc.a(divdf3.o)
                0x000000000000ffcc                __divdf3
 .text.__eqdf2  0x0000000000010580       0x6a c:/mounriver/mounriver_studio/toolchain/risc-v embedded gcc/bin/../lib/gcc/riscv-none-embed/8.2.0/rv32imac/ilp32\libgcc.a(eqdf2.o)
                0x0000000000010580                __nedf2
                0x0000000000010580                __eqdf2
 .text.__gedf2  0x00000000000105ea       0xae c:/mounriver/mounriver_studio/toolchain/risc-v embedded gcc/bin/../lib/gcc/riscv-none-embed/8.2.0/rv32imac/ilp32\libgcc.a(gedf2.o)
                0x00000000000105ea                __gedf2
                0x00000000000105ea                __gtdf2
 .text.__ledf2  0x0000000000010698       0xb6 c:/mounriver/mounriver_studio/toolchain/risc-v embedded gcc/bin/../lib/gcc/riscv-none-embed/8.2.0/rv32imac/ilp32\libgcc.a(ledf2.o)
                0x0000000000010698                __ledf2
                0x0000000000010698                __ltdf2
 .text.__muldf3
                0x000000000001074e      0x4b8 c:/mounriver/mounriver_studio/toolchain/risc-v embedded gcc/bin/../lib/gcc/riscv-none-embed/8.2.0/rv32imac/ilp32\libgcc.a(muldf3.o)
                0x000000000001074e                __muldf3
 .text.__subdf3
                0x0000000000010c06      0x73e c:/mounriver/mounriver_studio/toolchain/risc-v embedded gcc/bin/../lib/gcc/riscv-none-embed/8.2.0/rv32imac/ilp32\libgcc.a(subdf3.o)
                0x0000000000010c06                __subdf3
 .text.__fixdfsi
                0x0000000000011344       0x68 c:/mounriver/mounriver_studio/toolchain/risc-v embedded gcc/bin/../lib/gcc/riscv-none-embed/8.2.0/rv32imac/ilp32\libgcc.a(fixdfsi.o)
                0x0000000000011344                __fixdfsi
 .text.__floatsidf
                0x00000000000113ac       0x72 c:/mounriver/mounriver_studio/toolchain/risc-v embedded gcc/bin/../lib/gcc/riscv-none-embed/8.2.0/rv32imac/ilp32\libgcc.a(floatsidf.o)
                0x00000000000113ac                __floatsidf
 .text.__addsf3
                0x000000000001141e      0x36a c:/mounriver/mounriver_studio/toolchain/risc-v embedded gcc/bin/../lib/gcc/riscv-none-embed/8.2.0/rv32imac/ilp32\libgcc.a(addsf3.o)
                0x000000000001141e                __addsf3
 .text.__divsf3
                0x0000000000011788      0x2b2 c:/mounriver/mounriver_studio/toolchain/risc-v embedded gcc/bin/../lib/gcc/riscv-none-embed/8.2.0/rv32imac/ilp32\libgcc.a(divsf3.o)
                0x0000000000011788                __divsf3
 .text.__eqsf2  0x0000000000011a3a       0x5c c:/mounriver/mounriver_studio/toolchain/risc-v embedded gcc/bin/../lib/gcc/riscv-none-embed/8.2.0/rv32imac/ilp32\libgcc.a(eqsf2.o)
                0x0000000000011a3a                __eqsf2
                0x0000000000011a3a                __nesf2
 .text.__gesf2  0x0000000000011a96       0x86 c:/mounriver/mounriver_studio/toolchain/risc-v embedded gcc/bin/../lib/gcc/riscv-none-embed/8.2.0/rv32imac/ilp32\libgcc.a(gesf2.o)
                0x0000000000011a96                __gesf2
                0x0000000000011a96                __gtsf2
 .text.__lesf2  0x0000000000011b1c       0x8c c:/mounriver/mounriver_studio/toolchain/risc-v embedded gcc/bin/../lib/gcc/riscv-none-embed/8.2.0/rv32imac/ilp32\libgcc.a(lesf2.o)
                0x0000000000011b1c                __ltsf2
                0x0000000000011b1c                __lesf2
 .text.__mulsf3
                0x0000000000011ba8      0x294 c:/mounriver/mounriver_studio/toolchain/risc-v embedded gcc/bin/../lib/gcc/riscv-none-embed/8.2.0/rv32imac/ilp32\libgcc.a(mulsf3.o)
                0x0000000000011ba8                __mulsf3
 .text.__subsf3
                0x0000000000011e3c      0x388 c:/mounriver/mounriver_studio/toolchain/risc-v embedded gcc/bin/../lib/gcc/riscv-none-embed/8.2.0/rv32imac/ilp32\libgcc.a(subsf3.o)
                0x0000000000011e3c                __subsf3
 .text.__fixsfsi
                0x00000000000121c4       0x62 c:/mounriver/mounriver_studio/toolchain/risc-v embedded gcc/bin/../lib/gcc/riscv-none-embed/8.2.0/rv32imac/ilp32\libgcc.a(fixsfsi.o)
                0x00000000000121c4                __fixsfsi
 .text.__fixunssfsi
                0x0000000000012226       0x56 c:/mounriver/mounriver_studio/toolchain/risc-v embedded gcc/bin/../lib/gcc/riscv-none-embed/8.2.0/rv32imac/ilp32\libgcc.a(fixunssfsi.o)
                0x0000000000012226                __fixunssfsi
 .text.__floatsisf
                0x000000000001227c       0xc6 c:/mounriver/mounriver_studio/toolchain/risc-v embedded gcc/bin/../lib/gcc/riscv-none-embed/8.2.0/rv32imac/ilp32\libgcc.a(floatsisf.o)
                0x000000000001227c                __floatsisf
 .text.__floatunsisf
                0x0000000000012342       0xce c:/mounriver/mounriver_studio/toolchain/risc-v embedded gcc/bin/../lib/gcc/riscv-none-embed/8.2.0/rv32imac/ilp32\libgcc.a(floatunsisf.o)
                0x0000000000012342                __floatunsisf
 .text.__extendsfdf2
                0x0000000000012410       0xac c:/mounriver/mounriver_studio/toolchain/risc-v embedded gcc/bin/../lib/gcc/riscv-none-embed/8.2.0/rv32imac/ilp32\libgcc.a(extendsfdf2.o)
                0x0000000000012410                __extendsfdf2
 .text.__truncdfsf2
                0x00000000000124bc      0x16a c:/mounriver/mounriver_studio/toolchain/risc-v embedded gcc/bin/../lib/gcc/riscv-none-embed/8.2.0/rv32imac/ilp32\libgcc.a(truncdfsf2.o)
                0x00000000000124bc                __truncdfsf2
 .text.__clzsi2
                0x0000000000012626       0x76 c:/mounriver/mounriver_studio/toolchain/risc-v embedded gcc/bin/../lib/gcc/riscv-none-embed/8.2.0/rv32imac/ilp32\libgcc.a(_clzsi2.o)
                0x0000000000012626                __clzsi2
 .text.memcpy   0x000000000001269c       0xb6 c:/mounriver/mounriver_studio/toolchain/risc-v embedded gcc/bin/../lib/gcc/riscv-none-embed/8.2.0/../../../../riscv-none-embed/lib/rv32imac/ilp32\libg_nano.a(lib_a-memcpy.o)
                0x000000000001269c                memcpy
 .text.__cvt    0x0000000000012752       0xee c:/mounriver/mounriver_studio/toolchain/risc-v embedded gcc/bin/../lib/gcc/riscv-none-embed/8.2.0/../../../../riscv-none-embed/lib/rv32imac/ilp32\libg_nano.a(lib_a-nano-vfprintf_float.o)
                0x0000000000012752                __cvt
 .text.__exponent
                0x0000000000012840       0x8c c:/mounriver/mounriver_studio/toolchain/risc-v embedded gcc/bin/../lib/gcc/riscv-none-embed/8.2.0/../../../../riscv-none-embed/lib/rv32imac/ilp32\libg_nano.a(lib_a-nano-vfprintf_float.o)
                0x0000000000012840                __exponent
 .text._printf_float
                0x00000000000128cc      0x4c4 c:/mounriver/mounriver_studio/toolchain/risc-v embedded gcc/bin/../lib/gcc/riscv-none-embed/8.2.0/../../../../riscv-none-embed/lib/rv32imac/ilp32\libg_nano.a(lib_a-nano-vfprintf_float.o)
                0x00000000000128cc                _printf_float
 .text._printf_common
                0x0000000000012d90      0x10c c:/mounriver/mounriver_studio/toolchain/risc-v embedded gcc/bin/../lib/gcc/riscv-none-embed/8.2.0/../../../../riscv-none-embed/lib/rv32imac/ilp32\libg_nano.a(lib_a-nano-vfprintf_i.o)
                0x0000000000012d90                _printf_common
 .text._printf_i
                0x0000000000012e9c      0x2ac c:/mounriver/mounriver_studio/toolchain/risc-v embedded gcc/bin/../lib/gcc/riscv-none-embed/8.2.0/../../../../riscv-none-embed/lib/rv32imac/ilp32\libg_nano.a(lib_a-nano-vfprintf_i.o)
                0x0000000000012e9c                _printf_i
 .text.printf   0x0000000000013148       0x42 c:/mounriver/mounriver_studio/toolchain/risc-v embedded gcc/bin/../lib/gcc/riscv-none-embed/8.2.0/../../../../riscv-none-embed/lib/rv32imac/ilp32\libg_nano.a(lib_a-printf.o)
                0x0000000000013148                iprintf
                0x0000000000013148                printf
 .text.strlen   0x000000000001318a       0x12 c:/mounriver/mounriver_studio/toolchain/risc-v embedded gcc/bin/../lib/gcc/riscv-none-embed/8.2.0/../../../../riscv-none-embed/lib/rv32imac/ilp32\libg_nano.a(lib_a-strlen.o)
                0x000000000001318a                strlen
 .text.strncmp  0x000000000001319c       0x2c c:/mounriver/mounriver_studio/toolchain/risc-v embedded gcc/bin/../lib/gcc/riscv-none-embed/8.2.0/../../../../riscv-none-embed/lib/rv32imac/ilp32\libg_nano.a(lib_a-strncmp.o)
                0x000000000001319c                strncmp
 .text.__swbuf_r
                0x00000000000131c8       0xc6 c:/mounriver/mounriver_studio/toolchain/risc-v embedded gcc/bin/../lib/gcc/riscv-none-embed/8.2.0/../../../../riscv-none-embed/lib/rv32imac/ilp32\libg_nano.a(lib_a-wbuf.o)
                0x00000000000131c8                __swbuf_r
 .text.__swsetup_r
                0x000000000001328e      0x112 c:/mounriver/mounriver_studio/toolchain/risc-v embedded gcc/bin/../lib/gcc/riscv-none-embed/8.2.0/../../../../riscv-none-embed/lib/rv32imac/ilp32\libg_nano.a(lib_a-wsetup.o)
                0x000000000001328e                __swsetup_r
 .text.quorem   0x00000000000133a0      0x13a c:/mounriver/mounriver_studio/toolchain/risc-v embedded gcc/bin/../lib/gcc/riscv-none-embed/8.2.0/../../../../riscv-none-embed/lib/rv32imac/ilp32\libg_nano.a(lib_a-dtoa.o)
 .text._dtoa_r  0x00000000000134da      0xc1e c:/mounriver/mounriver_studio/toolchain/risc-v embedded gcc/bin/../lib/gcc/riscv-none-embed/8.2.0/../../../../riscv-none-embed/lib/rv32imac/ilp32\libg_nano.a(lib_a-dtoa.o)
                0x00000000000134da                _dtoa_r
 .text.__sflush_r
                0x00000000000140f8      0x13e c:/mounriver/mounriver_studio/toolchain/risc-v embedded gcc/bin/../lib/gcc/riscv-none-embed/8.2.0/../../../../riscv-none-embed/lib/rv32imac/ilp32\libg_nano.a(lib_a-fflush.o)
                0x00000000000140f8                __sflush_r
 .text._fflush_r
                0x0000000000014236       0x66 c:/mounriver/mounriver_studio/toolchain/risc-v embedded gcc/bin/../lib/gcc/riscv-none-embed/8.2.0/../../../../riscv-none-embed/lib/rv32imac/ilp32\libg_nano.a(lib_a-fflush.o)
                0x0000000000014236                _fflush_r
 .text.std      0x000000000001429c       0x6a c:/mounriver/mounriver_studio/toolchain/risc-v embedded gcc/bin/../lib/gcc/riscv-none-embed/8.2.0/../../../../riscv-none-embed/lib/rv32imac/ilp32\libg_nano.a(lib_a-findfp.o)
 .text._cleanup_r
                0x0000000000014306        0xa c:/mounriver/mounriver_studio/toolchain/risc-v embedded gcc/bin/../lib/gcc/riscv-none-embed/8.2.0/../../../../riscv-none-embed/lib/rv32imac/ilp32\libg_nano.a(lib_a-findfp.o)
                0x0000000000014306                _cleanup_r
 .text.__sfmoreglue
                0x0000000000014310       0x48 c:/mounriver/mounriver_studio/toolchain/risc-v embedded gcc/bin/../lib/gcc/riscv-none-embed/8.2.0/../../../../riscv-none-embed/lib/rv32imac/ilp32\libg_nano.a(lib_a-findfp.o)
                0x0000000000014310                __sfmoreglue
 .text.__sinit  0x0000000000014358       0x6c c:/mounriver/mounriver_studio/toolchain/risc-v embedded gcc/bin/../lib/gcc/riscv-none-embed/8.2.0/../../../../riscv-none-embed/lib/rv32imac/ilp32\libg_nano.a(lib_a-findfp.o)
                0x0000000000014358                __sinit
 .text.__sfp    0x00000000000143c4       0xa0 c:/mounriver/mounriver_studio/toolchain/risc-v embedded gcc/bin/../lib/gcc/riscv-none-embed/8.2.0/../../../../riscv-none-embed/lib/rv32imac/ilp32\libg_nano.a(lib_a-findfp.o)
                0x00000000000143c4                __sfp
 .text._fwalk_reent
                0x0000000000014464       0x6c c:/mounriver/mounriver_studio/toolchain/risc-v embedded gcc/bin/../lib/gcc/riscv-none-embed/8.2.0/../../../../riscv-none-embed/lib/rv32imac/ilp32\libg_nano.a(lib_a-fwalk.o)
                0x0000000000014464                _fwalk_reent
 .text._localeconv_r
                0x00000000000144d0       0x18 c:/mounriver/mounriver_studio/toolchain/risc-v embedded gcc/bin/../lib/gcc/riscv-none-embed/8.2.0/../../../../riscv-none-embed/lib/rv32imac/ilp32\libg_nano.a(lib_a-localeconv.o)
                0x00000000000144d0                _localeconv_r
 .text.__swhatbuf_r
                0x00000000000144e8       0x5a c:/mounriver/mounriver_studio/toolchain/risc-v embedded gcc/bin/../lib/gcc/riscv-none-embed/8.2.0/../../../../riscv-none-embed/lib/rv32imac/ilp32\libg_nano.a(lib_a-makebuf.o)
                0x00000000000144e8                __swhatbuf_r
 .text.__smakebuf_r
                0x0000000000014542       0xa2 c:/mounriver/mounriver_studio/toolchain/risc-v embedded gcc/bin/../lib/gcc/riscv-none-embed/8.2.0/../../../../riscv-none-embed/lib/rv32imac/ilp32\libg_nano.a(lib_a-makebuf.o)
                0x0000000000014542                __smakebuf_r
 .text.malloc   0x00000000000145e4        0xc c:/mounriver/mounriver_studio/toolchain/risc-v embedded gcc/bin/../lib/gcc/riscv-none-embed/8.2.0/../../../../riscv-none-embed/lib/rv32imac/ilp32\libg_nano.a(lib_a-malloc.o)
                0x00000000000145e4                malloc
 .text.memchr   0x00000000000145f0       0x1a c:/mounriver/mounriver_studio/toolchain/risc-v embedded gcc/bin/../lib/gcc/riscv-none-embed/8.2.0/../../../../riscv-none-embed/lib/rv32imac/ilp32\libg_nano.a(lib_a-memchr.o)
                0x00000000000145f0                memchr
 .text._Balloc  0x000000000001460a       0x88 c:/mounriver/mounriver_studio/toolchain/risc-v embedded gcc/bin/../lib/gcc/riscv-none-embed/8.2.0/../../../../riscv-none-embed/lib/rv32imac/ilp32\libg_nano.a(lib_a-mprec.o)
                0x000000000001460a                _Balloc
 .text._Bfree   0x0000000000014692       0x44 c:/mounriver/mounriver_studio/toolchain/risc-v embedded gcc/bin/../lib/gcc/riscv-none-embed/8.2.0/../../../../riscv-none-embed/lib/rv32imac/ilp32\libg_nano.a(lib_a-mprec.o)
                0x0000000000014692                _Bfree
 .text.__multadd
                0x00000000000146d6       0x98 c:/mounriver/mounriver_studio/toolchain/risc-v embedded gcc/bin/../lib/gcc/riscv-none-embed/8.2.0/../../../../riscv-none-embed/lib/rv32imac/ilp32\libg_nano.a(lib_a-mprec.o)
                0x00000000000146d6                __multadd
 .text.__hi0bits
                0x000000000001476e       0x46 c:/mounriver/mounriver_studio/toolchain/risc-v embedded gcc/bin/../lib/gcc/riscv-none-embed/8.2.0/../../../../riscv-none-embed/lib/rv32imac/ilp32\libg_nano.a(lib_a-mprec.o)
                0x000000000001476e                __hi0bits
 .text.__lo0bits
                0x00000000000147b4       0x6a c:/mounriver/mounriver_studio/toolchain/risc-v embedded gcc/bin/../lib/gcc/riscv-none-embed/8.2.0/../../../../riscv-none-embed/lib/rv32imac/ilp32\libg_nano.a(lib_a-mprec.o)
                0x00000000000147b4                __lo0bits
 .text.__i2b    0x000000000001481e       0x1c c:/mounriver/mounriver_studio/toolchain/risc-v embedded gcc/bin/../lib/gcc/riscv-none-embed/8.2.0/../../../../riscv-none-embed/lib/rv32imac/ilp32\libg_nano.a(lib_a-mprec.o)
                0x000000000001481e                __i2b
 .text.__multiply
                0x000000000001483a      0x144 c:/mounriver/mounriver_studio/toolchain/risc-v embedded gcc/bin/../lib/gcc/riscv-none-embed/8.2.0/../../../../riscv-none-embed/lib/rv32imac/ilp32\libg_nano.a(lib_a-mprec.o)
                0x000000000001483a                __multiply
 .text.__pow5mult
                0x000000000001497e       0xbe c:/mounriver/mounriver_studio/toolchain/risc-v embedded gcc/bin/../lib/gcc/riscv-none-embed/8.2.0/../../../../riscv-none-embed/lib/rv32imac/ilp32\libg_nano.a(lib_a-mprec.o)
                0x000000000001497e                __pow5mult
 .text.__lshift
                0x0000000000014a3c       0xce c:/mounriver/mounriver_studio/toolchain/risc-v embedded gcc/bin/../lib/gcc/riscv-none-embed/8.2.0/../../../../riscv-none-embed/lib/rv32imac/ilp32\libg_nano.a(lib_a-mprec.o)
                0x0000000000014a3c                __lshift
 .text.__mcmp   0x0000000000014b0a       0x32 c:/mounriver/mounriver_studio/toolchain/risc-v embedded gcc/bin/../lib/gcc/riscv-none-embed/8.2.0/../../../../riscv-none-embed/lib/rv32imac/ilp32\libg_nano.a(lib_a-mprec.o)
                0x0000000000014b0a                __mcmp
 .text.__mdiff  0x0000000000014b3c       0xf2 c:/mounriver/mounriver_studio/toolchain/risc-v embedded gcc/bin/../lib/gcc/riscv-none-embed/8.2.0/../../../../riscv-none-embed/lib/rv32imac/ilp32\libg_nano.a(lib_a-mprec.o)
                0x0000000000014b3c                __mdiff
 .text.__d2b    0x0000000000014c2e       0xd4 c:/mounriver/mounriver_studio/toolchain/risc-v embedded gcc/bin/../lib/gcc/riscv-none-embed/8.2.0/../../../../riscv-none-embed/lib/rv32imac/ilp32\libg_nano.a(lib_a-mprec.o)
                0x0000000000014c2e                __d2b
 .text._calloc_r
                0x0000000000014d02       0x26 c:/mounriver/mounriver_studio/toolchain/risc-v embedded gcc/bin/../lib/gcc/riscv-none-embed/8.2.0/../../../../riscv-none-embed/lib/rv32imac/ilp32\libg_nano.a(lib_a-nano-callocr.o)
                0x0000000000014d02                _calloc_r
 .text._free_r  0x0000000000014d28       0xa4 c:/mounriver/mounriver_studio/toolchain/risc-v embedded gcc/bin/../lib/gcc/riscv-none-embed/8.2.0/../../../../riscv-none-embed/lib/rv32imac/ilp32\libg_nano.a(lib_a-nano-freer.o)
                0x0000000000014d28                _free_r
 .text._malloc_r
                0x0000000000014dcc       0xce c:/mounriver/mounriver_studio/toolchain/risc-v embedded gcc/bin/../lib/gcc/riscv-none-embed/8.2.0/../../../../riscv-none-embed/lib/rv32imac/ilp32\libg_nano.a(lib_a-nano-mallocr.o)
                0x0000000000014dcc                _malloc_r
 .text.__sfputc_r
                0x0000000000014e9a       0x2a c:/mounriver/mounriver_studio/toolchain/risc-v embedded gcc/bin/../lib/gcc/riscv-none-embed/8.2.0/../../../../riscv-none-embed/lib/rv32imac/ilp32\libg_nano.a(lib_a-nano-vfprintf.o)
 .text.__sfputs_r
                0x0000000000014ec4       0x44 c:/mounriver/mounriver_studio/toolchain/risc-v embedded gcc/bin/../lib/gcc/riscv-none-embed/8.2.0/../../../../riscv-none-embed/lib/rv32imac/ilp32\libg_nano.a(lib_a-nano-vfprintf.o)
                0x0000000000014ec4                __sfputs_r
 .text._vfprintf_r
                0x0000000000014f08      0x2a0 c:/mounriver/mounriver_studio/toolchain/risc-v embedded gcc/bin/../lib/gcc/riscv-none-embed/8.2.0/../../../../riscv-none-embed/lib/rv32imac/ilp32\libg_nano.a(lib_a-nano-vfprintf.o)
                0x0000000000014f08                _vfprintf_r
                0x0000000000014f08                _vfiprintf_r
 .text._sbrk_r  0x00000000000151a8       0x30 c:/mounriver/mounriver_studio/toolchain/risc-v embedded gcc/bin/../lib/gcc/riscv-none-embed/8.2.0/../../../../riscv-none-embed/lib/rv32imac/ilp32\libg_nano.a(lib_a-sbrkr.o)
                0x00000000000151a8                _sbrk_r
 .text.__sread  0x00000000000151d8       0x30 c:/mounriver/mounriver_studio/toolchain/risc-v embedded gcc/bin/../lib/gcc/riscv-none-embed/8.2.0/../../../../riscv-none-embed/lib/rv32imac/ilp32\libg_nano.a(lib_a-stdio.o)
                0x00000000000151d8                __sread
 .text.__swrite
                0x0000000000015208       0x4e c:/mounriver/mounriver_studio/toolchain/risc-v embedded gcc/bin/../lib/gcc/riscv-none-embed/8.2.0/../../../../riscv-none-embed/lib/rv32imac/ilp32\libg_nano.a(lib_a-stdio.o)
                0x0000000000015208                __swrite
 .text.__sseek  0x0000000000015256       0x36 c:/mounriver/mounriver_studio/toolchain/risc-v embedded gcc/bin/../lib/gcc/riscv-none-embed/8.2.0/../../../../riscv-none-embed/lib/rv32imac/ilp32\libg_nano.a(lib_a-stdio.o)
                0x0000000000015256                __sseek
 .text.__sclose
                0x000000000001528c        0x6 c:/mounriver/mounriver_studio/toolchain/risc-v embedded gcc/bin/../lib/gcc/riscv-none-embed/8.2.0/../../../../riscv-none-embed/lib/rv32imac/ilp32\libg_nano.a(lib_a-stdio.o)
                0x000000000001528c                __sclose
 .text._write_r
                0x0000000000015292       0x36 c:/mounriver/mounriver_studio/toolchain/risc-v embedded gcc/bin/../lib/gcc/riscv-none-embed/8.2.0/../../../../riscv-none-embed/lib/rv32imac/ilp32\libg_nano.a(lib_a-writer.o)
                0x0000000000015292                _write_r
 .text._close_r
                0x00000000000152c8       0x30 c:/mounriver/mounriver_studio/toolchain/risc-v embedded gcc/bin/../lib/gcc/riscv-none-embed/8.2.0/../../../../riscv-none-embed/lib/rv32imac/ilp32\libg_nano.a(lib_a-closer.o)
                0x00000000000152c8                _close_r
 .text._fstat_r
                0x00000000000152f8       0x32 c:/mounriver/mounriver_studio/toolchain/risc-v embedded gcc/bin/../lib/gcc/riscv-none-embed/8.2.0/../../../../riscv-none-embed/lib/rv32imac/ilp32\libg_nano.a(lib_a-fstatr.o)
                0x00000000000152f8                _fstat_r
 .text._isatty_r
                0x000000000001532a       0x30 c:/mounriver/mounriver_studio/toolchain/risc-v embedded gcc/bin/../lib/gcc/riscv-none-embed/8.2.0/../../../../riscv-none-embed/lib/rv32imac/ilp32\libg_nano.a(lib_a-isattyr.o)
                0x000000000001532a                _isatty_r
 .text._lseek_r
                0x000000000001535a       0x34 c:/mounriver/mounriver_studio/toolchain/risc-v embedded gcc/bin/../lib/gcc/riscv-none-embed/8.2.0/../../../../riscv-none-embed/lib/rv32imac/ilp32\libg_nano.a(lib_a-lseekr.o)
                0x000000000001535a                _lseek_r
 .text.__ascii_mbtowc
                0x000000000001538e       0x3a c:/mounriver/mounriver_studio/toolchain/risc-v embedded gcc/bin/../lib/gcc/riscv-none-embed/8.2.0/../../../../riscv-none-embed/lib/rv32imac/ilp32\libg_nano.a(lib_a-mbtowc_r.o)
                0x000000000001538e                __ascii_mbtowc
 .text.__malloc_lock
                0x00000000000153c8        0x2 c:/mounriver/mounriver_studio/toolchain/risc-v embedded gcc/bin/../lib/gcc/riscv-none-embed/8.2.0/../../../../riscv-none-embed/lib/rv32imac/ilp32\libg_nano.a(lib_a-mlock.o)
                0x00000000000153c8                __malloc_lock
 .text.__malloc_unlock
                0x00000000000153ca        0x2 c:/mounriver/mounriver_studio/toolchain/risc-v embedded gcc/bin/../lib/gcc/riscv-none-embed/8.2.0/../../../../riscv-none-embed/lib/rv32imac/ilp32\libg_nano.a(lib_a-mlock.o)
                0x00000000000153ca                __malloc_unlock
 .text._read_r  0x00000000000153cc       0x34 c:/mounriver/mounriver_studio/toolchain/risc-v embedded gcc/bin/../lib/gcc/riscv-none-embed/8.2.0/../../../../riscv-none-embed/lib/rv32imac/ilp32\libg_nano.a(lib_a-readr.o)
                0x00000000000153cc                _read_r
 .text.__ascii_wctomb
                0x0000000000015400       0x20 c:/mounriver/mounriver_studio/toolchain/risc-v embedded gcc/bin/../lib/gcc/riscv-none-embed/8.2.0/../../../../riscv-none-embed/lib/rv32imac/ilp32\libg_nano.a(lib_a-wctomb_r.o)
                0x0000000000015400                __ascii_wctomb
 .text.__unorddf2
                0x0000000000015420       0x3c c:/mounriver/mounriver_studio/toolchain/risc-v embedded gcc/bin/../lib/gcc/riscv-none-embed/8.2.0/rv32imac/ilp32\libgcc.a(unorddf2.o)
                0x0000000000015420                __unorddf2
 .text.__floatunsidf
                0x000000000001545c       0x68 c:/mounriver/mounriver_studio/toolchain/risc-v embedded gcc/bin/../lib/gcc/riscv-none-embed/8.2.0/rv32imac/ilp32\libgcc.a(floatunsidf.o)
                0x000000000001545c                __floatunsidf
 .text.__trunctfdf2
                0x00000000000154c4      0x21e c:/mounriver/mounriver_studio/toolchain/risc-v embedded gcc/bin/../lib/gcc/riscv-none-embed/8.2.0/rv32imac/ilp32\libgcc.a(trunctfdf2.o)
                0x00000000000154c4                __trunctfdf2
 .text._close   0x00000000000156e2       0x10 c:/mounriver/mounriver_studio/toolchain/risc-v embedded gcc/bin/../lib/gcc/riscv-none-embed/8.2.0/../../../../riscv-none-embed/lib/rv32imac/ilp32\libnosys.a(close.o)
                0x00000000000156e2                _close
 .text._fstat   0x00000000000156f2       0x10 c:/mounriver/mounriver_studio/toolchain/risc-v embedded gcc/bin/../lib/gcc/riscv-none-embed/8.2.0/../../../../riscv-none-embed/lib/rv32imac/ilp32\libnosys.a(fstat.o)
                0x00000000000156f2                _fstat
 .text._isatty  0x0000000000015702       0x10 c:/mounriver/mounriver_studio/toolchain/risc-v embedded gcc/bin/../lib/gcc/riscv-none-embed/8.2.0/../../../../riscv-none-embed/lib/rv32imac/ilp32\libnosys.a(isatty.o)
                0x0000000000015702                _isatty
 .text._lseek   0x0000000000015712       0x10 c:/mounriver/mounriver_studio/toolchain/risc-v embedded gcc/bin/../lib/gcc/riscv-none-embed/8.2.0/../../../../riscv-none-embed/lib/rv32imac/ilp32\libnosys.a(lseek.o)
                0x0000000000015712                _lseek
 .text._read    0x0000000000015722       0x10 c:/mounriver/mounriver_studio/toolchain/risc-v embedded gcc/bin/../lib/gcc/riscv-none-embed/8.2.0/../../../../riscv-none-embed/lib/rv32imac/ilp32\libnosys.a(read.o)
                0x0000000000015722                _read
 .text._sbrk    0x0000000000015732       0x24 c:/mounriver/mounriver_studio/toolchain/risc-v embedded gcc/bin/../lib/gcc/riscv-none-embed/8.2.0/../../../../riscv-none-embed/lib/rv32imac/ilp32\libnosys.a(sbrk.o)
                0x0000000000015732                _sbrk
 *(.rodata)
 *fill*         0x0000000000015756        0x2 
 .rodata        0x0000000000015758       0x28 ./zf_driver/zf_driver_pit.o
 *(.rodata*)
 .rodata.encoder_init_quad.str1.4
                0x0000000000015780       0x73 ./zf_driver/zf_driver_encoder.o
 *fill*         0x00000000000157f3        0x1 
 .rodata.gpio_group
                0x00000000000157f4       0x14 ./zf_driver/zf_driver_gpio.o
                0x00000000000157f4                gpio_group
 .rodata.pit_init.str1.4
                0x0000000000015808       0x6f ./zf_driver/zf_driver_pit.o
 *fill*         0x0000000000015877        0x1 
 .rodata.pwm_init.str1.4
                0x0000000000015878       0x6f ./zf_driver/zf_driver_pwm.o
 *fill*         0x00000000000158e7        0x1 
 .rodata.spi_gpio_init.str1.4
                0x00000000000158e8       0x6f ./zf_driver/zf_driver_spi.o
 *fill*         0x0000000000015957        0x1 
 .rodata.spi_index
                0x0000000000015958        0xc ./zf_driver/zf_driver_spi.o
                0x0000000000015958                spi_index
 .rodata.tim_index
                0x0000000000015964       0x28 ./zf_driver/zf_driver_timer.o
                0x0000000000015964                tim_index
 .rodata.uart_index
                0x000000000001598c       0x20 ./zf_driver/zf_driver_uart.o
                0x000000000001598c                uart_index
 .rodata.bluetooth_ch9141_uart_callback_ch1.str1.4
                0x00000000000159ac        0x5 ./zf_device/zf_device_bluetooth_ch9141.o
 .rodata.bluetooth_ch9141_uart_callback_ch2.str1.4
                0x00000000000159b1        0x5 ./zf_device/zf_device_bluetooth_ch9141_ch2.o
 *fill*         0x00000000000159b1        0x3 
 .rodata.ips114_set_region.str1.4
                0x00000000000159b4       0x72 ./zf_device/zf_device_ips114.o
 *fill*         0x0000000000015a26        0x2 
 .rodata.ips114_show_float.str1.4
                0x0000000000015a28        0x3 ./zf_device/zf_device_ips114.o
 *fill*         0x0000000000015a2b        0x1 
 .rodata.ips114_show_int32.str1.4
                0x0000000000015a2c        0x3 ./zf_device/zf_device_ips114.o
 *fill*         0x0000000000015a2f        0x1 
 .rodata.mt9v03x_init_dvp.str1.4
                0x0000000000015a30       0x77 ./zf_device/zf_device_mt9v03x_dvp.o
 *fill*         0x0000000000015aa7        0x1 
 .rodata.debug_assert_handler.str1.4
                0x0000000000015aa8       0x1f ./zf_common/zf_common_debug.o
 *fill*         0x0000000000015ac7        0x1 
 .rodata.tft_ascii
                0x0000000000015ac8      0x5f0 ./zf_common/zf_common_font.o
                0x0000000000015ac8                tft_ascii
 .rodata.zf_sprintf
                0x00000000000160b8      0x150 ./zf_common/zf_common_function.o
 *fill*         0x0000000000016208        0x0 
 .rodata.zf_sprintf.cst8
                0x0000000000016208        0x8 ./zf_common/zf_common_function.o
 .rodata.ImageProcessingStatusInit.cst4
                0x0000000000016210        0xc ./user_c/cam.o
 .rodata.CarInfoItem0
                0x000000000001621c       0x11 ./user_c/control.o
                0x000000000001621c                CarInfoItem0
 *fill*         0x000000000001622d        0x3 
 .rodata.CarInfoItem1
                0x0000000000016230        0xe ./user_c/control.o
                0x0000000000016230                CarInfoItem1
 *fill*         0x000000000001623e        0x2 
 .rodata.CarInfoItem2
                0x0000000000016240        0xd ./user_c/control.o
                0x0000000000016240                CarInfoItem2
 *fill*         0x000000000001624d        0x3 
 .rodata.CarInfoShow.str1.4
                0x0000000000016250       0x2f ./user_c/control.o
 *fill*         0x000000000001627f        0x1 
 .rodata.ClosedLoopModePrams
                0x0000000000016280       0x28 ./user_c/control.o
                0x0000000000016280                ClosedLoopModePrams
 .rodata.DiffSpeedControl.cst4
                0x00000000000162a8        0x4 ./user_c/control.o
 *fill*         0x00000000000162ac        0x4 
 .rodata.DiffSpeedControl.cst8
                0x00000000000162b0       0x20 ./user_c/control.o
 .rodata.SpeedControl.str1.4
                0x00000000000162d0       0x24 ./user_c/control.o
 .rodata.Timer6_IT.cst4
                0x00000000000162f4        0x4 ./user_c/control.o
 .rodata.BarnShow
                0x00000000000162f8       0x1c ./user_c/display.o
 .rodata.ForkShow
                0x0000000000016314       0x18 ./user_c/display.o
 .rodata.CircleParamsAdjust
                0x000000000001632c       0x24 ./user_c/display.o
 .rodata.CircleShow
                0x0000000000016350       0x18 ./user_c/display.o
 .rodata.CamShow
                0x0000000000016368       0x1c ./user_c/display.o
 .rodata.HMIDisplay.part.0
                0x0000000000016384       0x20 ./user_c/display.o
 .rodata.AdjustThreshold.str1.4
                0x00000000000163a4        0xb ./user_c/display.o
 *fill*         0x00000000000163af        0x1 
 .rodata.BarnItem2
                0x00000000000163b0        0xb ./user_c/display.o
                0x00000000000163b0                BarnItem2
 *fill*         0x00000000000163bb        0x1 
 .rodata.BarnItem3
                0x00000000000163bc        0xd ./user_c/display.o
                0x00000000000163bc                BarnItem3
 *fill*         0x00000000000163c9        0x3 
 .rodata.BarnItem4
                0x00000000000163cc        0xb ./user_c/display.o
                0x00000000000163cc                BarnItem4
 *fill*         0x00000000000163d7        0x1 
 .rodata.BarnItem5
                0x00000000000163d8        0xa ./user_c/display.o
                0x00000000000163d8                BarnItem5
 *fill*         0x00000000000163e2        0x2 
 .rodata.BarnItem6
                0x00000000000163e4        0x9 ./user_c/display.o
                0x00000000000163e4                BarnItem6
 *fill*         0x00000000000163ed        0x3 
 .rodata.CamItem1
                0x00000000000163f0        0xa ./user_c/display.o
                0x00000000000163f0                CamItem1
 *fill*         0x00000000000163fa        0x2 
 .rodata.CamItem3
                0x00000000000163fc        0x9 ./user_c/display.o
                0x00000000000163fc                CamItem3
 *fill*         0x0000000000016405        0x3 
 .rodata.CamItem4
                0x0000000000016408        0x9 ./user_c/display.o
                0x0000000000016408                CamItem4
 *fill*         0x0000000000016411        0x3 
 .rodata.CamItem5
                0x0000000000016414        0x9 ./user_c/display.o
                0x0000000000016414                CamItem5
 *fill*         0x000000000001641d        0x3 
 .rodata.CamItem6
                0x0000000000016420        0xb ./user_c/display.o
                0x0000000000016420                CamItem6
 *fill*         0x000000000001642b        0x1 
 .rodata.CamItem7
                0x000000000001642c        0xb ./user_c/display.o
                0x000000000001642c                CamItem7
 *fill*         0x0000000000016437        0x1 
 .rodata.CamProcessing.str1.4
                0x0000000000016438       0x1e ./user_c/display.o
 *fill*         0x0000000000016456        0x2 
 .rodata.CircleItem0
                0x0000000000016458        0xd ./user_c/display.o
                0x0000000000016458                CircleItem0
 *fill*         0x0000000000016465        0x3 
 .rodata.CircleItem1
                0x0000000000016468        0xc ./user_c/display.o
                0x0000000000016468                CircleItem1
 .rodata.CircleItem2
                0x0000000000016474        0xc ./user_c/display.o
                0x0000000000016474                CircleItem2
 .rodata.CircleItem3
                0x0000000000016480        0xd ./user_c/display.o
                0x0000000000016480                CircleItem3
 *fill*         0x000000000001648d        0x3 
 .rodata.CircleItem4
                0x0000000000016490        0x9 ./user_c/display.o
                0x0000000000016490                CircleItem4
 *fill*         0x0000000000016499        0x3 
 .rodata.CircleItem5
                0x000000000001649c        0x9 ./user_c/display.o
                0x000000000001649c                CircleItem5
 *fill*         0x00000000000164a5        0x3 
 .rodata.CircleItem6
                0x00000000000164a8        0x9 ./user_c/display.o
                0x00000000000164a8                CircleItem6
 *fill*         0x00000000000164b1        0x3 
 .rodata.CircleItem7
                0x00000000000164b4        0x9 ./user_c/display.o
                0x00000000000164b4                CircleItem7
 *fill*         0x00000000000164bd        0x3 
 .rodata.CirclexItem1
                0x00000000000164c0        0x9 ./user_c/display.o
                0x00000000000164c0                CirclexItem1
 *fill*         0x00000000000164c9        0x3 
 .rodata.CirclexItem2
                0x00000000000164cc        0xb ./user_c/display.o
                0x00000000000164cc                CirclexItem2
 *fill*         0x00000000000164d7        0x1 
 .rodata.CirclexItem3
                0x00000000000164d8        0x9 ./user_c/display.o
                0x00000000000164d8                CirclexItem3
 *fill*         0x00000000000164e1        0x3 
 .rodata.CirclexItem4
                0x00000000000164e4        0xb ./user_c/display.o
                0x00000000000164e4                CirclexItem4
 *fill*         0x00000000000164ef        0x1 
 .rodata.CirclexItem5
                0x00000000000164f0        0x9 ./user_c/display.o
                0x00000000000164f0                CirclexItem5
 *fill*         0x00000000000164f9        0x3 
 .rodata.CirclexItem6
                0x00000000000164fc        0xa ./user_c/display.o
                0x00000000000164fc                CirclexItem6
 *fill*         0x0000000000016506        0x2 
 .rodata.CirclexItem8
                0x0000000000016508        0x9 ./user_c/display.o
                0x0000000000016508                CirclexItem8
 .rodata.DirAdjust.str1.4
                0x0000000000016511       0x1e ./user_c/display.o
                                          0x6 (size before relaxing)
 *fill*         0x0000000000016511        0x3 
 .rodata.ForkItem1
                0x0000000000016514        0x9 ./user_c/display.o
                0x0000000000016514                ForkItem1
 *fill*         0x000000000001651d        0x3 
 .rodata.ForkItem2
                0x0000000000016520        0xa ./user_c/display.o
                0x0000000000016520                ForkItem2
 *fill*         0x000000000001652a        0x2 
 .rodata.ForkxItem1
                0x000000000001652c        0x9 ./user_c/display.o
                0x000000000001652c                ForkxItem1
 *fill*         0x0000000000016535        0x3 
 .rodata.ForkxItem2
                0x0000000000016538        0xa ./user_c/display.o
                0x0000000000016538                ForkxItem2
 *fill*         0x0000000000016542        0x2 
 .rodata.ImgShowGird.str1.4
                0x0000000000016544       0x1b ./user_c/display.o
 *fill*         0x000000000001655f        0x1 
 .rodata.Item3  0x0000000000016560        0x9 ./user_c/display.o
                0x0000000000016560                Item3
 *fill*         0x0000000000016569        0x3 
 .rodata.MenuChoose.constprop.6.str1.4
                0x000000000001656c        0x3 ./user_c/display.o
 .rodata.StateAdjust.str1.4
                0x000000000001656f        0x6 ./user_c/display.o
 .rodata.ElcCenterCalculate.cst4
                0x000000000001656f        0x4 ./user_c/elc.o
 *fill*         0x000000000001656f        0x1 
 .rodata.ElcNormalized.cst4
                0x0000000000016570        0x4 ./user_c/elc.o
 .rodata.ElcShow.str1.4
                0x0000000000016574       0x6e ./user_c/elc.o
 *fill*         0x00000000000165e2        0x2 
 .rodata.judge_fork.cst4
                0x00000000000165e4        0x4 ./user_c/element.o
 .rodata.pow_diff.cst4
                0x00000000000165e8        0x4 ./user_c/element.o
 .rodata.ImagePerspective_Init.cst8
                0x00000000000165e8       0x48 ./user_c/image_deal.o
 .rodata.OSTUThreshold.cst4
                0x0000000000016630        0x4 ./user_c/image_deal.o
 .rodata.cal_middle_line.cst4
                0x0000000000016634       0x10 ./user_c/image_deal.o
                                         0x14 (size before relaxing)
 *fill*         0x0000000000016644        0x4 
 .rodata.cal_middle_line.cst8
                0x0000000000016648       0x18 ./user_c/image_deal.o
 .rodata.search_line.cst4
                0x0000000000016660        0x4 ./user_c/image_deal.o
                                          0x8 (size before relaxing)
 *fill*         0x0000000000016664        0x4 
 .rodata.search_line.cst8
                0x0000000000016668        0x8 ./user_c/image_deal.o
 .rodata.search_line.str1.4
                0x0000000000016670        0xb ./user_c/image_deal.o
 *fill*         0x000000000001667b        0x5 
 .rodata.solve_line.cst8
                0x0000000000016680       0x28 ./user_c/image_deal.o
 .rodata.PIDParams_Init.cst4
                0x00000000000166a8       0x24 ./user_c/pid.o
                                         0x30 (size before relaxing)
 .rodata.OTG_FS_IRQHandler
                0x00000000000166cc       0xbc ./sdk/Peripheral/ch32v30x_usbotg_device.o
 .rodata.MyCfgDescrHD
                0x0000000000016788       0x43 ./sdk/Peripheral/ch32v30x_usbotg_device.o
                0x0000000000016788                MyCfgDescrHD
 *fill*         0x00000000000167cb        0x1 
 .rodata.MyDevDescrHD
                0x00000000000167cc       0x12 ./sdk/Peripheral/ch32v30x_usbotg_device.o
                0x00000000000167cc                MyDevDescrHD
 *fill*         0x00000000000167de        0x2 
 .rodata.MyManuInfoHD
                0x00000000000167e0        0xe ./sdk/Peripheral/ch32v30x_usbotg_device.o
                0x00000000000167e0                MyManuInfoHD
 *fill*         0x00000000000167ee        0x2 
 .rodata.MyProdInfoHD
                0x00000000000167f0        0xc ./sdk/Peripheral/ch32v30x_usbotg_device.o
                0x00000000000167f0                MyProdInfoHD
 .rodata.MyReportDescHD
                0x00000000000167fc       0x14 ./sdk/Peripheral/ch32v30x_usbotg_device.o
                0x00000000000167fc                MyReportDescHD
 .rodata.MySerNumInfoHD
                0x0000000000016810       0x16 ./sdk/Peripheral/ch32v30x_usbotg_device.o
                0x0000000000016810                MySerNumInfoHD
 *fill*         0x0000000000016826        0x2 
 .rodata.MyUSBQUADescHD
                0x0000000000016828        0xa ./sdk/Peripheral/ch32v30x_usbotg_device.o
                0x0000000000016828                MyUSBQUADescHD
 *fill*         0x0000000000016832        0x2 
 .rodata.OTG_FS_IRQHandler.str1.4
                0x0000000000016834       0x41 ./sdk/Peripheral/ch32v30x_usbotg_device.o
 *fill*         0x0000000000016875        0x3 
 .rodata.All_Init.str1.4
                0x0000000000016878       0x43 ./code/All_Init.o
 *fill*         0x00000000000168bb        0x1 
 .rodata.EncoderRead.cst4
                0x00000000000168bc        0xc ./code/Device.o
                                         0x10 (size before relaxing)
 .rodata.EncoderRead.cst8
                0x00000000000168c8       0x18 ./code/Device.o
 .rodata.EncoderRead.str1.4
                0x00000000000168c8        0xc ./code/Device.o
 .rodata.EncoderShow.str1.4
                0x00000000000168d4       0x50 ./code/Device.o
 .rodata.MotorShow.str1.4
                0x0000000000016924        0xe ./code/Device.o
 *fill*         0x0000000000016932        0x2 
 .rodata.ServoShow.str1.4
                0x0000000000016934        0xa ./code/Device.o
 *fill*         0x000000000001693e        0x2 
 .rodata.__ieee754_rem_pio2.cst8
                0x0000000000016940       0x40 c:/mounriver/mounriver_studio/toolchain/risc-v embedded gcc/bin/../lib/gcc/riscv-none-embed/8.2.0/../../../../riscv-none-embed/lib/rv32imac/ilp32\libm.a(lib_a-e_rem_pio2.o)
                                         0x48 (size before relaxing)
 .rodata.npio2_hw
                0x0000000000016980       0x80 c:/mounriver/mounriver_studio/toolchain/risc-v embedded gcc/bin/../lib/gcc/riscv-none-embed/8.2.0/../../../../riscv-none-embed/lib/rv32imac/ilp32\libm.a(lib_a-e_rem_pio2.o)
 .rodata.two_over_pi
                0x0000000000016a00      0x108 c:/mounriver/mounriver_studio/toolchain/risc-v embedded gcc/bin/../lib/gcc/riscv-none-embed/8.2.0/../../../../riscv-none-embed/lib/rv32imac/ilp32\libm.a(lib_a-e_rem_pio2.o)
 .rodata.PIo2   0x0000000000016b08       0x40 c:/mounriver/mounriver_studio/toolchain/risc-v embedded gcc/bin/../lib/gcc/riscv-none-embed/8.2.0/../../../../riscv-none-embed/lib/rv32imac/ilp32\libm.a(lib_a-k_rem_pio2.o)
 .rodata.__kernel_rem_pio2.cst8
                0x0000000000016b48       0x20 c:/mounriver/mounriver_studio/toolchain/risc-v embedded gcc/bin/../lib/gcc/riscv-none-embed/8.2.0/../../../../riscv-none-embed/lib/rv32imac/ilp32\libm.a(lib_a-k_rem_pio2.o)
                                         0x38 (size before relaxing)
 .rodata.init_jk
                0x0000000000016b68       0x10 c:/mounriver/mounriver_studio/toolchain/risc-v embedded gcc/bin/../lib/gcc/riscv-none-embed/8.2.0/../../../../riscv-none-embed/lib/rv32imac/ilp32\libm.a(lib_a-k_rem_pio2.o)
 .rodata.__kernel_tan.cst8
                0x0000000000016b78       0x80 c:/mounriver/mounriver_studio/toolchain/risc-v embedded gcc/bin/../lib/gcc/riscv-none-embed/8.2.0/../../../../riscv-none-embed/lib/rv32imac/ilp32\libm.a(lib_a-k_tan.o)
                                         0x88 (size before relaxing)
 .rodata.floor.cst8
                0x0000000000016bf8        0x8 c:/mounriver/mounriver_studio/toolchain/risc-v embedded gcc/bin/../lib/gcc/riscv-none-embed/8.2.0/../../../../riscv-none-embed/lib/rv32imac/ilp32\libm.a(lib_a-s_floor.o)
 .rodata.scalbn.cst8
                0x0000000000016c00       0x18 c:/mounriver/mounriver_studio/toolchain/risc-v embedded gcc/bin/../lib/gcc/riscv-none-embed/8.2.0/../../../../riscv-none-embed/lib/rv32imac/ilp32\libm.a(lib_a-s_scalbn.o)
                                         0x20 (size before relaxing)
 .rodata.__divdf3
                0x0000000000016c18       0x40 c:/mounriver/mounriver_studio/toolchain/risc-v embedded gcc/bin/../lib/gcc/riscv-none-embed/8.2.0/rv32imac/ilp32\libgcc.a(divdf3.o)
 .rodata.__muldf3
                0x0000000000016c58       0x40 c:/mounriver/mounriver_studio/toolchain/risc-v embedded gcc/bin/../lib/gcc/riscv-none-embed/8.2.0/rv32imac/ilp32\libgcc.a(muldf3.o)
 .rodata.__divsf3
                0x0000000000016c98       0x80 c:/mounriver/mounriver_studio/toolchain/risc-v embedded gcc/bin/../lib/gcc/riscv-none-embed/8.2.0/rv32imac/ilp32\libgcc.a(divsf3.o)
 .rodata.__mulsf3
                0x0000000000016d18       0x40 c:/mounriver/mounriver_studio/toolchain/risc-v embedded gcc/bin/../lib/gcc/riscv-none-embed/8.2.0/rv32imac/ilp32\libgcc.a(mulsf3.o)
 .rodata.__clz_tab
                0x0000000000016d58      0x100 c:/mounriver/mounriver_studio/toolchain/risc-v embedded gcc/bin/../lib/gcc/riscv-none-embed/8.2.0/rv32imac/ilp32\libgcc.a(_clz.o)
                0x0000000000016d58                __clz_tab
 .rodata._printf_float.cst8
                0x0000000000016e58        0x8 c:/mounriver/mounriver_studio/toolchain/risc-v embedded gcc/bin/../lib/gcc/riscv-none-embed/8.2.0/../../../../riscv-none-embed/lib/rv32imac/ilp32\libg_nano.a(lib_a-nano-vfprintf_float.o)
 .rodata._printf_float.str1.4
                0x0000000000016e60       0x12 c:/mounriver/mounriver_studio/toolchain/risc-v embedded gcc/bin/../lib/gcc/riscv-none-embed/8.2.0/../../../../riscv-none-embed/lib/rv32imac/ilp32\libg_nano.a(lib_a-nano-vfprintf_float.o)
 *fill*         0x0000000000016e72        0x2 
 .rodata._printf_i.str1.4
                0x0000000000016e74       0x25 c:/mounriver/mounriver_studio/toolchain/risc-v embedded gcc/bin/../lib/gcc/riscv-none-embed/8.2.0/../../../../riscv-none-embed/lib/rv32imac/ilp32\libg_nano.a(lib_a-nano-vfprintf_i.o)
 *fill*         0x0000000000016e99        0x7 
 .rodata._dtoa_r.cst8
                0x0000000000016ea0       0x30 c:/mounriver/mounriver_studio/toolchain/risc-v embedded gcc/bin/../lib/gcc/riscv-none-embed/8.2.0/../../../../riscv-none-embed/lib/rv32imac/ilp32\libg_nano.a(lib_a-dtoa.o)
                                         0x48 (size before relaxing)
 .rodata._dtoa_r.str1.4
                0x0000000000016ed0       0x10 c:/mounriver/mounriver_studio/toolchain/risc-v embedded gcc/bin/../lib/gcc/riscv-none-embed/8.2.0/../../../../riscv-none-embed/lib/rv32imac/ilp32\libg_nano.a(lib_a-dtoa.o)
                                         0x12 (size before relaxing)
 .rodata.__sf_fake_stderr
                0x0000000000016ee0       0x20 c:/mounriver/mounriver_studio/toolchain/risc-v embedded gcc/bin/../lib/gcc/riscv-none-embed/8.2.0/../../../../riscv-none-embed/lib/rv32imac/ilp32\libg_nano.a(lib_a-findfp.o)
                0x0000000000016ee0                __sf_fake_stderr
 .rodata.__sf_fake_stdin
                0x0000000000016f00       0x20 c:/mounriver/mounriver_studio/toolchain/risc-v embedded gcc/bin/../lib/gcc/riscv-none-embed/8.2.0/../../../../riscv-none-embed/lib/rv32imac/ilp32\libg_nano.a(lib_a-findfp.o)
                0x0000000000016f00                __sf_fake_stdin
 .rodata.__sf_fake_stdout
                0x0000000000016f20       0x20 c:/mounriver/mounriver_studio/toolchain/risc-v embedded gcc/bin/../lib/gcc/riscv-none-embed/8.2.0/../../../../riscv-none-embed/lib/rv32imac/ilp32\libg_nano.a(lib_a-findfp.o)
                0x0000000000016f20                __sf_fake_stdout
 .rodata.__mprec_bigtens